Archive member included to satisfy reference by file (symbol)

d:/嵌入式技术app/ahl-gec-ide(4.11)/gcc/bin/../lib/gcc/arm-none-eabi/7.2.1/thumb/v6-m\libgcc.a(_udivsi3.o)
                              ./obj/uart.o (__aeabi_uidiv)
d:/嵌入式技术app/ahl-gec-ide(4.11)/gcc/bin/../lib/gcc/arm-none-eabi/7.2.1/thumb/v6-m\libgcc.a(_divsi3.o)
                              ./obj/spi.o (__aeabi_idiv)
d:/嵌入式技术app/ahl-gec-ide(4.11)/gcc/bin/../lib/gcc/arm-none-eabi/7.2.1/thumb/v6-m\libgcc.a(_dvmd_tls.o)
                              d:/嵌入式技术app/ahl-gec-ide(4.11)/gcc/bin/../lib/gcc/arm-none-eabi/7.2.1/thumb/v6-m\libgcc.a(_udivsi3.o) (__aeabi_idiv0)
d:/嵌入式技术app/ahl-gec-ide(4.11)/gcc/bin/../lib/gcc/arm-none-eabi/7.2.1/thumb/v6-m\libgcc.a(_arm_cmpdf2.o)
                              ./obj/NumToStr.o (__aeabi_dcmplt)
d:/嵌入式技术app/ahl-gec-ide(4.11)/gcc/bin/../lib/gcc/arm-none-eabi/7.2.1/thumb/v6-m\libgcc.a(_arm_cmpsf2.o)
                              ./obj/NumToStr.o (__aeabi_fcmplt)
d:/嵌入式技术app/ahl-gec-ide(4.11)/gcc/bin/../lib/gcc/arm-none-eabi/7.2.1/thumb/v6-m\libgcc.a(_aeabi_uldivmod.o)
                              ./obj/printf.o (__aeabi_uldivmod)
d:/嵌入式技术app/ahl-gec-ide(4.11)/gcc/bin/../lib/gcc/arm-none-eabi/7.2.1/thumb/v6-m\libgcc.a(_fixunsdfsi.o)
                              ./obj/printf.o (__aeabi_d2uiz)
d:/嵌入式技术app/ahl-gec-ide(4.11)/gcc/bin/../lib/gcc/arm-none-eabi/7.2.1/thumb/v6-m\libgcc.a(_fixunsdfdi.o)
                              ./obj/printf.o (__aeabi_d2ulz)
d:/嵌入式技术app/ahl-gec-ide(4.11)/gcc/bin/../lib/gcc/arm-none-eabi/7.2.1/thumb/v6-m\libgcc.a(_udivmoddi4.o)
                              d:/嵌入式技术app/ahl-gec-ide(4.11)/gcc/bin/../lib/gcc/arm-none-eabi/7.2.1/thumb/v6-m\libgcc.a(_aeabi_uldivmod.o) (__udivmoddi4)
d:/嵌入式技术app/ahl-gec-ide(4.11)/gcc/bin/../lib/gcc/arm-none-eabi/7.2.1/thumb/v6-m\libgcc.a(eqsf2.o)
                              d:/嵌入式技术app/ahl-gec-ide(4.11)/gcc/bin/../lib/gcc/arm-none-eabi/7.2.1/thumb/v6-m\libgcc.a(_arm_cmpsf2.o) (__eqsf2)
d:/嵌入式技术app/ahl-gec-ide(4.11)/gcc/bin/../lib/gcc/arm-none-eabi/7.2.1/thumb/v6-m\libgcc.a(gesf2.o)
                              d:/嵌入式技术app/ahl-gec-ide(4.11)/gcc/bin/../lib/gcc/arm-none-eabi/7.2.1/thumb/v6-m\libgcc.a(_arm_cmpsf2.o) (__gesf2)
d:/嵌入式技术app/ahl-gec-ide(4.11)/gcc/bin/../lib/gcc/arm-none-eabi/7.2.1/thumb/v6-m\libgcc.a(lesf2.o)
                              d:/嵌入式技术app/ahl-gec-ide(4.11)/gcc/bin/../lib/gcc/arm-none-eabi/7.2.1/thumb/v6-m\libgcc.a(_arm_cmpsf2.o) (__lesf2)
d:/嵌入式技术app/ahl-gec-ide(4.11)/gcc/bin/../lib/gcc/arm-none-eabi/7.2.1/thumb/v6-m\libgcc.a(mulsf3.o)
                              ./obj/NumToStr.o (__aeabi_fmul)
d:/嵌入式技术app/ahl-gec-ide(4.11)/gcc/bin/../lib/gcc/arm-none-eabi/7.2.1/thumb/v6-m\libgcc.a(subsf3.o)
                              ./obj/NumToStr.o (__aeabi_fsub)
d:/嵌入式技术app/ahl-gec-ide(4.11)/gcc/bin/../lib/gcc/arm-none-eabi/7.2.1/thumb/v6-m\libgcc.a(fixsfsi.o)
                              ./obj/NumToStr.o (__aeabi_f2iz)
d:/嵌入式技术app/ahl-gec-ide(4.11)/gcc/bin/../lib/gcc/arm-none-eabi/7.2.1/thumb/v6-m\libgcc.a(floatsisf.o)
                              ./obj/NumToStr.o (__aeabi_i2f)
d:/嵌入式技术app/ahl-gec-ide(4.11)/gcc/bin/../lib/gcc/arm-none-eabi/7.2.1/thumb/v6-m\libgcc.a(divdf3.o)
                              ./obj/adc.o (__aeabi_ddiv)
d:/嵌入式技术app/ahl-gec-ide(4.11)/gcc/bin/../lib/gcc/arm-none-eabi/7.2.1/thumb/v6-m\libgcc.a(eqdf2.o)
                              d:/嵌入式技术app/ahl-gec-ide(4.11)/gcc/bin/../lib/gcc/arm-none-eabi/7.2.1/thumb/v6-m\libgcc.a(_arm_cmpdf2.o) (__eqdf2)
d:/嵌入式技术app/ahl-gec-ide(4.11)/gcc/bin/../lib/gcc/arm-none-eabi/7.2.1/thumb/v6-m\libgcc.a(gedf2.o)
                              d:/嵌入式技术app/ahl-gec-ide(4.11)/gcc/bin/../lib/gcc/arm-none-eabi/7.2.1/thumb/v6-m\libgcc.a(_arm_cmpdf2.o) (__gedf2)
d:/嵌入式技术app/ahl-gec-ide(4.11)/gcc/bin/../lib/gcc/arm-none-eabi/7.2.1/thumb/v6-m\libgcc.a(ledf2.o)
                              d:/嵌入式技术app/ahl-gec-ide(4.11)/gcc/bin/../lib/gcc/arm-none-eabi/7.2.1/thumb/v6-m\libgcc.a(_arm_cmpdf2.o) (__ledf2)
d:/嵌入式技术app/ahl-gec-ide(4.11)/gcc/bin/../lib/gcc/arm-none-eabi/7.2.1/thumb/v6-m\libgcc.a(muldf3.o)
                              ./obj/adc.o (__aeabi_dmul)
d:/嵌入式技术app/ahl-gec-ide(4.11)/gcc/bin/../lib/gcc/arm-none-eabi/7.2.1/thumb/v6-m\libgcc.a(subdf3.o)
                              ./obj/adc.o (__aeabi_dsub)
d:/嵌入式技术app/ahl-gec-ide(4.11)/gcc/bin/../lib/gcc/arm-none-eabi/7.2.1/thumb/v6-m\libgcc.a(fixdfsi.o)
                              d:/嵌入式技术app/ahl-gec-ide(4.11)/gcc/bin/../lib/gcc/arm-none-eabi/7.2.1/thumb/v6-m\libgcc.a(_fixunsdfsi.o) (__aeabi_d2iz)
d:/嵌入式技术app/ahl-gec-ide(4.11)/gcc/bin/../lib/gcc/arm-none-eabi/7.2.1/thumb/v6-m\libgcc.a(floatsidf.o)
                              ./obj/adc.o (__aeabi_i2d)
d:/嵌入式技术app/ahl-gec-ide(4.11)/gcc/bin/../lib/gcc/arm-none-eabi/7.2.1/thumb/v6-m\libgcc.a(floatunsidf.o)
                              ./obj/printf.o (__aeabi_ui2d)
d:/嵌入式技术app/ahl-gec-ide(4.11)/gcc/bin/../lib/gcc/arm-none-eabi/7.2.1/thumb/v6-m\libgcc.a(extendsfdf2.o)
[...]
Memory Configuration

Name             Origin             Length             Attributes
m_interrupts     0x00006800         0x00000400         xr
m_flash_config   0x00006c00         0x00000010         xr
m_text           0x00006c10         0x00008ff0         xr
m_data           0x20000400         0x00001400         rw
*default*        0x00000000         0xffffffff

Linker script and memory map

LOAD d:/嵌入式技术app/ahl-gec-ide(4.11)/gcc/bin/../lib/gcc/arm-none-eabi/7.2.1/thumb/v6-m/crti.o
LOAD d:/嵌入式技术app/ahl-gec-ide(4.11)/gcc/bin/../lib/gcc/arm-none-eabi/7.2.1/thumb/v6-m/crtbegin.o
LOAD d:/嵌入式技术app/ahl-gec-ide(4.11)/gcc/bin/../lib/gcc/arm-none-eabi/7.2.1/../../../../arm-none-eabi/lib/thumb/v6-m/crt0.o
LOAD ./obj/adc.o
LOAD ./obj/i2c.o
LOAD ./obj/system_MKL36Z4.o
LOAD ./obj/tm1637.o
LOAD ./obj/main.o
LOAD ./obj/flash.o
LOAD ./obj/gpio.o
LOAD ./obj/wdog.o
LOAD ./obj/spi.o
LOAD ./obj/ws2812.o
LOAD ./obj/adlx345.o
LOAD ./obj/NumToStr.o
LOAD ./obj/gec.o
LOAD ./obj/uart.o
LOAD ./obj/lcd.o
LOAD ./obj/isr.o
LOAD ./obj/printf.o
LOAD ./obj/startup_MKL36Z4.o
LOAD d:/嵌入式技术app/ahl-gec-ide(4.11)/gcc/bin/../lib/gcc/arm-none-eabi/7.2.1/../../../../arm-none-eabi/lib/thumb/v6-m\libstdc++_nano.a
LOAD d:/嵌入式技术app/ahl-gec-ide(4.11)/gcc/bin/../lib/gcc/arm-none-eabi/7.2.1/../../../../arm-none-eabi/lib/thumb/v6-m\libm.a
START GROUP
LOAD d:/嵌入式技术app/ahl-gec-ide(4.11)/gcc/bin/../lib/gcc/arm-none-eabi/7.2.1/thumb/v6-m\libgcc.a
LOAD d:/嵌入式技术app/ahl-gec-ide(4.11)/gcc/bin/../lib/gcc/arm-none-eabi/7.2.1/../../../../arm-none-eabi/lib/thumb/v6-m\libg_nano.a
LOAD d:/嵌入式技术app/ahl-gec-ide(4.11)/gcc/bin/../lib/gcc/arm-none-eabi/7.2.1/../../../../arm-none-eabi/lib/thumb/v6-m\libc_nano.a
END GROUP
START GROUP
LOAD d:/嵌入式技术app/ahl-gec-ide(4.11)/gcc/bin/../lib/gcc/arm-none-eabi/7.2.1/thumb/v6-m\libgcc.a
LOAD d:/嵌入式技术app/ahl-gec-ide(4.11)/gcc/bin/../lib/gcc/arm-none-eabi/7.2.1/../../../../arm-none-eabi/lib/thumb/v6-m\libc_nano.a
LOAD d:/嵌入式技术app/ahl-gec-ide(4.11)/gcc/bin/../lib/gcc/arm-none-eabi/7.2.1/../../../../arm-none-eabi/lib/thumb/v6-m\libnosys.a
END GROUP
START GROUP
LOAD d:/嵌入式技术app/ahl-gec-ide(4.11)/gcc/bin/../lib/gcc/arm-none-eabi/7.2.1/thumb/v6-m\libgcc.a
LOAD d:/嵌入式技术app/ahl-gec-ide(4.11)/gcc/bin/../lib/gcc/arm-none-eabi/7.2.1/../../../../arm-none-eabi/lib/thumb/v6-m\libc_nano.a
LOAD d:/嵌入式技术app/ahl-gec-ide(4.11)/gcc/bin/../lib/gcc/arm-none-eabi/7.2.1/../../../../arm-none-eabi/lib/thumb/v6-m\libnosys.a
END GROUP
LOAD d:/嵌入式技术app/ahl-gec-ide(4.11)/gcc/bin/../lib/gcc/arm-none-eabi/7.2.1/thumb/v6-m/crtend.o
LOAD d:/嵌入式技术app/ahl-gec-ide(4.11)/gcc/bin/../lib/gcc/arm-none-eabi/7.2.1/thumb/v6-m/crtn.o
                0x00000200                HEAP_SIZE = DEFINED (__heap_size__)?__heap_size__:0x200
                0x00000100                STACK_SIZE = DEFINED (__stack_size__)?__stack_size__:0x100
                0x00000400                MCU_SECTORSIZE = 0x400
                0x00000000                MCU_FLASH_ADDR_START = 0x0
                0x0000001a                GEC_USER_SECTOR_START = 0x1a
                0x0000003e                GEC_USER_SECTOR_END = 0x3e
                0x20000400                GEC_USER_RAM_START = 0x20000400
                0x200017ff                GEC_USER_RAM_END = 0x200017ff

.interrupts     0x00006800       0xc0
                0x00006800                __VECTOR_TABLE = .
                0x00006800                . = ALIGN (0x4)
 *(.isr_vector)
 .isr_vector    0x00006800       0xc0 ./obj/startup_MKL36Z4.o
                0x00006800                __isr_vector
                0x000068c0                . = ALIGN (0x4)

.flash_config   0x00006c00       0x10
                0x00006c00                . = ALIGN (0x4)
 *(.FlashConfig)
 .FlashConfig   0x00006c00       0x10 ./obj/startup_MKL36Z4.o
                0x00006c10                . = ALIGN (0x4)

.text           0x00006c10     0x34e0
                0x00006c10                . = ALIGN (0x4)
 *(.text)
 .text          0x00006c10       0x48 d:/嵌入式技术app/ahl-gec-ide(4.11)/gcc/bin/../lib/gcc/arm-none-eabi/7.2.1/thumb/v6-m/crtbegin.o
 .text          0x00006c58       0x50 ./obj/startup_MKL36Z4.o
                0x00006c58                Reset_Handler
                0x00006ca0                HardFault_Handler
                0x00006ca0                SysTick_Handler
                0x00006ca0                PendSV_Handler
                0x00006ca0                NMI_Handler
                0x00006ca0                PORTC_PORTD_IRQHandler
                0x00006ca0                I2C1_IRQHandler
                0x00006ca0                UART1_IRQHandler
                0x00006ca0                DMA2_IRQHandler
                0x00006ca0                TPM0_IRQHandler
                0x00006ca0                I2S0_IRQHandler
                0x00006ca0                LLWU_IRQHandler
                0x00006ca0                TSI0_IRQHandler
                0x00006ca0                ADC0_IRQHandler
                0x00006ca0                SPI1_IRQHandler
                0x00006ca0                DefaultISR
                0x00006ca0                TPM2_IRQHandler
                0x00006ca0                RTC_IRQHandler
                0x00006ca0                I2C0_IRQHandler
                0x00006ca0                LCD_IRQHandler
                0x00006ca0                RTC_Seconds_IRQHandler
                0x00006ca0                MCG_IRQHandler
                0x00006ca0                UART2_IRQHandler
                0x00006ca0                Reserved20_IRQHandler
                0x00006ca0                PIT_IRQHandler
                0x00006ca0                SVC_Handler
                0x00006ca0                DMA3_IRQHandler
                0x00006ca0                DMA0_IRQHandler
                0x00006ca0                DAC0_IRQHandler
                0x00006ca0                TPM1_IRQHandler
                0x00006ca0                LVD_LVW_IRQHandler
                0x00006ca0                SPI0_IRQHandler
                0x00006ca0                PORTA_IRQHandler
                0x00006ca0                FTFA_IRQHandler
                0x00006ca0                Reserved40_IRQHandler
                0x00006ca0                LPTMR0_IRQHandler
                0x00006ca0                CMP0_IRQHandler
                0x00006ca0                DMA1_IRQHandler
 .text          0x00006ca8      0x114 d:/嵌入式技术app/ahl-gec-ide(4.11)/gcc/bin/../lib/gcc/arm-none-eabi/7.2.1/thumb/v6-m\libgcc.a(_udivsi3.o)
                0x00006ca8                __aeabi_uidiv
                0x00006ca8                __udivsi3
                0x00006db4                __aeabi_uidivmod
 .text          0x00006dbc      0x1d4 d:/嵌入式技术app/ahl-gec-ide(4.11)/gcc/bin/../lib/gcc/arm-none-eabi/7.2.1/thumb/v6-m\libgcc.a(_divsi3.o)
                0x00006dbc                __divsi3
                0x00006dbc                __aeabi_idiv
                0x00006f88                __aeabi_idivmod
 .text          0x00006f90        0x4 d:/嵌入式技术app/ahl-gec-ide(4.11)/gcc/bin/../lib/gcc/arm-none-eabi/7.2.1/thumb/v6-m\libgcc.a(_dvmd_tls.o)
                0x00006f90                __aeabi_idiv0
                0x00006f90                __aeabi_ldiv0
 .text          0x00006f94       0x7c d:/嵌入式技术app/ahl-gec-ide(4.11)/gcc/bin/../lib/gcc/arm-none-eabi/7.2.1/thumb/v6-m\libgcc.a(_arm_cmpdf2.o)
                0x00006f94                __aeabi_cdrcmple
                0x00006fa4                __aeabi_cdcmple
                0x00006fa4                __aeabi_cdcmpeq
                0x00006fb4                __aeabi_dcmpeq
                0x00006fc0                __aeabi_dcmplt
                0x00006fd4                __aeabi_dcmple
                0x00006fe8                __aeabi_dcmpgt
                0x00006ffc                __aeabi_dcmpge
 .text          0x00007010       0x40 d:/嵌入式技术app/ahl-gec-ide(4.11)/gcc/bin/../lib/gcc/arm-none-eabi/7.2.1/thumb/v6-m\libgcc.a(_aeabi_uldivmod.o)
                0x00007010                __aeabi_uldivmod
 .text          0x00007050       0x3c d:/嵌入式技术app/ahl-gec-ide(4.11)/gcc/bin/../lib/gcc/arm-none-eabi/7.2.1/thumb/v6-m\libgcc.a(_fixunsdfsi.o)
                0x00007050                __aeabi_d2uiz
                0x00007050                __fixunsdfsi
 .text          0x0000708c       0x3c d:/嵌入式技术app/ahl-gec-ide(4.11)/gcc/bin/../lib/gcc/arm-none-eabi/7.2.1/thumb/v6-m\libgcc.a(_fixunsdfdi.o)
                0x0000708c                __fixunsdfdi
                0x0000708c                __aeabi_d2ulz
 .text          0x000070c8      0x184 d:/嵌入式技术app/ahl-gec-ide(4.11)/gcc/bin/../lib/gcc/arm-none-eabi/7.2.1/thumb/v6-m\libgcc.a(_udivmoddi4.o)
                0x000070c8                __udivmoddi4
 .text          0x0000724c       0x78 d:/嵌入式技术app/ahl-gec-ide(4.11)/gcc/bin/../lib/gcc/arm-none-eabi/7.2.1/thumb/v6-m\libgcc.a(eqdf2.o)
                0x0000724c                __nedf2
                0x0000724c                __eqdf2
 .text          0x000072c4       0xc8 d:/嵌入式技术app/ahl-gec-ide(4.11)/gcc/bin/../lib/gcc/arm-none-eabi/7.2.1/thumb/v6-m\libgcc.a(gedf2.o)
                0x000072c4                __gedf2
                0x000072c4                __gtdf2
 .text          0x0000738c       0xd0 d:/嵌入式技术app/ahl-gec-ide(4.11)/gcc/bin/../lib/gcc/arm-none-eabi/7.2.1/thumb/v6-m\libgcc.a(ledf2.o)
                0x0000738c                __ledf2
                0x0000738c                __ltdf2
 .text          0x0000745c      0x4e4 d:/嵌入式技术app/ahl-gec-ide(4.11)/gcc/bin/../lib/gcc/arm-none-eabi/7.2.1/thumb/v6-m\libgcc.a(muldf3.o)
                0x0000745c                __aeabi_dmul
 .text          0x00007940      0x690 d:/嵌入式技术app/ahl-gec-ide(4.11)/gcc/bin/../lib/gcc/arm-none-eabi/7.2.1/thumb/v6-m\libgcc.a(subdf3.o)
                0x00007940                __aeabi_dsub
 .text          0x00007fd0       0x6c d:/嵌入式技术app/ahl-gec-ide(4.11)/gcc/bin/../lib/gcc/arm-none-eabi/7.2.1/thumb/v6-m\libgcc.a(fixdfsi.o)
                0x00007fd0                __aeabi_d2iz
 .text          0x0000803c       0x64 d:/嵌入式技术app/ahl-gec-ide(4.11)/gcc/bin/../lib/gcc/arm-none-eabi/7.2.1/thumb/v6-m\libgcc.a(floatunsidf.o)
                0x0000803c                __aeabi_ui2d
 .text          0x000080a0       0x3c d:/嵌入式技术app/ahl-gec-ide(4.11)/gcc/bin/../lib/gcc/arm-none-eabi/7.2.1/thumb/v6-m\libgcc.a(_clzsi2.o)
                0x000080a0                __clzsi2
 .text          0x000080dc       0x18 d:/嵌入式技术app/ahl-gec-ide(4.11)/gcc/bin/../lib/gcc/arm-none-eabi/7.2.1/thumb/v6-m\libgcc.a(_clzdi2.o)
                0x000080dc                __clzdi2
 .text          0x000080f4        0xe d:/嵌入式技术app/ahl-gec-ide(4.11)/gcc/bin/../lib/gcc/arm-none-eabi/7.2.1/../../../../arm-none-eabi/lib/thumb/v6-m\libg_nano.a(lib_a-strlen.o)
                0x000080f4                strlen
 *(.text*)
 *fill*         0x00008102        0x2 
 .text.SystemInit
                0x00008104       0xc4 ./obj/system_MKL36Z4.o
                0x00008104                SystemInit
 .text.Test_RAY_HUMAN
                0x000081c8      0x130 ./obj/main.o
                0x000081c8                Test_RAY_HUMAN
 .text.main     0x000082f8       0xac ./obj/main.o
                0x000082f8                main
 .text.flash_read_physical
                0x000083a4        0x8 ./obj/flash.o
                0x000083a4                flash_read_physical
 .text.flash_isempty
                0x000083ac       0x1e ./obj/flash.o
                0x000083ac                flash_isempty
 *fill*         0x000083ca        0x2 
 .text.flash_cmd_launch
                0x000083cc       0x44 ./obj/flash.o
                0x000083cc                flash_cmd_launch
 .text.flash_erase
                0x00008410       0x68 ./obj/flash.o
                0x00008410                flash_erase
 .text.flash_write_physical
                0x00008478       0x54 ./obj/flash.o
                0x00008478                flash_write_physical
 .text.gpio_get_port_pin
                0x000084cc        0x8 ./obj/gpio.o
                0x000084cc                gpio_get_port_pin
 .text.gpio_set
                0x000084d4       0x44 ./obj/gpio.o
                0x000084d4                gpio_set
 .text.gpio_init
                0x00008518       0x78 ./obj/gpio.o
                0x00008518                gpio_init
 .text.gpio_get
                0x00008590       0x30 ./obj/gpio.o
                0x00008590                gpio_get
 .text.gpio_pull
                0x000085c0       0x64 ./obj/gpio.o
                0x000085c0                gpio_pull
 .text.wdog_feed
                0x00008624       0x18 ./obj/wdog.o
                0x00008624                wdog_feed
 .text.spi_init
                0x0000863c      0x214 ./obj/spi.o
                0x0000863c                spi_init
 .text.spi_send1
                0x00008850       0x34 ./obj/spi.o
                0x00008850                spi_send1
 .text.Vectors_Init
                0x00008884       0x8c ./obj/gec.o
                0x00008884                Vectors_Init
 .text.uart_is_uartNo
                0x00008910        0xc ./obj/uart.o
                0x00008910                uart_is_uartNo
 .text.uart_send1
                0x0000891c       0x5c ./obj/uart.o
                0x0000891c                uart_send1
 .text.uart_re1
                0x00008978       0x68 ./obj/uart.o
                0x00008978                uart_re1
 .text.LCD_WR_DATA8
                0x000089e0       0x34 ./obj/lcd.o
                0x000089e0                LCD_WR_DATA8
 .text.LCD_WR_DATA
                0x00008a14       0x3c ./obj/lcd.o
                0x00008a14                LCD_WR_DATA
 .text.LCD_WR_REG
                0x00008a50       0x34 ./obj/lcd.o
                0x00008a50                LCD_WR_REG
 .text.LCD_WR_REG_DATA
                0x00008a84       0x10 ./obj/lcd.o
                0x00008a84                LCD_WR_REG_DATA
 .text.Address_set
                0x00008a94       0x4e ./obj/lcd.o
                0x00008a94                Address_set
 .text.LCD_Clear
                0x00008ae2       0x36 ./obj/lcd.o
                0x00008ae2                LCD_Clear
 .text.LCD_DrawPoint
                0x00008b18       0x14 ./obj/lcd.o
                0x00008b18                LCD_DrawPoint
 .text.LCD_DrawCircle
                0x00008b2c       0xfc ./obj/lcd.o
                0x00008b2c                LCD_DrawCircle
 .text.LCD_DrawLine
                0x00008c28       0xae ./obj/lcd.o
                0x00008c28                LCD_DrawLine
 .text.LCD_ShowCharactor
                0x00008cd6       0x50 ./obj/lcd.o
                0x00008cd6                LCD_ShowCharactor
 *fill*         0x00008d26        0x2 
 .text.LCD_ShowString
                0x00008d28      0x108 ./obj/lcd.o
                0x00008d28                LCD_ShowString
 .text.LCD_DrawSurface
                0x00008e30       0x3e ./obj/lcd.o
                0x00008e30                LCD_DrawSurface
 *fill*         0x00008e6e        0x2 
 .text.LCD_aotu
                0x00008e70      0x108 ./obj/lcd.o
                0x00008e70                LCD_aotu
 .text.LCD_Dly_ms
                0x00008f78       0x18 ./obj/lcd.o
                0x00008f78                LCD_Dly_ms
 .text.LCD_Init
                0x00008f90       0xb0 ./obj/lcd.o
                0x00008f90                LCD_Init
 .text.UART0_IRQHandler
                0x00009040       0x28 ./obj/isr.o
                0x00009040                UART0_IRQHandler
 .text.printk_putc
                0x00009068       0x2a ./obj/printf.o
 .text.printk_mknumstr
                0x00009092       0x84 ./obj/printf.o
 .text.printk_pad_zero
                0x00009116       0x1e ./obj/printf.o
 .text.printk_pad_space
                0x00009134       0x1e ./obj/printf.o
 .text.out_char
                0x00009152        0xc ./obj/printf.o
                0x00009152                out_char
 *fill*         0x0000915e        0x2 
 .text.printk_mkfloatstr
                0x00009160      0x188 ./obj/printf.o
                0x00009160                printk_mkfloatstr
 .text.printk   0x000092e8      0x560 ./obj/printf.o
                0x000092e8                printk
 .text.myprintf
                0x00009848       0x24 ./obj/printf.o
                0x00009848                myprintf
 .text.memcpy   0x0000986c       0x12 d:/嵌入式技术app/ahl-gec-ide(4.11)/gcc/bin/../lib/gcc/arm-none-eabi/7.2.1/../../../../arm-none-eabi/lib/thumb/v6-m\libg_nano.a(lib_a-memcpy-stub.o)
                0x0000986c                memcpy
 .text.memset   0x0000987e       0x10 d:/嵌入式技术app/ahl-gec-ide(4.11)/gcc/bin/../lib/gcc/arm-none-eabi/7.2.1/../../../../arm-none-eabi/lib/thumb/v6-m\libg_nano.a(lib_a-memset.o)
                0x0000987e                memset
 *(.rodata)
 *fill*         0x0000988e        0x2 
 .rodata        0x00009890       0x40 d:/嵌入式技术app/ahl-gec-ide(4.11)/gcc/bin/../lib/gcc/arm-none-eabi/7.2.1/thumb/v6-m\libgcc.a(muldf3.o)
 *(.rodata*)
 .rodata.Test_RAY_HUMAN.str1.4
                0x000098d0       0x2f ./obj/main.o
 *fill*         0x000098ff        0x1 
 .rodata.main.str1.4
                0x00009900       0x30 ./obj/main.o
 .rodata.GPIO_ARR
                0x00009930       0x14 ./obj/gpio.o
                0x00009930                GPIO_ARR
 .rodata.PORT_ARR
                0x00009944       0x14 ./obj/gpio.o
                0x00009944                PORT_ARR
 .rodata.Vectors_Init.str1.4
                0x00009958       0x48 ./obj/gec.o
 .rodata.UART_ARR
                0x000099a0        0x8 ./obj/uart.o
                0x000099a0                UART_ARR
 .rodata.GB_16  0x000099a8       0x66 ./obj/lcd.o
 *fill*         0x00009a0e        0x2 
 .rodata.nAsciiDot
                0x00009a10      0x600 ./obj/lcd.o
 .rodata.printk
                0x0000a010       0xc8 ./obj/printf.o
 *(.glue_7)
 .glue_7        0x0000a0d8        0x0 linker stubs
 *(.glue_7t)
 .glue_7t       0x0000a0d8        0x0 linker stubs
 *(.eh_frame)
 .eh_frame      0x0000a0d8        0x0 d:/嵌入式技术app/ahl-gec-ide(4.11)/gcc/bin/../lib/gcc/arm-none-eabi/7.2.1/thumb/v6-m/crtbegin.o
 *(.init)
 .init          0x0000a0d8        0x4 d:/嵌入式技术app/ahl-gec-ide(4.11)/gcc/bin/../lib/gcc/arm-none-eabi/7.2.1/thumb/v6-m/crti.o
                0x0000a0d8                _init
 .init          0x0000a0dc        0x8 d:/嵌入式技术app/ahl-gec-ide(4.11)/gcc/bin/../lib/gcc/arm-none-eabi/7.2.1/thumb/v6-m/crtn.o
 *(.fini)
 .fini          0x0000a0e4        0x4 d:/嵌入式技术app/ahl-gec-ide(4.11)/gcc/bin/../lib/gcc/arm-none-eabi/7.2.1/thumb/v6-m/crti.o
                0x0000a0e4                _fini
 .fini          0x0000a0e8        0x8 d:/嵌入式技术app/ahl-gec-ide(4.11)/gcc/bin/../lib/gcc/arm-none-eabi/7.2.1/thumb/v6-m/crtn.o
                0x0000a0f0                . = ALIGN (0x4)

.vfp11_veneer   0x0000a0f0        0x0
 .vfp11_veneer  0x0000a0f0        0x0 linker stubs

.v4_bx          0x0000a0f0        0x0
 .v4_bx         0x0000a0f0        0x0 linker stubs

.iplt           0x0000a0f0        0x0
 .iplt          0x0000a0f0        0x0 d:/嵌入式技术app/ahl-gec-ide(4.11)/gcc/bin/../lib/gcc/arm-none-eabi/7.2.1/thumb/v6-m/crtbegin.o

.ARM.extab
 *(.ARM.extab* .gnu.linkonce.armextab.*)

.ARM            0x0000a0f0        0x8
                0x0000a0f0                __exidx_start = .
 *(.ARM.exidx*)
 .ARM.exidx     0x0000a0f0        0x8 d:/嵌入式技术app/ahl-gec-ide(4.11)/gcc/bin/../lib/gcc/arm-none-eabi/7.2.1/thumb/v6-m\libgcc.a(_udivmoddi4.o)
                0x0000a0f8                __exidx_end = .

.rel.dyn        0x0000a0f8        0x0
 .rel.iplt      0x0000a0f8        0x0 d:/嵌入式技术app/ahl-gec-ide(4.11)/gcc/bin/../lib/gcc/arm-none-eabi/7.2.1/thumb/v6-m/crtbegin.o

.ctors          0x0000a0f8        0x0
                0x0000a0f8                __CTOR_LIST__ = .
 *crtbegin.o(.ctors)
 *crtbegin?.o(.ctors)
 *(EXCLUDE_FILE(*crtend.o *crtend?.o) .ctors)
 *(SORT_BY_NAME(.ctors.*))
 *(.ctors)
                0x0000a0f8                __CTOR_END__ = .

.dtors          0x0000a0f8        0x0
                0x0000a0f8                __DTOR_LIST__ = .
 *crtbegin.o(.dtors)
 *crtbegin?.o(.dtors)
 *(EXCLUDE_FILE(*crtend.o *crtend?.o) .dtors)
 *(SORT_BY_NAME(.dtors.*))
 *(.dtors)
                0x0000a0f8                __DTOR_END__ = .

.preinit_array  0x0000a0f8        0x0
                0x0000a0f8                PROVIDE (__preinit_array_start, .)
 *(.preinit_array*)
                0x0000a0f8                PROVIDE (__preinit_array_end, .)

.init_array     0x0000a0f8        0x4
                0x0000a0f8                PROVIDE (__init_array_start, .)
 *(SORT_BY_NAME(.init_array.*))
 *(.init_array*)
 .init_array    0x0000a0f8        0x4 d:/嵌入式技术app/ahl-gec-ide(4.11)/gcc/bin/../lib/gcc/arm-none-eabi/7.2.1/thumb/v6-m/crtbegin.o
                0x0000a0fc                PROVIDE (__init_array_end, .)

.fini_array     0x0000a0fc        0x4
                [!provide]                PROVIDE (__fini_array_start, .)
 *(SORT_BY_NAME(.fini_array.*))
 *(.fini_array*)
 .fini_array    0x0000a0fc        0x4 d:/嵌入式技术app/ahl-gec-ide(4.11)/gcc/bin/../lib/gcc/arm-none-eabi/7.2.1/thumb/v6-m/crtbegin.o
                [!provide]                PROVIDE (__fini_array_end, .)
                0x0000a100                __etext = .
                0x0000a100                __DATA_ROM = .

.mtb            0x20000400        0x0
                0x20000400                . = ALIGN (0x8)
                0x20000400                _mtb_start = .
 *(.mtb_buf)
                0x20000400                . = ALIGN (0x8)
                0x20000400                _mtb_end = .

.data           0x20000400        0x0 load address 0x0000a100
                0x20000400                . = ALIGN (0x4)
                0x20000400                __DATA_RAM = .
                0x20000400                __data_start__ = .
 *(.data)
 *(.data*)
 *(.jcr*)
                0x20000400                . = ALIGN (0x4)
                0x20000400                __data_end__ = .
                0x0000a100                __DATA_END = (__DATA_ROM + (__data_end__ - __data_start__))

.igot.plt       0x20000400        0x0
 .igot.plt      0x20000400        0x0 d:/嵌入式技术app/ahl-gec-ide(4.11)/gcc/bin/../lib/gcc/arm-none-eabi/7.2.1/thumb/v6-m/crtbegin.o

.bss            0x20000400       0x24
                0x20000400                . = ALIGN (0x4)
                0x20000400                __START_BSS = .
                0x20000400                __bss_start__ = .
 *(.bss)
 .bss           0x20000400       0x1c d:/嵌入式技术app/ahl-gec-ide(4.11)/gcc/bin/../lib/gcc/arm-none-eabi/7.2.1/thumb/v6-m/crtbegin.o
 *(.bss*)
 *(COMMON)
 COMMON         0x2000041c        0x8 ./obj/tm1637.o
                0x2000041c                DIO_PIN
                0x2000041e                CLK_PIN
                0x20000420                component_fun
                0x20000424                . = ALIGN (0x4)
                0x20000424                __bss_end__ = .
                0x20000424                __END_BSS = .

.heap           0x20000424      0x204
                0x20000428                . = ALIGN (0x8)
 *fill*         0x20000424        0x4 
                0x20000428                __end__ = .
                [!provide]                PROVIDE (end, .)
                0x20000428                __HeapBase = .
                0x20000628                . = (. + HEAP_SIZE)
 *fill*         0x20000428      0x200 
                0x20000628                __HeapLimit = .

.stack          0x20000628      0x100
                0x20000628                . = ALIGN (0x8)
                0x20000728                . = (. + STACK_SIZE)
 *fill*         0x20000628      0x100 
                0x20001800                __StackTop = (ORIGIN (m_data) + LENGTH (m_data))
                0x20001700                __StackLimit = (__StackTop - STACK_SIZE)
                0x20001800                PROVIDE (__stack, __StackTop)

.ARM.attributes
                0x00000000       0x28
 *(.ARM.attributes)
 .ARM.attributes
                0x00000000       0x1e d:/嵌入式技术app/ahl-gec-ide(4.11)/gcc/bin/../lib/gcc/arm-none-eabi/7.2.1/thumb/v6-m/crti.o
 .ARM.attributes
                0x0000001e       0x2c d:/嵌入式技术app/ahl-gec-ide(4.11)/gcc/bin/../lib/gcc/arm-none-eabi/7.2.1/thumb/v6-m/crtbegin.o
 .ARM.attributes
                0x0000004a       0x32 ./obj/system_MKL36Z4.o
 .ARM.attributes
                0x0000007c       0x32 ./obj/tm1637.o
 .ARM.attributes
                0x000000ae       0x32 ./obj/main.o
 .ARM.attributes
                0x000000e0       0x32 ./obj/flash.o
 .ARM.attributes
                0x00000112       0x32 ./obj/gpio.o
 .ARM.attributes
                0x00000144       0x32 ./obj/wdog.o
 .ARM.attributes
                0x00000176       0x32 ./obj/spi.o
 .ARM.attributes
                0x000001a8       0x32 ./obj/gec.o
 .ARM.attributes
                0x000001da       0x32 ./obj/uart.o
 .ARM.attributes
                0x0000020c       0x32 ./obj/lcd.o
 .ARM.attributes
                0x0000023e       0x32 ./obj/isr.o
 .ARM.attributes
                0x00000270       0x32 ./obj/printf.o
 .ARM.attributes
                0x000002a2       0x1b ./obj/startup_MKL36Z4.o
 .ARM.attributes
                0x000002bd       0x1e d:/嵌入式技术app/ahl-gec-ide(4.11)/gcc/bin/../lib/gcc/arm-none-eabi/7.2.1/thumb/v6-m\libgcc.a(_udivsi3.o)
 .ARM.attributes
                0x000002db       0x1e d:/嵌入式技术app/ahl-gec-ide(4.11)/gcc/bin/../lib/gcc/arm-none-eabi/7.2.1/thumb/v6-m\libgcc.a(_divsi3.o)
 .ARM.attributes
                0x000002f9       0x1e d:/嵌入式技术app/ahl-gec-ide(4.11)/gcc/bin/../lib/gcc/arm-none-eabi/7.2.1/thumb/v6-m\libgcc.a(_dvmd_tls.o)
 .ARM.attributes
                0x00000317       0x1e d:/嵌入式技术app/ahl-gec-ide(4.11)/gcc/bin/../lib/gcc/arm-none-eabi/7.2.1/thumb/v6-m\libgcc.a(_arm_cmpdf2.o)
 .ARM.attributes
                0x00000335       0x1e d:/嵌入式技术app/ahl-gec-ide(4.11)/gcc/bin/../lib/gcc/arm-none-eabi/7.2.1/thumb/v6-m\libgcc.a(_aeabi_uldivmod.o)
 .ARM.attributes
                0x00000353       0x2c d:/嵌入式技术app/ahl-gec-ide(4.11)/gcc/bin/../lib/gcc/arm-none-eabi/7.2.1/thumb/v6-m\libgcc.a(_fixunsdfsi.o)
 .ARM.attributes
                0x0000037f       0x2c d:/嵌入式技术app/ahl-gec-ide(4.11)/gcc/bin/../lib/gcc/arm-none-eabi/7.2.1/thumb/v6-m\libgcc.a(_fixunsdfdi.o)
 .ARM.attributes
                0x000003ab       0x2c d:/嵌入式技术app/ahl-gec-ide(4.11)/gcc/bin/../lib/gcc/arm-none-eabi/7.2.1/thumb/v6-m\libgcc.a(_udivmoddi4.o)
 .ARM.attributes
                0x000003d7       0x2c d:/嵌入式技术app/ahl-gec-ide(4.11)/gcc/bin/../lib/gcc/arm-none-eabi/7.2.1/thumb/v6-m\libgcc.a(eqdf2.o)
 .ARM.attributes
                0x00000403       0x2c d:/嵌入式技术app/ahl-gec-ide(4.11)/gcc/bin/../lib/gcc/arm-none-eabi/7.2.1/thumb/v6-m\libgcc.a(gedf2.o)
 .ARM.attributes
                0x0000042f       0x2c d:/嵌入式技术app/ahl-gec-ide(4.11)/gcc/bin/../lib/gcc/arm-none-eabi/7.2.1/thumb/v6-m\libgcc.a(ledf2.o)
 .ARM.attributes
                0x0000045b       0x2c d:/嵌入式技术app/ahl-gec-ide(4.11)/gcc/bin/../lib/gcc/arm-none-eabi/7.2.1/thumb/v6-m\libgcc.a(muldf3.o)
 .ARM.attributes
                0x00000487       0x2c d:/嵌入式技术app/ahl-gec-ide(4.11)/gcc/bin/../lib/gcc/arm-none-eabi/7.2.1/thumb/v6-m\libgcc.a(subdf3.o)
 .ARM.attributes
                0x000004b3       0x2c d:/嵌入式技术app/ahl-gec-ide(4.11)/gcc/bin/../lib/gcc/arm-none-eabi/7.2.1/thumb/v6-m\libgcc.a(fixdfsi.o)
 .ARM.attributes
                0x000004df       0x2c d:/嵌入式技术app/ahl-gec-ide(4.11)/gcc/bin/../lib/gcc/arm-none-eabi/7.2.1/thumb/v6-m\libgcc.a(floatunsidf.o)
 .ARM.attributes
                0x0000050b       0x1e d:/嵌入式技术app/ahl-gec-ide(4.11)/gcc/bin/../lib/gcc/arm-none-eabi/7.2.1/thumb/v6-m\libgcc.a(_clzsi2.o)
 .ARM.attributes
                0x00000529       0x1e d:/嵌入式技术app/ahl-gec-ide(4.11)/gcc/bin/../lib/gcc/arm-none-eabi/7.2.1/thumb/v6-m\libgcc.a(_clzdi2.o)
 .ARM.attributes
                0x00000547       0x2c d:/嵌入式技术app/ahl-gec-ide(4.11)/gcc/bin/../lib/gcc/arm-none-eabi/7.2.1/../../../../arm-none-eabi/lib/thumb/v6-m\libg_nano.a(lib_a-memcpy-stub.o)
 .ARM.attributes
                0x00000573       0x2c d:/嵌入式技术app/ahl-gec-ide(4.11)/gcc/bin/../lib/gcc/arm-none-eabi/7.2.1/../../../../arm-none-eabi/lib/thumb/v6-m\libg_nano.a(lib_a-memset.o)
 .ARM.attributes
                0x0000059f       0x1c d:/嵌入式技术app/ahl-gec-ide(4.11)/gcc/bin/../lib/gcc/arm-none-eabi/7.2.1/../../../../arm-none-eabi/lib/thumb/v6-m\libg_nano.a(lib_a-strlen.o)
 .ARM.attributes
                0x000005bb       0x1e d:/嵌入式技术app/ahl-gec-ide(4.11)/gcc/bin/../lib/gcc/arm-none-eabi/7.2.1/thumb/v6-m/crtn.o
                0x00000001                ASSERT ((__StackLimit >= __HeapLimit), region m_data overflowed with stack and heap)
OUTPUT(21.elf elf32-littlearm)

.debug_info     0x00000000     0xd213
 .debug_info    0x00000000      0x402 ./obj/system_MKL36Z4.o
 .debug_info    0x00000402     0x1451 ./obj/tm1637.o
 .debug_info    0x00001853     0x1561 ./obj/main.o
 .debug_info    0x00002db4      0xf4b ./obj/flash.o
 .debug_info    0x00003cff     0x11e6 ./obj/gpio.o
 .debug_info    0x00004ee5      0xaf5 ./obj/wdog.o
 .debug_info    0x000059da     0x10d7 ./obj/spi.o
 .debug_info    0x00006ab1     0x11cc ./obj/gec.o
 .debug_info    0x00007c7d     0x13ea ./obj/uart.o
 .debug_info    0x00009067     0x1c77 ./obj/lcd.o
 .debug_info    0x0000acde     0x106f ./obj/isr.o
 .debug_info    0x0000bd4d     0x14a0 ./obj/printf.o
 .debug_info    0x0000d1ed       0x26 ./obj/startup_MKL36Z4.o

.debug_abbrev   0x00000000     0x206f
 .debug_abbrev  0x00000000       0xed ./obj/system_MKL36Z4.o
 .debug_abbrev  0x000000ed      0x289 ./obj/tm1637.o
 .debug_abbrev  0x00000376      0x29d ./obj/main.o
 .debug_abbrev  0x00000613      0x363 ./obj/flash.o
 .debug_abbrev  0x00000976      0x35a ./obj/gpio.o
 .debug_abbrev  0x00000cd0      0x204 ./obj/wdog.o
 .debug_abbrev  0x00000ed4      0x2fd ./obj/spi.o
 .debug_abbrev  0x000011d1      0x24b ./obj/gec.o
 .debug_abbrev  0x0000141c      0x399 ./obj/uart.o
 .debug_abbrev  0x000017b5      0x353 ./obj/lcd.o
 .debug_abbrev  0x00001b08      0x237 ./obj/isr.o
 .debug_abbrev  0x00001d3f      0x31c ./obj/printf.o
 .debug_abbrev  0x0000205b       0x14 ./obj/startup_MKL36Z4.o

.debug_aranges  0x00000000      0x3f0
 .debug_aranges
                0x00000000       0x20 ./obj/system_MKL36Z4.o
 .debug_aranges
                0x00000020       0x50 ./obj/tm1637.o
 .debug_aranges
                0x00000070       0x30 ./obj/main.o
 .debug_aranges
                0x000000a0       0x70 ./obj/flash.o
 .debug_aranges
                0x00000110       0x78 ./obj/gpio.o
 .debug_aranges
                0x00000188       0x30 ./obj/wdog.o
 .debug_aranges
                0x000001b8       0x50 ./obj/spi.o
 .debug_aranges
                0x00000208       0x20 ./obj/gec.o
 .debug_aranges
                0x00000228       0x70 ./obj/uart.o
 .debug_aranges
                0x00000298       0xc0 ./obj/lcd.o
 .debug_aranges
                0x00000358       0x20 ./obj/isr.o
 .debug_aranges
                0x00000378       0x58 ./obj/printf.o
 .debug_aranges
                0x000003d0       0x20 ./obj/startup_MKL36Z4.o

.debug_ranges   0x00000000      0x310
 .debug_ranges  0x00000000       0x10 ./obj/system_MKL36Z4.o
 .debug_ranges  0x00000010       0x40 ./obj/tm1637.o
 .debug_ranges  0x00000050       0x20 ./obj/main.o
 .debug_ranges  0x00000070       0x60 ./obj/flash.o
 .debug_ranges  0x000000d0       0x68 ./obj/gpio.o
 .debug_ranges  0x00000138       0x20 ./obj/wdog.o
 .debug_ranges  0x00000158       0x40 ./obj/spi.o
 .debug_ranges  0x00000198       0x10 ./obj/gec.o
 .debug_ranges  0x000001a8       0x60 ./obj/uart.o
 .debug_ranges  0x00000208       0xb0 ./obj/lcd.o
 .debug_ranges  0x000002b8       0x10 ./obj/isr.o
 .debug_ranges  0x000002c8       0x48 ./obj/printf.o

.debug_macro    0x00000000     0x1afb
 .debug_macro   0x00000000       0xa0 ./obj/system_MKL36Z4.o
 .debug_macro   0x000000a0       0x4b ./obj/system_MKL36Z4.o
 .debug_macro   0x000000eb      0x269 ./obj/tm1637.o
 .debug_macro   0x00000354       0x28 ./obj/tm1637.o
 .debug_macro   0x0000037c       0x9a ./obj/tm1637.o
 .debug_macro   0x00000416       0x6a ./obj/tm1637.o
 .debug_macro   0x00000480       0x58 ./obj/tm1637.o
 .debug_macro   0x000004d8       0x2e ./obj/tm1637.o
 .debug_macro   0x00000506       0x22 ./obj/tm1637.o
 .debug_macro   0x00000528       0x16 ./obj/tm1637.o
 .debug_macro   0x0000053e       0xce ./obj/tm1637.o
 .debug_macro   0x0000060c       0x94 ./obj/tm1637.o
 .debug_macro   0x000006a0       0xde ./obj/tm1637.o
 .debug_macro   0x0000077e       0x22 ./obj/tm1637.o
 .debug_macro   0x000007a0      0x26b ./obj/main.o
 .debug_macro   0x00000a0b      0x193 ./obj/flash.o
 .debug_macro   0x00000b9e       0x64 ./obj/flash.o
 .debug_macro   0x00000c02      0x193 ./obj/gpio.o
 .debug_macro   0x00000d95       0x52 ./obj/gpio.o
 .debug_macro   0x00000de7      0x193 ./obj/wdog.o
 .debug_macro   0x00000f7a       0x1c ./obj/wdog.o
 .debug_macro   0x00000f96      0x1a2 ./obj/spi.o
 .debug_macro   0x00001138      0x265 ./obj/gec.o
 .debug_macro   0x0000139d      0x193 ./obj/uart.o
 .debug_macro   0x00001530      0x1c4 ./obj/lcd.o
 .debug_macro   0x000016f4      0x265 ./obj/isr.o
 .debug_macro   0x00001959      0x1a2 ./obj/printf.o

.debug_line     0x00000000     0x3a28
 .debug_line    0x00000000      0x286 ./obj/system_MKL36Z4.o
 .debug_line    0x00000286      0x573 ./obj/tm1637.o
 .debug_line    0x000007f9      0x503 ./obj/main.o
 .debug_line    0x00000cfc      0x4e4 ./obj/flash.o
 .debug_line    0x000011e0      0x48a ./obj/gpio.o
 .debug_line    0x0000166a      0x385 ./obj/wdog.o
 .debug_line    0x000019ef      0x4a9 ./obj/spi.o
 .debug_line    0x00001e98      0x4b1 ./obj/gec.o
 .debug_line    0x00002349      0x503 ./obj/uart.o
 .debug_line    0x0000284c      0x6d1 ./obj/lcd.o
 .debug_line    0x00002f1d      0x4a8 ./obj/isr.o
 .debug_line    0x000033c5      0x5f5 ./obj/printf.o
 .debug_line    0x000039ba       0x6e ./obj/startup_MKL36Z4.o

.debug_str      0x00000000    0x4f727
 .debug_str     0x00000000    0x4a9ad ./obj/system_MKL36Z4.o
                              0x4adcd (size before relaxing)
 .debug_str     0x0004a9ad     0x4238 ./obj/tm1637.o
                              0x4efa6 (size before relaxing)
 .debug_str     0x0004ebe5       0xb5 ./obj/main.o
                              0x4efa6 (size before relaxing)
 .debug_str     0x0004ec9a      0x1e6 ./obj/flash.o
                              0x4e2bb (size before relaxing)
 .debug_str     0x0004ee80      0x350 ./obj/gpio.o
                              0x4e443 (size before relaxing)
 .debug_str     0x0004f1d0       0x29 ./obj/wdog.o
                              0x4e0f5 (size before relaxing)
 .debug_str     0x0004f1f9       0xce ./obj/spi.o
                              0x4e462 (size before relaxing)
 .debug_str     0x0004f2c7       0x51 ./obj/gec.o
                              0x4ef8f (size before relaxing)
 .debug_str     0x0004f318      0x11b ./obj/uart.o
                              0x4e469 (size before relaxing)
 .debug_str     0x0004f433      0x17e ./obj/lcd.o
                              0x4e55f (size before relaxing)
 .debug_str     0x0004f5b1        0xb ./obj/isr.o
                              0x4ef27 (size before relaxing)
 .debug_str     0x0004f5bc      0x145 ./obj/printf.o
                              0x4e436 (size before relaxing)
 .debug_str     0x0004f701       0x26 ./obj/startup_MKL36Z4.o
                                 0x49 (size before relaxing)

.comment        0x00000000       0x7e
 .comment       0x00000000       0x7e ./obj/system_MKL36Z4.o
                                 0x7f (size before relaxing)
 .comment       0x0000007e       0x7f ./obj/tm1637.o
 .comment       0x0000007e       0x7f ./obj/main.o
 .comment       0x0000007e       0x7f ./obj/flash.o
 .comment       0x0000007e       0x7f ./obj/gpio.o
 .comment       0x0000007e       0x7f ./obj/wdog.o
 .comment       0x0000007e       0x7f ./obj/spi.o
 .comment       0x0000007e       0x7f ./obj/gec.o
 .comment       0x0000007e       0x7f ./obj/uart.o
 .comment       0x0000007e       0x7f ./obj/lcd.o
 .comment       0x0000007e       0x7f ./obj/isr.o
 .comment       0x0000007e       0x7f ./obj/printf.o

.debug_frame    0x00000000      0xc24
 .debug_frame   0x00000000       0x20 ./obj/system_MKL36Z4.o
 .debug_frame   0x00000020       0xc0 ./obj/tm1637.o
 .debug_frame   0x000000e0       0x58 ./obj/main.o
 .debug_frame   0x00000138       0xf8 ./obj/flash.o
 .debug_frame   0x00000230      0x154 ./obj/gpio.o
 .debug_frame   0x00000384       0x40 ./obj/wdog.o
 .debug_frame   0x000003c4       0xa0 ./obj/spi.o
 .debug_frame   0x00000464       0x2c ./obj/gec.o
 .debug_frame   0x00000490      0x134 ./obj/uart.o
 .debug_frame   0x000005c4      0x294 ./obj/lcd.o
 .debug_frame   0x00000858       0x2c ./obj/isr.o
 .debug_frame   0x00000884      0x110 ./obj/printf.o
 .debug_frame   0x00000994       0x20 d:/嵌入式技术app/ahl-gec-ide(4.11)/gcc/bin/../lib/gcc/arm-none-eabi/7.2.1/thumb/v6-m\libgcc.a(_udivsi3.o)
 .debug_frame   0x000009b4       0x20 d:/嵌入式技术app/ahl-gec-ide(4.11)/gcc/bin/../lib/gcc/arm-none-eabi/7.2.1/thumb/v6-m\libgcc.a(_divsi3.o)
 .debug_frame   0x000009d4       0x2c d:/嵌入式技术app/ahl-gec-ide(4.11)/gcc/bin/../lib/gcc/arm-none-eabi/7.2.1/thumb/v6-m\libgcc.a(_fixunsdfsi.o)
 .debug_frame   0x00000a00       0x2c d:/嵌入式技术app/ahl-gec-ide(4.11)/gcc/bin/../lib/gcc/arm-none-eabi/7.2.1/thumb/v6-m\libgcc.a(_fixunsdfdi.o)
 .debug_frame   0x00000a2c       0x3c d:/嵌入式技术app/ahl-gec-ide(4.11)/gcc/bin/../lib/gcc/arm-none-eabi/7.2.1/thumb/v6-m\libgcc.a(_udivmoddi4.o)
 .debug_frame   0x00000a68       0x38 d:/嵌入式技术app/ahl-gec-ide(4.11)/gcc/bin/../lib/gcc/arm-none-eabi/7.2.1/thumb/v6-m\libgcc.a(eqdf2.o)
 .debug_frame   0x00000aa0       0x38 d:/嵌入式技术app/ahl-gec-ide(4.11)/gcc/bin/../lib/gcc/arm-none-eabi/7.2.1/thumb/v6-m\libgcc.a(gedf2.o)
 .debug_frame   0x00000ad8       0x38 d:/嵌入式技术app/ahl-gec-ide(4.11)/gcc/bin/../lib/gcc/arm-none-eabi/7.2.1/thumb/v6-m\libgcc.a(ledf2.o)
 .debug_frame   0x00000b10       0x3c d:/嵌入式技术app/ahl-gec-ide(4.11)/gcc/bin/../lib/gcc/arm-none-eabi/7.2.1/thumb/v6-m\libgcc.a(muldf3.o)
 .debug_frame   0x00000b4c       0x3c d:/嵌入式技术app/ahl-gec-ide(4.11)/gcc/bin/../lib/gcc/arm-none-eabi/7.2.1/thumb/v6-m\libgcc.a(subdf3.o)
 .debug_frame   0x00000b88       0x2c d:/嵌入式技术app/ahl-gec-ide(4.11)/gcc/bin/../lib/gcc/arm-none-eabi/7.2.1/thumb/v6-m\libgcc.a(fixdfsi.o)
 .debug_frame   0x00000bb4       0x28 d:/嵌入式技术app/ahl-gec-ide(4.11)/gcc/bin/../lib/gcc/arm-none-eabi/7.2.1/thumb/v6-m\libgcc.a(floatunsidf.o)
 .debug_frame   0x00000bdc       0x28 d:/嵌入式技术app/ahl-gec-ide(4.11)/gcc/bin/../lib/gcc/arm-none-eabi/7.2.1/../../../../arm-none-eabi/lib/thumb/v6-m\libg_nano.a(lib_a-memcpy-stub.o)
 .debug_frame   0x00000c04       0x20 d:/嵌入式技术app/ahl-gec-ide(4.11)/gcc/bin/../lib/gcc/arm-none-eabi/7.2.1/../../../../arm-none-eabi/lib/thumb/v6-m\libg_nano.a(lib_a-memset.o)

.debug_loc      0x00000000     0x34c0
 .debug_loc     0x00000000      0x1d7 ./obj/tm1637.o
 .debug_loc     0x000001d7       0x4a ./obj/main.o
 .debug_loc     0x00000221      0x63b ./obj/flash.o
 .debug_loc     0x0000085c      0x336 ./obj/gpio.o
 .debug_loc     0x00000b92       0x53 ./obj/wdog.o
 .debug_loc     0x00000be5      0x3e2 ./obj/spi.o
 .debug_loc     0x00000fc7       0x14 ./obj/gec.o
 .debug_loc     0x00000fdb      0x58a ./obj/uart.o
 .debug_loc     0x00001565      0xd13 ./obj/lcd.o
 .debug_loc     0x00002278       0x1e ./obj/isr.o
 .debug_loc     0x00002296     0x122a ./obj/printf.o
