Archive member included to satisfy reference by file (symbol)

d:/嵌入式技术app/ahl-gec-ide(4.11)/gcc/bin/../lib/gcc/arm-none-eabi/7.2.1/thumb/v6-m\libgcc.a(_udivsi3.o)
                              ./obj/systick.o (__aeabi_uidiv)
d:/嵌入式技术app/ahl-gec-ide(4.11)/gcc/bin/../lib/gcc/arm-none-eabi/7.2.1/thumb/v6-m\libgcc.a(_divsi3.o)
                              ./obj/printf.o (__aeabi_idiv)
d:/嵌入式技术app/ahl-gec-ide(4.11)/gcc/bin/../lib/gcc/arm-none-eabi/7.2.1/thumb/v6-m\libgcc.a(_dvmd_tls.o)
                              d:/嵌入式技术app/ahl-gec-ide(4.11)/gcc/bin/../lib/gcc/arm-none-eabi/7.2.1/thumb/v6-m\libgcc.a(_udivsi3.o) (__aeabi_idiv0)
d:/嵌入式技术app/ahl-gec-ide(4.11)/gcc/bin/../lib/gcc/arm-none-eabi/7.2.1/thumb/v6-m\libgcc.a(_arm_cmpdf2.o)
                              ./obj/printf.o (__aeabi_dcmplt)
d:/嵌入式技术app/ahl-gec-ide(4.11)/gcc/bin/../lib/gcc/arm-none-eabi/7.2.1/thumb/v6-m\libgcc.a(_aeabi_uldivmod.o)
                              ./obj/printf.o (__aeabi_uldivmod)
d:/嵌入式技术app/ahl-gec-ide(4.11)/gcc/bin/../lib/gcc/arm-none-eabi/7.2.1/thumb/v6-m\libgcc.a(_fixunsdfsi.o)
                              ./obj/printf.o (__aeabi_d2uiz)
d:/嵌入式技术app/ahl-gec-ide(4.11)/gcc/bin/../lib/gcc/arm-none-eabi/7.2.1/thumb/v6-m\libgcc.a(_fixunsdfdi.o)
                              ./obj/printf.o (__aeabi_d2ulz)
d:/嵌入式技术app/ahl-gec-ide(4.11)/gcc/bin/../lib/gcc/arm-none-eabi/7.2.1/thumb/v6-m\libgcc.a(_udivmoddi4.o)
                              d:/嵌入式技术app/ahl-gec-ide(4.11)/gcc/bin/../lib/gcc/arm-none-eabi/7.2.1/thumb/v6-m\libgcc.a(_aeabi_uldivmod.o) (__udivmoddi4)
d:/嵌入式技术app/ahl-gec-ide(4.11)/gcc/bin/../lib/gcc/arm-none-eabi/7.2.1/thumb/v6-m\libgcc.a(eqdf2.o)
                              d:/嵌入式技术app/ahl-gec-ide(4.11)/gcc/bin/../lib/gcc/arm-none-eabi/7.2.1/thumb/v6-m\libgcc.a(_arm_cmpdf2.o) (__eqdf2)
d:/嵌入式技术app/ahl-gec-ide(4.11)/gcc/bin/../lib/gcc/arm-none-eabi/7.2.1/thumb/v6-m\libgcc.a(gedf2.o)
                              d:/嵌入式技术app/ahl-gec-ide(4.11)/gcc/bin/../lib/gcc/arm-none-eabi/7.2.1/thumb/v6-m\libgcc.a(_arm_cmpdf2.o) (__gedf2)
d:/嵌入式技术app/ahl-gec-ide(4.11)/gcc/bin/../lib/gcc/arm-none-eabi/7.2.1/thumb/v6-m\libgcc.a(ledf2.o)
                              d:/嵌入式技术app/ahl-gec-ide(4.11)/gcc/bin/../lib/gcc/arm-none-eabi/7.2.1/thumb/v6-m\libgcc.a(_arm_cmpdf2.o) (__ledf2)
d:/嵌入式技术app/ahl-gec-ide(4.11)/gcc/bin/../lib/gcc/arm-none-eabi/7.2.1/thumb/v6-m\libgcc.a(muldf3.o)
                              ./obj/printf.o (__aeabi_dmul)
d:/嵌入式技术app/ahl-gec-ide(4.11)/gcc/bin/../lib/gcc/arm-none-eabi/7.2.1/thumb/v6-m\libgcc.a(subdf3.o)
                              ./obj/printf.o (__aeabi_dsub)
d:/嵌入式技术app/ahl-gec-ide(4.11)/gcc/bin/../lib/gcc/arm-none-eabi/7.2.1/thumb/v6-m\libgcc.a(fixdfsi.o)
                              d:/嵌入式技术app/ahl-gec-ide(4.11)/gcc/bin/../lib/gcc/arm-none-eabi/7.2.1/thumb/v6-m\libgcc.a(_fixunsdfsi.o) (__aeabi_d2iz)
d:/嵌入式技术app/ahl-gec-ide(4.11)/gcc/bin/../lib/gcc/arm-none-eabi/7.2.1/thumb/v6-m\libgcc.a(floatunsidf.o)
                              ./obj/printf.o (__aeabi_ui2d)
d:/嵌入式技术app/ahl-gec-ide(4.11)/gcc/bin/../lib/gcc/arm-none-eabi/7.2.1/thumb/v6-m\libgcc.a(_clzsi2.o)
                              d:/嵌入式技术app/ahl-gec-ide(4.11)/gcc/bin/../lib/gcc/arm-none-eabi/7.2.1/thumb/v6-m\libgcc.a(muldf3.o) (__clzsi2)
d:/嵌入式技术app/ahl-gec-ide(4.11)/gcc/bin/../lib/gcc/arm-none-eabi/7.2.1/thumb/v6-m\libgcc.a(_clzdi2.o)
                              d:/嵌入式技术app/ahl-gec-ide(4.11)/gcc/bin/../lib/gcc/arm-none-eabi/7.2.1/thumb/v6-m\libgcc.a(_udivmoddi4.o) (__clzdi2)
d:/嵌入式技术app/ahl-gec-ide(4.11)/gcc/bin/../lib/gcc/arm-none-eabi/7.2.1/../../../../arm-none-eabi/lib/thumb/v6-m\libg_nano.a(lib_a-exit.o)
                              d:/嵌入式技术app/ahl-gec-ide(4.11)/gcc/bin/../lib/gcc/arm-none-eabi/7.2.1/../../../../arm-none-eabi/lib/thumb/v6-m/crt0.o (exit)
d:/嵌入式技术app/ahl-gec-ide(4.11)/gcc/bin/../lib/gcc/arm-none-eabi/7.2.1/../../../../arm-none-eabi/lib/thumb/v6-m\libg_nano.a(lib_a-impure.o)
                              d:/嵌入式技术app/ahl-gec-ide(4.11)/gcc/bin/../lib/gcc/arm-none-eabi/7.2.1/../../../../arm-none-eabi/lib/thumb/v6-m\libg_nano.a(lib_a-exit.o) (_global_impure_ptr)
d:/嵌入式技术app/ahl-gec-ide(4.11)/gcc/bin/../lib/gcc/arm-none-eabi/7.2.1/../../../../arm-none-eabi/lib/thumb/v6-m\libg_nano.a(lib_a-init.o)
                              d:/嵌入式技术app/ahl-gec-ide(4.11)/gcc/bin/../lib/gcc/arm-none-eabi/7.2.1/../../../../arm-none-eabi/lib/thumb/v6-m/crt0.o (__libc_init_array)
d:/嵌入式技术app/ahl-gec-ide(4.11)/gcc/bin/../lib/gcc/arm-none-eabi/7.2.1/../../../../arm-none-eabi/lib/thumb/v6-m\libg_nano.a(lib_a-memcpy-stub.o)
                              ./obj/flash.o (memcpy)
d:/嵌入式技术app/ahl-gec-ide(4.11)/gcc/bin/../lib/gcc/arm-none-eabi/7.2.1/../../../../arm-none-eabi/lib/thumb/v6-m\libg_nano.a(lib_a-memset.o)
                              d:/嵌入式技术app/ahl-gec-ide(4.11)/gcc/bin/../lib/gcc/arm-none-eabi/7.2.1/../../../../arm-none-eabi/lib/thumb/v6-m/crt0.o (memset)
d:/嵌入式技术app/ahl-gec-ide(4.11)/gcc/bin/../lib/gcc/arm-none-eabi/7.2.1/../../../../arm-none-eabi/lib/thumb/v6-m\libg_nano.a(lib_a-strcmp.o)
                              ./obj/emuart.o (strcmp)
d:/嵌入式技术app/ahl-gec-ide(4.11)/gcc/bin/../lib/gcc/arm-none-eabi/7.2.1/../../../../arm-none-eabi/lib/thumb/v6-m\libg_nano.a(lib_a-strlen.o)
                              ./obj/printf.o (strlen)
d:/嵌入式技术app/ahl-gec-ide(4.11)/gcc/bin/../lib/gcc/arm-none-eabi/7.2.1/../../../../arm-none-eabi/lib/thumb/v6-m\libnosys.a(_exit.o)
                              d:/嵌入式技术app/ahl-gec-ide(4.11)/gcc/bin/../lib/gcc/arm-none-eabi/7.2.1/../../../../arm-none-eabi/lib/thumb/v6-m\libg_nano.a(lib_a-exit.o) (_exit)

Allocating common symbols
Common symbol       size              file

gTime               0x3               ./obj/main.o
component_fun       0x4               ./obj/main.o
gcRecvLen           0x1               ./obj/main.o
gcRecvBuf           0x400             ./obj/main.o

Discarded input sections

 .text          0x00000000        0x0 d:/嵌入式技术app/ahl-gec-ide(4.11)/gcc/bin/../lib/gcc/arm-none-eabi/7.2.1/thumb/v6-m/crti.o
 .data          0x00000000        0x0 d:/嵌入式技术app/ahl-gec-ide(4.11)/gcc/bin/../lib/gcc/arm-none-eabi/7.2.1/thumb/v6-m/crti.o
 .bss           0x00000000        0x0 d:/嵌入式技术app/ahl-gec-ide(4.11)/gcc/bin/../lib/gcc/arm-none-eabi/7.2.1/thumb/v6-m/crti.o
 .data          0x00000000        0x4 d:/嵌入式技术app/ahl-gec-ide(4.11)/gcc/bin/../lib/gcc/arm-none-eabi/7.2.1/thumb/v6-m/crtbegin.o
 .text          0x00000000       0x78 d:/嵌入式技术app/ahl-gec-ide(4.11)/gcc/bin/../lib/gcc/arm-none-eabi/7.2.1/../../../../arm-none-eabi/lib/thumb/v6-m/crt0.o
 .data          0x00000000        0x0 d:/嵌入式技术app/ahl-gec-ide(4.11)/gcc/bin/../lib/gcc/arm-none-eabi/7.2.1/../../../../arm-none-eabi/lib/thumb/v6-m/crt0.o
 .bss           0x00000000        0x0 d:/嵌入式技术app/ahl-gec-ide(4.11)/gcc/bin/../lib/gcc/arm-none-eabi/7.2.1/../../../../arm-none-eabi/lib/thumb/v6-m/crt0.o
 .ARM.extab     0x00000000        0x0 d:/嵌入式技术app/ahl-gec-ide(4.11)/gcc/bin/../lib/gcc/arm-none-eabi/7.2.1/../../../../arm-none-eabi/lib/thumb/v6-m/crt0.o
 .ARM.exidx     0x00000000        0x8 d:/嵌入式技术app/ahl-gec-ide(4.11)/gcc/bin/../lib/gcc/arm-none-eabi/7.2.1/../../../../arm-none-eabi/lib/thumb/v6-m/crt0.o
 .ARM.attributes
                0x00000000       0x1b d:/嵌入式技术app/ahl-gec-ide(4.11)/gcc/bin/../lib/gcc/arm-none-eabi/7.2.1/../../../../arm-none-eabi/lib/thumb/v6-m/crt0.o
 .group         0x00000000        0xc ./obj/emuart.o
 .group         0x00000000        0xc ./obj/emuart.o
 .group         0x00000000        0xc ./obj/emuart.o
 .group         0x00000000        0xc ./obj/emuart.o
 .group         0x00000000        0xc ./obj/emuart.o
 .group         0x00000000        0xc ./obj/emuart.o
 .group         0x00000000        0xc ./obj/emuart.o
 .group         0x00000000        0xc ./obj/emuart.o
 .group         0x00000000        0xc ./obj/emuart.o
 .group         0x00000000        0xc ./obj/emuart.o
 .group         0x00000000        0xc ./obj/emuart.o
 .group         0x00000000        0xc ./obj/emuart.o
 .group         0x00000000        0xc ./obj/emuart.o
 .group         0x00000000        0xc ./obj/emuart.o
 .group         0x00000000        0xc ./obj/emuart.o
 .group         0x00000000        0xc ./obj/emuart.o
 .group         0x00000000        0xc ./obj/emuart.o
 .group         0x00000000        0xc ./obj/emuart.o
 .group         0x00000000        0xc ./obj/emuart.o
 .group         0x00000000        0xc ./obj/emuart.o
 .group         0x00000000        0xc ./obj/emuart.o
 .group         0x00000000        0xc ./obj/emuart.o
 .group         0x00000000        0xc ./obj/emuart.o
 .group         0x00000000        0xc ./obj/emuart.o
 .group         0x00000000        0xc ./obj/emuart.o
 .group         0x00000000        0xc ./obj/emuart.o
 .group         0x00000000        0xc ./obj/emuart.o
 .group         0x00000000        0xc ./obj/emuart.o
 .group         0x00000000        0xc ./obj/emuart.o
 .text          0x00000000        0x0 ./obj/emuart.o
 .data          0x00000000        0x0 ./obj/emuart.o
 .bss           0x00000000        0x0 ./obj/emuart.o
 .text.emuart_init
                0x00000000       0x18 ./obj/emuart.o
 .text.crc16    0x00000000       0x40 ./obj/emuart.o
 .text.sendFrame
                0x00000000       0x64 ./obj/emuart.o
 .text.emuart_send1
                0x00000000       0x14 ./obj/emuart.o
 .text.emuart_sendN
                0x00000000        0xa ./obj/emuart.o
 .text.emuart_send_string
                0x00000000       0x18 ./obj/emuart.o
 .text.emuart_recv
                0x00000000       0xec ./obj/emuart.o
 .bss.index.5048
                0x00000000        0x2 ./obj/emuart.o
 .bss.length.5049
                0x00000000        0x2 ./obj/emuart.o
 .data.UART_NO  0x00000000        0x1 ./obj/emuart.o
 .rodata.emuart_recv.str1.4
                0x00000000       0x2f ./obj/emuart.o
 .debug_info    0x00000000      0xd11 ./obj/emuart.o
 .debug_abbrev  0x00000000      0x29c ./obj/emuart.o
 .debug_loc     0x00000000      0x367 ./obj/emuart.o
 .debug_aranges
                0x00000000       0x50 ./obj/emuart.o
 .debug_ranges  0x00000000       0x40 ./obj/emuart.o
 .debug_macro   0x00000000      0x197 ./obj/emuart.o
 .debug_macro   0x00000000      0xafc ./obj/emuart.o
 .debug_macro   0x00000000       0x22 ./obj/emuart.o
 .debug_macro   0x00000000       0x52 ./obj/emuart.o
 .debug_macro   0x00000000       0x17 ./obj/emuart.o
 .debug_macro   0x00000000       0x55 ./obj/emuart.o
 .debug_macro   0x00000000       0x35 ./obj/emuart.o
 .debug_macro   0x00000000       0x9c ./obj/emuart.o
 .debug_macro   0x00000000      0x16d ./obj/emuart.o
 .debug_macro   0x00000000       0x57 ./obj/emuart.o
 .debug_macro   0x00000000       0x58 ./obj/emuart.o
 .debug_macro   0x00000000       0x1f ./obj/emuart.o
 .debug_macro   0x00000000       0x43 ./obj/emuart.o
 .debug_macro   0x00000000       0x20 ./obj/emuart.o
 .debug_macro   0x00000000      0x18e ./obj/emuart.o
 .debug_macro   0x00000000      0x353 ./obj/emuart.o
 .debug_macro   0x00000000       0x10 ./obj/emuart.o
 .debug_macro   0x00000000       0x35 ./obj/emuart.o
 .debug_macro   0x00000000       0x16 ./obj/emuart.o
 .debug_macro   0x00000000       0xef ./obj/emuart.o
 .debug_macro   0x00000000       0x6a ./obj/emuart.o
 .debug_macro   0x00000000      0x1df ./obj/emuart.o
 .debug_macro   0x00000000       0x39 ./obj/emuart.o
 .debug_macro   0x00000000       0x3a ./obj/emuart.o
 .debug_macro   0x00000000       0x26 ./obj/emuart.o
 .debug_macro   0x00000000      0x306 ./obj/emuart.o
 .debug_macro   0x00000000     0xc3a9 ./obj/emuart.o
 .debug_macro   0x00000000       0x34 ./obj/emuart.o
 .debug_macro   0x00000000       0x64 ./obj/emuart.o
 .debug_macro   0x00000000       0x28 ./obj/emuart.o
 .debug_line    0x00000000      0x4f7 ./obj/emuart.o
 .debug_str     0x00000000    0x4e222 ./obj/emuart.o
 .comment       0x00000000       0x7f ./obj/emuart.o
 .debug_frame   0x00000000       0xc8 ./obj/emuart.o
 .ARM.attributes
                0x00000000       0x32 ./obj/emuart.o
 .group         0x00000000        0xc ./obj/system_MKL36Z4.o
 .group         0x00000000        0xc ./obj/system_MKL36Z4.o
 .group         0x00000000        0xc ./obj/system_MKL36Z4.o
 .group         0x00000000        0xc ./obj/system_MKL36Z4.o
 .group         0x00000000        0xc ./obj/system_MKL36Z4.o
 .group         0x00000000        0xc ./obj/system_MKL36Z4.o
 .group         0x00000000        0xc ./obj/system_MKL36Z4.o
 .group         0x00000000        0xc ./obj/system_MKL36Z4.o
 .group         0x00000000        0xc ./obj/system_MKL36Z4.o
 .group         0x00000000        0xc ./obj/system_MKL36Z4.o
 .group         0x00000000        0xc ./obj/system_MKL36Z4.o
 .group         0x00000000        0xc ./obj/system_MKL36Z4.o
 .text          0x00000000        0x0 ./obj/system_MKL36Z4.o
 .data          0x00000000        0x0 ./obj/system_MKL36Z4.o
 .bss           0x00000000        0x0 ./obj/system_MKL36Z4.o
 .debug_macro   0x00000000      0xafc ./obj/system_MKL36Z4.o
 .debug_macro   0x00000000       0x22 ./obj/system_MKL36Z4.o
 .debug_macro   0x00000000       0xef ./obj/system_MKL36Z4.o
 .debug_macro   0x00000000       0x6a ./obj/system_MKL36Z4.o
 .debug_macro   0x00000000      0x1df ./obj/system_MKL36Z4.o
 .debug_macro   0x00000000       0x3a ./obj/system_MKL36Z4.o
 .debug_macro   0x00000000       0x26 ./obj/system_MKL36Z4.o
 .debug_macro   0x00000000      0x306 ./obj/system_MKL36Z4.o
 .debug_macro   0x00000000     0xc3a9 ./obj/system_MKL36Z4.o
 .group         0x00000000        0xc ./obj/systick.o
 .group         0x00000000        0xc ./obj/systick.o
 .group         0x00000000        0xc ./obj/systick.o
 .group         0x00000000        0xc ./obj/systick.o
 .group         0x00000000        0xc ./obj/systick.o
 .group         0x00000000        0xc ./obj/systick.o
 .group         0x00000000        0xc ./obj/systick.o
 .group         0x00000000        0xc ./obj/systick.o
 .group         0x00000000        0xc ./obj/systick.o
 .group         0x00000000        0xc ./obj/systick.o
 .group         0x00000000        0xc ./obj/systick.o
 .group         0x00000000        0xc ./obj/systick.o
 .group         0x00000000        0xc ./obj/systick.o
 .group         0x00000000        0xc ./obj/systick.o
 .group         0x00000000        0xc ./obj/systick.o
 .text          0x00000000        0x0 ./obj/systick.o
 .data          0x00000000        0x0 ./obj/systick.o
 .bss           0x00000000        0x0 ./obj/systick.o
 .debug_macro   0x00000000      0xafc ./obj/systick.o
 .debug_macro   0x00000000       0x16 ./obj/systick.o
 .debug_macro   0x00000000       0x22 ./obj/systick.o
 .debug_macro   0x00000000       0x4f ./obj/systick.o
 .debug_macro   0x00000000       0x51 ./obj/systick.o
 .debug_macro   0x00000000       0xef ./obj/systick.o
 .debug_macro   0x00000000       0x6a ./obj/systick.o
 .debug_macro   0x00000000      0x1df ./obj/systick.o
 .debug_macro   0x00000000       0x39 ./obj/systick.o
 .debug_macro   0x00000000       0x3a ./obj/systick.o
 .debug_macro   0x00000000       0x26 ./obj/systick.o
 .debug_macro   0x00000000      0x306 ./obj/systick.o
 .debug_macro   0x00000000     0xc3a9 ./obj/systick.o
 .debug_macro   0x00000000       0x34 ./obj/systick.o
 .debug_macro   0x00000000       0x64 ./obj/systick.o
 .group         0x00000000        0xc ./obj/main.o
 .group         0x00000000        0xc ./obj/main.o
 .group         0x00000000        0xc ./obj/main.o
 .group         0x00000000        0xc ./obj/main.o
 .group         0x00000000        0xc ./obj/main.o
 .group         0x00000000        0xc ./obj/main.o
 .group         0x00000000        0xc ./obj/main.o
 .group         0x00000000        0xc ./obj/main.o
 .group         0x00000000        0xc ./obj/main.o
 .group         0x00000000        0xc ./obj/main.o
 .group         0x00000000        0xc ./obj/main.o
 .group         0x00000000        0xc ./obj/main.o
 .group         0x00000000        0xc ./obj/main.o
 .group         0x00000000        0xc ./obj/main.o
 .group         0x00000000        0xc ./obj/main.o
 .group         0x00000000        0xc ./obj/main.o
 .group         0x00000000        0xc ./obj/main.o
 .group         0x00000000        0xc ./obj/main.o
 .group         0x00000000        0xc ./obj/main.o
 .group         0x00000000        0xc ./obj/main.o
 .group         0x00000000        0xc ./obj/main.o
 .group         0x00000000        0xc ./obj/main.o
 .group         0x00000000        0xc ./obj/main.o
 .group         0x00000000        0xc ./obj/main.o
 .group         0x00000000        0xc ./obj/main.o
 .group         0x00000000        0xc ./obj/main.o
 .group         0x00000000        0xc ./obj/main.o
 .group         0x00000000        0xc ./obj/main.o
 .group         0x00000000        0xc ./obj/main.o
 .group         0x00000000        0xc ./obj/main.o
 .group         0x00000000        0xc ./obj/main.o
 .group         0x00000000        0xc ./obj/main.o
 .group         0x00000000        0xc ./obj/main.o
 .group         0x00000000        0xc ./obj/main.o
 .group         0x00000000        0xc ./obj/main.o
 .text          0x00000000        0x0 ./obj/main.o
 .data          0x00000000        0x0 ./obj/main.o
 .bss           0x00000000        0x0 ./obj/main.o
 .debug_macro   0x00000000      0xafc ./obj/main.o
 .debug_macro   0x00000000       0x16 ./obj/main.o
 .debug_macro   0x00000000       0x22 ./obj/main.o
 .debug_macro   0x00000000       0x4f ./obj/main.o
 .debug_macro   0x00000000       0x51 ./obj/main.o
 .debug_macro   0x00000000       0xef ./obj/main.o
 .debug_macro   0x00000000       0x6a ./obj/main.o
 .debug_macro   0x00000000      0x1df ./obj/main.o
 .debug_macro   0x00000000       0x39 ./obj/main.o
 .debug_macro   0x00000000       0x3a ./obj/main.o
 .debug_macro   0x00000000       0x26 ./obj/main.o
 .debug_macro   0x00000000      0x306 ./obj/main.o
 .debug_macro   0x00000000     0xc3a9 ./obj/main.o
 .debug_macro   0x00000000       0x34 ./obj/main.o
 .debug_macro   0x00000000       0x64 ./obj/main.o
 .debug_macro   0x00000000       0x17 ./obj/main.o
 .debug_macro   0x00000000       0x35 ./obj/main.o
 .debug_macro   0x00000000       0x9c ./obj/main.o
 .debug_macro   0x00000000      0x16d ./obj/main.o
 .debug_macro   0x00000000       0x58 ./obj/main.o
 .debug_macro   0x00000000       0x1f ./obj/main.o
 .debug_macro   0x00000000       0x43 ./obj/main.o
 .debug_macro   0x00000000       0x20 ./obj/main.o
 .debug_macro   0x00000000      0x18e ./obj/main.o
 .debug_macro   0x00000000      0x353 ./obj/main.o
 .debug_macro   0x00000000       0x10 ./obj/main.o
 .debug_macro   0x00000000       0x35 ./obj/main.o
 .debug_macro   0x00000000       0x28 ./obj/main.o
 .group         0x00000000        0xc ./obj/flash.o
 .group         0x00000000        0xc ./obj/flash.o
 .group         0x00000000        0xc ./obj/flash.o
 .group         0x00000000        0xc ./obj/flash.o
 .group         0x00000000        0xc ./obj/flash.o
 .group         0x00000000        0xc ./obj/flash.o
 .group         0x00000000        0xc ./obj/flash.o
 .group         0x00000000        0xc ./obj/flash.o
 .group         0x00000000        0xc ./obj/flash.o
 .group         0x00000000        0xc ./obj/flash.o
 .group         0x00000000        0xc ./obj/flash.o
 .group         0x00000000        0xc ./obj/flash.o
 .group         0x00000000        0xc ./obj/flash.o
 .group         0x00000000        0xc ./obj/flash.o
 .group         0x00000000        0xc ./obj/flash.o
 .group         0x00000000        0xc ./obj/flash.o
 .group         0x00000000        0xc ./obj/flash.o
 .group         0x00000000        0xc ./obj/flash.o
 .group         0x00000000        0xc ./obj/flash.o
 .group         0x00000000        0xc ./obj/flash.o
 .group         0x00000000        0xc ./obj/flash.o
 .group         0x00000000        0xc ./obj/flash.o
 .group         0x00000000        0xc ./obj/flash.o
 .group         0x00000000        0xc ./obj/flash.o
 .group         0x00000000        0xc ./obj/flash.o
 .group         0x00000000        0xc ./obj/flash.o
 .group         0x00000000        0xc ./obj/flash.o
 .group         0x00000000        0xc ./obj/flash.o
 .group         0x00000000        0xc ./obj/flash.o
 .text          0x00000000        0x0 ./obj/flash.o
 .data          0x00000000        0x0 ./obj/flash.o
 .bss           0x00000000        0x0 ./obj/flash.o
 .text.flash_protect
                0x00000000       0x5c ./obj/flash.o
 .text.flash_unprotect
                0x00000000       0x64 ./obj/flash.o
 .text.flash_isSectorProtected
                0x00000000       0x64 ./obj/flash.o
 .debug_macro   0x00000000      0xafc ./obj/flash.o
 .debug_macro   0x00000000       0x16 ./obj/flash.o
 .debug_macro   0x00000000       0x22 ./obj/flash.o
 .debug_macro   0x00000000       0x4f ./obj/flash.o
 .debug_macro   0x00000000       0x51 ./obj/flash.o
 .debug_macro   0x00000000       0xef ./obj/flash.o
 .debug_macro   0x00000000       0x6a ./obj/flash.o
 .debug_macro   0x00000000      0x1df ./obj/flash.o
 .debug_macro   0x00000000       0x39 ./obj/flash.o
 .debug_macro   0x00000000       0x3a ./obj/flash.o
 .debug_macro   0x00000000       0x26 ./obj/flash.o
 .debug_macro   0x00000000      0x306 ./obj/flash.o
 .debug_macro   0x00000000     0xc3a9 ./obj/flash.o
 .debug_macro   0x00000000       0x34 ./obj/flash.o
 .debug_macro   0x00000000       0x64 ./obj/flash.o
 .debug_macro   0x00000000       0x58 ./obj/flash.o
 .debug_macro   0x00000000       0x17 ./obj/flash.o
 .debug_macro   0x00000000       0x35 ./obj/flash.o
 .debug_macro   0x00000000       0x9c ./obj/flash.o
 .debug_macro   0x00000000      0x16d ./obj/flash.o
 .debug_macro   0x00000000       0x58 ./obj/flash.o
 .debug_macro   0x00000000       0x1f ./obj/flash.o
 .debug_macro   0x00000000       0x43 ./obj/flash.o
 .debug_macro   0x00000000       0x20 ./obj/flash.o
 .debug_macro   0x00000000      0x18e ./obj/flash.o
 .debug_macro   0x00000000      0x353 ./obj/flash.o
 .debug_macro   0x00000000       0x10 ./obj/flash.o
 .debug_macro   0x00000000       0x35 ./obj/flash.o
 .group         0x00000000        0xc ./obj/gpio.o
 .group         0x00000000        0xc ./obj/gpio.o
 .group         0x00000000        0xc ./obj/gpio.o
 .group         0x00000000        0xc ./obj/gpio.o
 .group         0x00000000        0xc ./obj/gpio.o
 .group         0x00000000        0xc ./obj/gpio.o
 .group         0x00000000        0xc ./obj/gpio.o
 .group         0x00000000        0xc ./obj/gpio.o
 .group         0x00000000        0xc ./obj/gpio.o
 .group         0x00000000        0xc ./obj/gpio.o
 .group         0x00000000        0xc ./obj/gpio.o
 .group         0x00000000        0xc ./obj/gpio.o
 .group         0x00000000        0xc ./obj/gpio.o
 .group         0x00000000        0xc ./obj/gpio.o
 .group         0x00000000        0xc ./obj/gpio.o
 .group         0x00000000        0xc ./obj/gpio.o
 .group         0x00000000        0xc ./obj/gpio.o
 .group         0x00000000        0xc ./obj/gpio.o
 .group         0x00000000        0xc ./obj/gpio.o
 .group         0x00000000        0xc ./obj/gpio.o
 .group         0x00000000        0xc ./obj/gpio.o
 .group         0x00000000        0xc ./obj/gpio.o
 .group         0x00000000        0xc ./obj/gpio.o
 .group         0x00000000        0xc ./obj/gpio.o
 .group         0x00000000        0xc ./obj/gpio.o
 .group         0x00000000        0xc ./obj/gpio.o
 .group         0x00000000        0xc ./obj/gpio.o
 .group         0x00000000        0xc ./obj/gpio.o
 .group         0x00000000        0xc ./obj/gpio.o
 .text          0x00000000        0x0 ./obj/gpio.o
 .data          0x00000000        0x0 ./obj/gpio.o
 .bss           0x00000000        0x0 ./obj/gpio.o
 .text.gpio_clear_allint
                0x00000000       0x20 ./obj/gpio.o
 .text.gpio_get
                0x00000000       0x30 ./obj/gpio.o
 .text.gpio_reverse
                0x00000000       0x30 ./obj/gpio.o
 .text.gpio_pull
                0x00000000       0x64 ./obj/gpio.o
 .text.gpio_enable_int
                0x00000000       0x68 ./obj/gpio.o
 .text.gpio_disable_int
                0x00000000       0x5c ./obj/gpio.o
 .text.gpio_get_int
                0x00000000       0x30 ./obj/gpio.o
 .text.gpio_clear_int
                0x00000000       0x30 ./obj/gpio.o
 .text.gpio_drive_strength
                0x00000000       0x48 ./obj/gpio.o
 .debug_macro   0x00000000      0xafc ./obj/gpio.o
 .debug_macro   0x00000000       0x16 ./obj/gpio.o
 .debug_macro   0x00000000       0x22 ./obj/gpio.o
 .debug_macro   0x00000000       0x4f ./obj/gpio.o
 .debug_macro   0x00000000       0x51 ./obj/gpio.o
 .debug_macro   0x00000000       0xef ./obj/gpio.o
 .debug_macro   0x00000000       0x6a ./obj/gpio.o
 .debug_macro   0x00000000      0x1df ./obj/gpio.o
 .debug_macro   0x00000000       0x39 ./obj/gpio.o
 .debug_macro   0x00000000       0x3a ./obj/gpio.o
 .debug_macro   0x00000000       0x26 ./obj/gpio.o
 .debug_macro   0x00000000      0x306 ./obj/gpio.o
 .debug_macro   0x00000000     0xc3a9 ./obj/gpio.o
 .debug_macro   0x00000000       0x34 ./obj/gpio.o
 .debug_macro   0x00000000       0x64 ./obj/gpio.o
 .debug_macro   0x00000000       0x58 ./obj/gpio.o
 .debug_macro   0x00000000       0x17 ./obj/gpio.o
 .debug_macro   0x00000000       0x35 ./obj/gpio.o
 .debug_macro   0x00000000       0x9c ./obj/gpio.o
 .debug_macro   0x00000000      0x16d ./obj/gpio.o
 .debug_macro   0x00000000       0x58 ./obj/gpio.o
 .debug_macro   0x00000000       0x1f ./obj/gpio.o
 .debug_macro   0x00000000       0x43 ./obj/gpio.o
 .debug_macro   0x00000000       0x20 ./obj/gpio.o
 .debug_macro   0x00000000      0x18e ./obj/gpio.o
 .debug_macro   0x00000000      0x353 ./obj/gpio.o
 .debug_macro   0x00000000       0x10 ./obj/gpio.o
 .debug_macro   0x00000000       0x35 ./obj/gpio.o
 .group         0x00000000        0xc ./obj/wdog.o
 .group         0x00000000        0xc ./obj/wdog.o
 .group         0x00000000        0xc ./obj/wdog.o
 .group         0x00000000        0xc ./obj/wdog.o
 .group         0x00000000        0xc ./obj/wdog.o
 .group         0x00000000        0xc ./obj/wdog.o
 .group         0x00000000        0xc ./obj/wdog.o
 .group         0x00000000        0xc ./obj/wdog.o
 .group         0x00000000        0xc ./obj/wdog.o
 .group         0x00000000        0xc ./obj/wdog.o
 .group         0x00000000        0xc ./obj/wdog.o
 .group         0x00000000        0xc ./obj/wdog.o
 .group         0x00000000        0xc ./obj/wdog.o
 .group         0x00000000        0xc ./obj/wdog.o
 .group         0x00000000        0xc ./obj/wdog.o
 .group         0x00000000        0xc ./obj/wdog.o
 .group         0x00000000        0xc ./obj/wdog.o
 .group         0x00000000        0xc ./obj/wdog.o
 .group         0x00000000        0xc ./obj/wdog.o
 .group         0x00000000        0xc ./obj/wdog.o
 .group         0x00000000        0xc ./obj/wdog.o
 .group         0x00000000        0xc ./obj/wdog.o
 .group         0x00000000        0xc ./obj/wdog.o
 .group         0x00000000        0xc ./obj/wdog.o
 .group         0x00000000        0xc ./obj/wdog.o
 .group         0x00000000        0xc ./obj/wdog.o
 .group         0x00000000        0xc ./obj/wdog.o
 .group         0x00000000        0xc ./obj/wdog.o
 .group         0x00000000        0xc ./obj/wdog.o
 .text          0x00000000        0x0 ./obj/wdog.o
 .data          0x00000000        0x0 ./obj/wdog.o
 .bss           0x00000000        0x0 ./obj/wdog.o
 .text.wdog_start
                0x00000000       0x3c ./obj/wdog.o
 .debug_macro   0x00000000      0xafc ./obj/wdog.o
 .debug_macro   0x00000000       0x16 ./obj/wdog.o
 .debug_macro   0x00000000       0x22 ./obj/wdog.o
 .debug_macro   0x00000000       0x4f ./obj/wdog.o
 .debug_macro   0x00000000       0x51 ./obj/wdog.o
 .debug_macro   0x00000000       0xef ./obj/wdog.o
 .debug_macro   0x00000000       0x6a ./obj/wdog.o
 .debug_macro   0x00000000      0x1df ./obj/wdog.o
 .debug_macro   0x00000000       0x39 ./obj/wdog.o
 .debug_macro   0x00000000       0x3a ./obj/wdog.o
 .debug_macro   0x00000000       0x26 ./obj/wdog.o
 .debug_macro   0x00000000      0x306 ./obj/wdog.o
 .debug_macro   0x00000000     0xc3a9 ./obj/wdog.o
 .debug_macro   0x00000000       0x34 ./obj/wdog.o
 .debug_macro   0x00000000       0x64 ./obj/wdog.o
 .debug_macro   0x00000000       0x58 ./obj/wdog.o
 .debug_macro   0x00000000       0x17 ./obj/wdog.o
 .debug_macro   0x00000000       0x35 ./obj/wdog.o
 .debug_macro   0x00000000       0x9c ./obj/wdog.o
 .debug_macro   0x00000000      0x16d ./obj/wdog.o
 .debug_macro   0x00000000       0x58 ./obj/wdog.o
 .debug_macro   0x00000000       0x1f ./obj/wdog.o
 .debug_macro   0x00000000       0x43 ./obj/wdog.o
 .debug_macro   0x00000000       0x20 ./obj/wdog.o
 .debug_macro   0x00000000      0x18e ./obj/wdog.o
 .debug_macro   0x00000000      0x353 ./obj/wdog.o
 .debug_macro   0x00000000       0x10 ./obj/wdog.o
 .debug_macro   0x00000000       0x35 ./obj/wdog.o
 .group         0x00000000        0xc ./obj/gec.o
 .group         0x00000000        0xc ./obj/gec.o
 .group         0x00000000        0xc ./obj/gec.o
 .group         0x00000000        0xc ./obj/gec.o
 .group         0x00000000        0xc ./obj/gec.o
 .group         0x00000000        0xc ./obj/gec.o
 .group         0x00000000        0xc ./obj/gec.o
 .group         0x00000000        0xc ./obj/gec.o
 .group         0x00000000        0xc ./obj/gec.o
 .group         0x00000000        0xc ./obj/gec.o
 .group         0x00000000        0xc ./obj/gec.o
 .group         0x00000000        0xc ./obj/gec.o
 .group         0x00000000        0xc ./obj/gec.o
 .group         0x00000000        0xc ./obj/gec.o
 .group         0x00000000        0xc ./obj/gec.o
 .group         0x00000000        0xc ./obj/gec.o
 .group         0x00000000        0xc ./obj/gec.o
 .group         0x00000000        0xc ./obj/gec.o
 .group         0x00000000        0xc ./obj/gec.o
 .group         0x00000000        0xc ./obj/gec.o
 .group         0x00000000        0xc ./obj/gec.o
 .group         0x00000000        0xc ./obj/gec.o
 .group         0x00000000        0xc ./obj/gec.o
 .group         0x00000000        0xc ./obj/gec.o
 .group         0x00000000        0xc ./obj/gec.o
 .group         0x00000000        0xc ./obj/gec.o
 .group         0x00000000        0xc ./obj/gec.o
 .group         0x00000000        0xc ./obj/gec.o
 .group         0x00000000        0xc ./obj/gec.o
 .group         0x00000000        0xc ./obj/gec.o
 .group         0x00000000        0xc ./obj/gec.o
 .group         0x00000000        0xc ./obj/gec.o
 .group         0x00000000        0xc ./obj/gec.o
 .group         0x00000000        0xc ./obj/gec.o
 .group         0x00000000        0xc ./obj/gec.o
 .text          0x00000000        0x0 ./obj/gec.o
 .data          0x00000000        0x0 ./obj/gec.o
 .bss           0x00000000        0x0 ./obj/gec.o
 .debug_macro   0x00000000      0xafc ./obj/gec.o
 .debug_macro   0x00000000       0x16 ./obj/gec.o
 .debug_macro   0x00000000       0x22 ./obj/gec.o
 .debug_macro   0x00000000       0x4f ./obj/gec.o
 .debug_macro   0x00000000       0x51 ./obj/gec.o
 .debug_macro   0x00000000       0xef ./obj/gec.o
 .debug_macro   0x00000000       0x6a ./obj/gec.o
 .debug_macro   0x00000000      0x1df ./obj/gec.o
 .debug_macro   0x00000000       0x39 ./obj/gec.o
 .debug_macro   0x00000000       0x3a ./obj/gec.o
 .debug_macro   0x00000000       0x26 ./obj/gec.o
 .debug_macro   0x00000000      0x306 ./obj/gec.o
 .debug_macro   0x00000000     0xc3a9 ./obj/gec.o
 .debug_macro   0x00000000       0x34 ./obj/gec.o
 .debug_macro   0x00000000       0x64 ./obj/gec.o
 .debug_macro   0x00000000       0x58 ./obj/gec.o
 .debug_macro   0x00000000       0x17 ./obj/gec.o
 .debug_macro   0x00000000       0x35 ./obj/gec.o
 .debug_macro   0x00000000       0x9c ./obj/gec.o
 .debug_macro   0x00000000      0x16d ./obj/gec.o
 .debug_macro   0x00000000       0x58 ./obj/gec.o
 .debug_macro   0x00000000       0x1f ./obj/gec.o
 .debug_macro   0x00000000       0x43 ./obj/gec.o
 .debug_macro   0x00000000       0x20 ./obj/gec.o
 .debug_macro   0x00000000      0x18e ./obj/gec.o
 .debug_macro   0x00000000      0x353 ./obj/gec.o
 .debug_macro   0x00000000       0x10 ./obj/gec.o
 .debug_macro   0x00000000       0x35 ./obj/gec.o
 .debug_macro   0x00000000       0x28 ./obj/gec.o
 .debug_macro   0x00000000       0x9a ./obj/gec.o
 .debug_macro   0x00000000       0x6a ./obj/gec.o
 .debug_macro   0x00000000       0x58 ./obj/gec.o
 .debug_macro   0x00000000       0x22 ./obj/gec.o
 .debug_macro   0x00000000       0x40 ./obj/gec.o
 .debug_macro   0x00000000       0x22 ./obj/gec.o
 .group         0x00000000        0xc ./obj/uart.o
 .group         0x00000000        0xc ./obj/uart.o
 .group         0x00000000        0xc ./obj/uart.o
 .group         0x00000000        0xc ./obj/uart.o
 .group         0x00000000        0xc ./obj/uart.o
 .group         0x00000000        0xc ./obj/uart.o
 .group         0x00000000        0xc ./obj/uart.o
 .group         0x00000000        0xc ./obj/uart.o
 .group         0x00000000        0xc ./obj/uart.o
 .group         0x00000000        0xc ./obj/uart.o
 .group         0x00000000        0xc ./obj/uart.o
 .group         0x00000000        0xc ./obj/uart.o
 .group         0x00000000        0xc ./obj/uart.o
 .group         0x00000000        0xc ./obj/uart.o
 .group         0x00000000        0xc ./obj/uart.o
 .group         0x00000000        0xc ./obj/uart.o
 .group         0x00000000        0xc ./obj/uart.o
 .group         0x00000000        0xc ./obj/uart.o
 .group         0x00000000        0xc ./obj/uart.o
 .group         0x00000000        0xc ./obj/uart.o
 .group         0x00000000        0xc ./obj/uart.o
 .group         0x00000000        0xc ./obj/uart.o
 .group         0x00000000        0xc ./obj/uart.o
 .group         0x00000000        0xc ./obj/uart.o
 .group         0x00000000        0xc ./obj/uart.o
 .group         0x00000000        0xc ./obj/uart.o
 .group         0x00000000        0xc ./obj/uart.o
 .group         0x00000000        0xc ./obj/uart.o
 .group         0x00000000        0xc ./obj/uart.o
 .text          0x00000000        0x0 ./obj/uart.o
 .data          0x00000000        0x0 ./obj/uart.o
 .bss           0x00000000        0x0 ./obj/uart.o
 .text.uart_deinit
                0x00000000       0x6c ./obj/uart.o
 .text.uart_send_string
                0x00000000       0x2a ./obj/uart.o
 .text.uart_disable_re_int
                0x00000000       0x50 ./obj/uart.o
 .text.uart_get_re_int
                0x00000000       0x58 ./obj/uart.o
 .debug_macro   0x00000000      0xafc ./obj/uart.o
 .debug_macro   0x00000000       0x16 ./obj/uart.o
 .debug_macro   0x00000000       0x22 ./obj/uart.o
 .debug_macro   0x00000000       0x4f ./obj/uart.o
 .debug_macro   0x00000000       0x51 ./obj/uart.o
 .debug_macro   0x00000000       0xef ./obj/uart.o
 .debug_macro   0x00000000       0x6a ./obj/uart.o
 .debug_macro   0x00000000      0x1df ./obj/uart.o
 .debug_macro   0x00000000       0x39 ./obj/uart.o
 .debug_macro   0x00000000       0x3a ./obj/uart.o
 .debug_macro   0x00000000       0x26 ./obj/uart.o
 .debug_macro   0x00000000      0x306 ./obj/uart.o
 .debug_macro   0x00000000     0xc3a9 ./obj/uart.o
 .debug_macro   0x00000000       0x34 ./obj/uart.o
 .debug_macro   0x00000000       0x64 ./obj/uart.o
 .debug_macro   0x00000000       0x58 ./obj/uart.o
 .debug_macro   0x00000000       0x17 ./obj/uart.o
 .debug_macro   0x00000000       0x35 ./obj/uart.o
 .debug_macro   0x00000000       0x9c ./obj/uart.o
 .debug_macro   0x00000000      0x16d ./obj/uart.o
 .debug_macro   0x00000000       0x58 ./obj/uart.o
 .debug_macro   0x00000000       0x1f ./obj/uart.o
 .debug_macro   0x00000000       0x43 ./obj/uart.o
 .debug_macro   0x00000000       0x20 ./obj/uart.o
 .debug_macro   0x00000000      0x18e ./obj/uart.o
 .debug_macro   0x00000000      0x353 ./obj/uart.o
 .debug_macro   0x00000000       0x10 ./obj/uart.o
 .debug_macro   0x00000000       0x35 ./obj/uart.o
 .debug_macro   0x00000000       0x28 ./obj/uart.o
 .group         0x00000000        0xc ./obj/isr.o
 .group         0x00000000        0xc ./obj/isr.o
 .group         0x00000000        0xc ./obj/isr.o
 .group         0x00000000        0xc ./obj/isr.o
 .group         0x00000000        0xc ./obj/isr.o
 .group         0x00000000        0xc ./obj/isr.o
 .group         0x00000000        0xc ./obj/isr.o
 .group         0x00000000        0xc ./obj/isr.o
 .group         0x00000000        0xc ./obj/isr.o
 .group         0x00000000        0xc ./obj/isr.o
 .group         0x00000000        0xc ./obj/isr.o
 .group         0x00000000        0xc ./obj/isr.o
 .group         0x00000000        0xc ./obj/isr.o
 .group         0x00000000        0xc ./obj/isr.o
 .group         0x00000000        0xc ./obj/isr.o
 .group         0x00000000        0xc ./obj/isr.o
 .group         0x00000000        0xc ./obj/isr.o
 .group         0x00000000        0xc ./obj/isr.o
 .group         0x00000000        0xc ./obj/isr.o
 .group         0x00000000        0xc ./obj/isr.o
 .group         0x00000000        0xc ./obj/isr.o
 .group         0x00000000        0xc ./obj/isr.o
 .group         0x00000000        0xc ./obj/isr.o
 .group         0x00000000        0xc ./obj/isr.o
 .group         0x00000000        0xc ./obj/isr.o
 .group         0x00000000        0xc ./obj/isr.o
 .group         0x00000000        0xc ./obj/isr.o
 .group         0x00000000        0xc ./obj/isr.o
 .group         0x00000000        0xc ./obj/isr.o
 .group         0x00000000        0xc ./obj/isr.o
 .group         0x00000000        0xc ./obj/isr.o
 .group         0x00000000        0xc ./obj/isr.o
 .group         0x00000000        0xc ./obj/isr.o
 .group         0x00000000        0xc ./obj/isr.o
 .group         0x00000000        0xc ./obj/isr.o
 .text          0x00000000        0x0 ./obj/isr.o
 .data          0x00000000        0x0 ./obj/isr.o
 .bss           0x00000000        0x0 ./obj/isr.o
 .debug_macro   0x00000000      0xafc ./obj/isr.o
 .debug_macro   0x00000000       0x16 ./obj/isr.o
 .debug_macro   0x00000000       0x22 ./obj/isr.o
 .debug_macro   0x00000000       0x4f ./obj/isr.o
 .debug_macro   0x00000000       0x51 ./obj/isr.o
 .debug_macro   0x00000000       0xef ./obj/isr.o
 .debug_macro   0x00000000       0x6a ./obj/isr.o
 .debug_macro   0x00000000      0x1df ./obj/isr.o
 .debug_macro   0x00000000       0x39 ./obj/isr.o
 .debug_macro   0x00000000       0x3a ./obj/isr.o
 .debug_macro   0x00000000       0x26 ./obj/isr.o
 .debug_macro   0x00000000      0x306 ./obj/isr.o
 .debug_macro   0x00000000     0xc3a9 ./obj/isr.o
 .debug_macro   0x00000000       0x34 ./obj/isr.o
 .debug_macro   0x00000000       0x64 ./obj/isr.o
 .debug_macro   0x00000000       0x58 ./obj/isr.o
 .debug_macro   0x00000000       0x17 ./obj/isr.o
 .debug_macro   0x00000000       0x35 ./obj/isr.o
 .debug_macro   0x00000000       0x9c ./obj/isr.o
 .debug_macro   0x00000000      0x16d ./obj/isr.o
 .debug_macro   0x00000000       0x58 ./obj/isr.o
 .debug_macro   0x00000000       0x1f ./obj/isr.o
 .debug_macro   0x00000000       0x43 ./obj/isr.o
 .debug_macro   0x00000000       0x20 ./obj/isr.o
 .debug_macro   0x00000000      0x18e ./obj/isr.o
 .debug_macro   0x00000000      0x353 ./obj/isr.o
 .debug_macro   0x00000000       0x10 ./obj/isr.o
 .debug_macro   0x00000000       0x35 ./obj/isr.o
 .debug_macro   0x00000000       0x28 ./obj/isr.o
 .debug_macro   0x00000000       0x9a ./obj/isr.o
 .debug_macro   0x00000000       0x6a ./obj/isr.o
 .debug_macro   0x00000000       0x22 ./obj/isr.o
 .debug_macro   0x00000000       0x58 ./obj/isr.o
 .debug_macro   0x00000000       0x22 ./obj/isr.o
 .debug_macro   0x00000000       0x40 ./obj/isr.o
 .group         0x00000000        0xc ./obj/printf.o
 .group         0x00000000        0xc ./obj/printf.o
 .group         0x00000000        0xc ./obj/printf.o
 .group         0x00000000        0xc ./obj/printf.o
 .group         0x00000000        0xc ./obj/printf.o
 .group         0x00000000        0xc ./obj/printf.o
 .group         0x00000000        0xc ./obj/printf.o
 .group         0x00000000        0xc ./obj/printf.o
 .group         0x00000000        0xc ./obj/printf.o
 .group         0x00000000        0xc ./obj/printf.o
 .group         0x00000000        0xc ./obj/printf.o
 .group         0x00000000        0xc ./obj/printf.o
 .group         0x00000000        0xc ./obj/printf.o
 .group         0x00000000        0xc ./obj/printf.o
 .group         0x00000000        0xc ./obj/printf.o
 .group         0x00000000        0xc ./obj/printf.o
 .group         0x00000000        0xc ./obj/printf.o
 .group         0x00000000        0xc ./obj/printf.o
 .group         0x00000000        0xc ./obj/printf.o
 .group         0x00000000        0xc ./obj/printf.o
 .group         0x00000000        0xc ./obj/printf.o
 .group         0x00000000        0xc ./obj/printf.o
 .group         0x00000000        0xc ./obj/printf.o
 .group         0x00000000        0xc ./obj/printf.o
 .group         0x00000000        0xc ./obj/printf.o
 .group         0x00000000        0xc ./obj/printf.o
 .group         0x00000000        0xc ./obj/printf.o
 .group         0x00000000        0xc ./obj/printf.o
 .group         0x00000000        0xc ./obj/printf.o
 .group         0x00000000        0xc ./obj/printf.o
 .text          0x00000000        0x0 ./obj/printf.o
 .data          0x00000000        0x0 ./obj/printf.o
 .bss           0x00000000        0x0 ./obj/printf.o
 .debug_macro   0x00000000      0xafc ./obj/printf.o
 .debug_macro   0x00000000       0x16 ./obj/printf.o
 .debug_macro   0x00000000       0x22 ./obj/printf.o
 .debug_macro   0x00000000       0x4f ./obj/printf.o
 .debug_macro   0x00000000       0x51 ./obj/printf.o
 .debug_macro   0x00000000       0xef ./obj/printf.o
 .debug_macro   0x00000000       0x6a ./obj/printf.o
 .debug_macro   0x00000000      0x1df ./obj/printf.o
 .debug_macro   0x00000000       0x39 ./obj/printf.o
 .debug_macro   0x00000000       0x3a ./obj/printf.o
 .debug_macro   0x00000000       0x26 ./obj/printf.o
 .debug_macro   0x00000000      0x306 ./obj/printf.o
 .debug_macro   0x00000000     0xc3a9 ./obj/printf.o
 .debug_macro   0x00000000       0x34 ./obj/printf.o
 .debug_macro   0x00000000       0x64 ./obj/printf.o
 .debug_macro   0x00000000       0x58 ./obj/printf.o
 .debug_macro   0x00000000       0x17 ./obj/printf.o
 .debug_macro   0x00000000       0x35 ./obj/printf.o
 .debug_macro   0x00000000       0x9c ./obj/printf.o
 .debug_macro   0x00000000      0x16d ./obj/printf.o
 .debug_macro   0x00000000       0x58 ./obj/printf.o
 .debug_macro   0x00000000       0x1f ./obj/printf.o
 .debug_macro   0x00000000       0x43 ./obj/printf.o
 .debug_macro   0x00000000       0x20 ./obj/printf.o
 .debug_macro   0x00000000      0x18e ./obj/printf.o
 .debug_macro   0x00000000      0x353 ./obj/printf.o
 .debug_macro   0x00000000       0x10 ./obj/printf.o
 .debug_macro   0x00000000       0x35 ./obj/printf.o
 .debug_macro   0x00000000       0x28 ./obj/printf.o
 .debug_macro   0x00000000       0x9a ./obj/printf.o
 .data          0x00000000        0x0 ./obj/startup_MKL36Z4.o
 .bss           0x00000000        0x0 ./obj/startup_MKL36Z4.o
 .data          0x00000000        0x0 d:/嵌入式技术app/ahl-gec-ide(4.11)/gcc/bin/../lib/gcc/arm-none-eabi/7.2.1/thumb/v6-m\libgcc.a(_udivsi3.o)
 .bss           0x00000000        0x0 d:/嵌入式技术app/ahl-gec-ide(4.11)/gcc/bin/../lib/gcc/arm-none-eabi/7.2.1/thumb/v6-m\libgcc.a(_udivsi3.o)
 .data          0x00000000        0x0 d:/嵌入式技术app/ahl-gec-ide(4.11)/gcc/bin/../lib/gcc/arm-none-eabi/7.2.1/thumb/v6-m\libgcc.a(_divsi3.o)
 .bss           0x00000000        0x0 d:/嵌入式技术app/ahl-gec-ide(4.11)/gcc/bin/../lib/gcc/arm-none-eabi/7.2.1/thumb/v6-m\libgcc.a(_divsi3.o)
 .data          0x00000000        0x0 d:/嵌入式技术app/ahl-gec-ide(4.11)/gcc/bin/../lib/gcc/arm-none-eabi/7.2.1/thumb/v6-m\libgcc.a(_dvmd_tls.o)
 .bss           0x00000000        0x0 d:/嵌入式技术app/ahl-gec-ide(4.11)/gcc/bin/../lib/gcc/arm-none-eabi/7.2.1/thumb/v6-m\libgcc.a(_dvmd_tls.o)
 .data          0x00000000        0x0 d:/嵌入式技术app/ahl-gec-ide(4.11)/gcc/bin/../lib/gcc/arm-none-eabi/7.2.1/thumb/v6-m\libgcc.a(_arm_cmpdf2.o)
 .bss           0x00000000        0x0 d:/嵌入式技术app/ahl-gec-ide(4.11)/gcc/bin/../lib/gcc/arm-none-eabi/7.2.1/thumb/v6-m\libgcc.a(_arm_cmpdf2.o)
 .data          0x00000000        0x0 d:/嵌入式技术app/ahl-gec-ide(4.11)/gcc/bin/../lib/gcc/arm-none-eabi/7.2.1/thumb/v6-m\libgcc.a(_aeabi_uldivmod.o)
 .bss           0x00000000        0x0 d:/嵌入式技术app/ahl-gec-ide(4.11)/gcc/bin/../lib/gcc/arm-none-eabi/7.2.1/thumb/v6-m\libgcc.a(_aeabi_uldivmod.o)
 .data          0x00000000        0x0 d:/嵌入式技术app/ahl-gec-ide(4.11)/gcc/bin/../lib/gcc/arm-none-eabi/7.2.1/thumb/v6-m\libgcc.a(_fixunsdfsi.o)
 .bss           0x00000000        0x0 d:/嵌入式技术app/ahl-gec-ide(4.11)/gcc/bin/../lib/gcc/arm-none-eabi/7.2.1/thumb/v6-m\libgcc.a(_fixunsdfsi.o)
 .data          0x00000000        0x0 d:/嵌入式技术app/ahl-gec-ide(4.11)/gcc/bin/../lib/gcc/arm-none-eabi/7.2.1/thumb/v6-m\libgcc.a(_fixunsdfdi.o)
 .bss           0x00000000        0x0 d:/嵌入式技术app/ahl-gec-ide(4.11)/gcc/bin/../lib/gcc/arm-none-eabi/7.2.1/thumb/v6-m\libgcc.a(_fixunsdfdi.o)
 .data          0x00000000        0x0 d:/嵌入式技术app/ahl-gec-ide(4.11)/gcc/bin/../lib/gcc/arm-none-eabi/7.2.1/thumb/v6-m\libgcc.a(_udivmoddi4.o)
 .bss           0x00000000        0x0 d:/嵌入式技术app/ahl-gec-ide(4.11)/gcc/bin/../lib/gcc/arm-none-eabi/7.2.1/thumb/v6-m\libgcc.a(_udivmoddi4.o)
 .ARM.extab     0x00000000        0x0 d:/嵌入式技术app/ahl-gec-ide(4.11)/gcc/bin/../lib/gcc/arm-none-eabi/7.2.1/thumb/v6-m\libgcc.a(_udivmoddi4.o)
 .data          0x00000000        0x0 d:/嵌入式技术app/ahl-gec-ide(4.11)/gcc/bin/../lib/gcc/arm-none-eabi/7.2.1/thumb/v6-m\libgcc.a(eqdf2.o)
 .bss           0x00000000        0x0 d:/嵌入式技术app/ahl-gec-ide(4.11)/gcc/bin/../lib/gcc/arm-none-eabi/7.2.1/thumb/v6-m\libgcc.a(eqdf2.o)
 .data          0x00000000        0x0 d:/嵌入式技术app/ahl-gec-ide(4.11)/gcc/bin/../lib/gcc/arm-none-eabi/7.2.1/thumb/v6-m\libgcc.a(gedf2.o)
 .bss           0x00000000        0x0 d:/嵌入式技术app/ahl-gec-ide(4.11)/gcc/bin/../lib/gcc/arm-none-eabi/7.2.1/thumb/v6-m\libgcc.a(gedf2.o)
 .data          0x00000000        0x0 d:/嵌入式技术app/ahl-gec-ide(4.11)/gcc/bin/../lib/gcc/arm-none-eabi/7.2.1/thumb/v6-m\libgcc.a(ledf2.o)
 .bss           0x00000000        0x0 d:/嵌入式技术app/ahl-gec-ide(4.11)/gcc/bin/../lib/gcc/arm-none-eabi/7.2.1/thumb/v6-m\libgcc.a(ledf2.o)
 .data          0x00000000        0x0 d:/嵌入式技术app/ahl-gec-ide(4.11)/gcc/bin/../lib/gcc/arm-none-eabi/7.2.1/thumb/v6-m\libgcc.a(muldf3.o)
 .bss           0x00000000        0x0 d:/嵌入式技术app/ahl-gec-ide(4.11)/gcc/bin/../lib/gcc/arm-none-eabi/7.2.1/thumb/v6-m\libgcc.a(muldf3.o)
 .data          0x00000000        0x0 d:/嵌入式技术app/ahl-gec-ide(4.11)/gcc/bin/../lib/gcc/arm-none-eabi/7.2.1/thumb/v6-m\libgcc.a(subdf3.o)
 .bss           0x00000000        0x0 d:/嵌入式技术app/ahl-gec-ide(4.11)/gcc/bin/../lib/gcc/arm-none-eabi/7.2.1/thumb/v6-m\libgcc.a(subdf3.o)
 .data          0x00000000        0x0 d:/嵌入式技术app/ahl-gec-ide(4.11)/gcc/bin/../lib/gcc/arm-none-eabi/7.2.1/thumb/v6-m\libgcc.a(fixdfsi.o)
 .bss           0x00000000        0x0 d:/嵌入式技术app/ahl-gec-ide(4.11)/gcc/bin/../lib/gcc/arm-none-eabi/7.2.1/thumb/v6-m\libgcc.a(fixdfsi.o)
 .data          0x00000000        0x0 d:/嵌入式技术app/ahl-gec-ide(4.11)/gcc/bin/../lib/gcc/arm-none-eabi/7.2.1/thumb/v6-m\libgcc.a(floatunsidf.o)
 .bss           0x00000000        0x0 d:/嵌入式技术app/ahl-gec-ide(4.11)/gcc/bin/../lib/gcc/arm-none-eabi/7.2.1/thumb/v6-m\libgcc.a(floatunsidf.o)
 .data          0x00000000        0x0 d:/嵌入式技术app/ahl-gec-ide(4.11)/gcc/bin/../lib/gcc/arm-none-eabi/7.2.1/thumb/v6-m\libgcc.a(_clzsi2.o)
 .bss           0x00000000        0x0 d:/嵌入式技术app/ahl-gec-ide(4.11)/gcc/bin/../lib/gcc/arm-none-eabi/7.2.1/thumb/v6-m\libgcc.a(_clzsi2.o)
 .data          0x00000000        0x0 d:/嵌入式技术app/ahl-gec-ide(4.11)/gcc/bin/../lib/gcc/arm-none-eabi/7.2.1/thumb/v6-m\libgcc.a(_clzdi2.o)
 .bss           0x00000000        0x0 d:/嵌入式技术app/ahl-gec-ide(4.11)/gcc/bin/../lib/gcc/arm-none-eabi/7.2.1/thumb/v6-m\libgcc.a(_clzdi2.o)
 .text          0x00000000        0x0 d:/嵌入式技术app/ahl-gec-ide(4.11)/gcc/bin/../lib/gcc/arm-none-eabi/7.2.1/../../../../arm-none-eabi/lib/thumb/v6-m\libg_nano.a(lib_a-exit.o)
 .data          0x00000000        0x0 d:/嵌入式技术app/ahl-gec-ide(4.11)/gcc/bin/../lib/gcc/arm-none-eabi/7.2.1/../../../../arm-none-eabi/lib/thumb/v6-m\libg_nano.a(lib_a-exit.o)
 .bss           0x00000000        0x0 d:/嵌入式技术app/ahl-gec-ide(4.11)/gcc/bin/../lib/gcc/arm-none-eabi/7.2.1/../../../../arm-none-eabi/lib/thumb/v6-m\libg_nano.a(lib_a-exit.o)
 .text.exit     0x00000000       0x2c d:/嵌入式技术app/ahl-gec-ide(4.11)/gcc/bin/../lib/gcc/arm-none-eabi/7.2.1/../../../../arm-none-eabi/lib/thumb/v6-m\libg_nano.a(lib_a-exit.o)
 .debug_frame   0x00000000       0x28 d:/嵌入式技术app/ahl-gec-ide(4.11)/gcc/bin/../lib/gcc/arm-none-eabi/7.2.1/../../../../arm-none-eabi/lib/thumb/v6-m\libg_nano.a(lib_a-exit.o)
 .ARM.attributes
                0x00000000       0x2c d:/嵌入式技术app/ahl-gec-ide(4.11)/gcc/bin/../lib/gcc/arm-none-eabi/7.2.1/../../../../arm-none-eabi/lib/thumb/v6-m\libg_nano.a(lib_a-exit.o)
 .text          0x00000000        0x0 d:/嵌入式技术app/ahl-gec-ide(4.11)/gcc/bin/../lib/gcc/arm-none-eabi/7.2.1/../../../../arm-none-eabi/lib/thumb/v6-m\libg_nano.a(lib_a-impure.o)
 .data          0x00000000        0x0 d:/嵌入式技术app/ahl-gec-ide(4.11)/gcc/bin/../lib/gcc/arm-none-eabi/7.2.1/../../../../arm-none-eabi/lib/thumb/v6-m\libg_nano.a(lib_a-impure.o)
 .bss           0x00000000        0x0 d:/嵌入式技术app/ahl-gec-ide(4.11)/gcc/bin/../lib/gcc/arm-none-eabi/7.2.1/../../../../arm-none-eabi/lib/thumb/v6-m\libg_nano.a(lib_a-impure.o)
 .data._impure_ptr
                0x00000000        0x4 d:/嵌入式技术app/ahl-gec-ide(4.11)/gcc/bin/../lib/gcc/arm-none-eabi/7.2.1/../../../../arm-none-eabi/lib/thumb/v6-m\libg_nano.a(lib_a-impure.o)
 .data.impure_data
                0x00000000       0x60 d:/嵌入式技术app/ahl-gec-ide(4.11)/gcc/bin/../lib/gcc/arm-none-eabi/7.2.1/../../../../arm-none-eabi/lib/thumb/v6-m\libg_nano.a(lib_a-impure.o)
 .rodata._global_impure_ptr
                0x00000000        0x4 d:/嵌入式技术app/ahl-gec-ide(4.11)/gcc/bin/../lib/gcc/arm-none-eabi/7.2.1/../../../../arm-none-eabi/lib/thumb/v6-m\libg_nano.a(lib_a-impure.o)
 .ARM.attributes
                0x00000000       0x2c d:/嵌入式技术app/ahl-gec-ide(4.11)/gcc/bin/../lib/gcc/arm-none-eabi/7.2.1/../../../../arm-none-eabi/lib/thumb/v6-m\libg_nano.a(lib_a-impure.o)
 .text          0x00000000        0x0 d:/嵌入式技术app/ahl-gec-ide(4.11)/gcc/bin/../lib/gcc/arm-none-eabi/7.2.1/../../../../arm-none-eabi/lib/thumb/v6-m\libg_nano.a(lib_a-init.o)
 .data          0x00000000        0x0 d:/嵌入式技术app/ahl-gec-ide(4.11)/gcc/bin/../lib/gcc/arm-none-eabi/7.2.1/../../../../arm-none-eabi/lib/thumb/v6-m\libg_nano.a(lib_a-init.o)
 .bss           0x00000000        0x0 d:/嵌入式技术app/ahl-gec-ide(4.11)/gcc/bin/../lib/gcc/arm-none-eabi/7.2.1/../../../../arm-none-eabi/lib/thumb/v6-m\libg_nano.a(lib_a-init.o)
 .text.__libc_init_array
                0x00000000       0x48 d:/嵌入式技术app/ahl-gec-ide(4.11)/gcc/bin/../lib/gcc/arm-none-eabi/7.2.1/../../../../arm-none-eabi/lib/thumb/v6-m\libg_nano.a(lib_a-init.o)
 .debug_frame   0x00000000       0x2c d:/嵌入式技术app/ahl-gec-ide(4.11)/gcc/bin/../lib/gcc/arm-none-eabi/7.2.1/../../../../arm-none-eabi/lib/thumb/v6-m\libg_nano.a(lib_a-init.o)
 .ARM.attributes
                0x00000000       0x2c d:/嵌入式技术app/ahl-gec-ide(4.11)/gcc/bin/../lib/gcc/arm-none-eabi/7.2.1/../../../../arm-none-eabi/lib/thumb/v6-m\libg_nano.a(lib_a-init.o)
 .text          0x00000000        0x0 d:/嵌入式技术app/ahl-gec-ide(4.11)/gcc/bin/../lib/gcc/arm-none-eabi/7.2.1/../../../../arm-none-eabi/lib/thumb/v6-m\libg_nano.a(lib_a-memcpy-stub.o)
 .data          0x00000000        0x0 d:/嵌入式技术app/ahl-gec-ide(4.11)/gcc/bin/../lib/gcc/arm-none-eabi/7.2.1/../../../../arm-none-eabi/lib/thumb/v6-m\libg_nano.a(lib_a-memcpy-stub.o)
 .bss           0x00000000        0x0 d:/嵌入式技术app/ahl-gec-ide(4.11)/gcc/bin/../lib/gcc/arm-none-eabi/7.2.1/../../../../arm-none-eabi/lib/thumb/v6-m\libg_nano.a(lib_a-memcpy-stub.o)
 .text          0x00000000        0x0 d:/嵌入式技术app/ahl-gec-ide(4.11)/gcc/bin/../lib/gcc/arm-none-eabi/7.2.1/../../../../arm-none-eabi/lib/thumb/v6-m\libg_nano.a(lib_a-memset.o)
 .data          0x00000000        0x0 d:/嵌入式技术app/ahl-gec-ide(4.11)/gcc/bin/../lib/gcc/arm-none-eabi/7.2.1/../../../../arm-none-eabi/lib/thumb/v6-m\libg_nano.a(lib_a-memset.o)
 .bss           0x00000000        0x0 d:/嵌入式技术app/ahl-gec-ide(4.11)/gcc/bin/../lib/gcc/arm-none-eabi/7.2.1/../../../../arm-none-eabi/lib/thumb/v6-m\libg_nano.a(lib_a-memset.o)
 .text          0x00000000       0x14 d:/嵌入式技术app/ahl-gec-ide(4.11)/gcc/bin/../lib/gcc/arm-none-eabi/7.2.1/../../../../arm-none-eabi/lib/thumb/v6-m\libg_nano.a(lib_a-strcmp.o)
 .data          0x00000000        0x0 d:/嵌入式技术app/ahl-gec-ide(4.11)/gcc/bin/../lib/gcc/arm-none-eabi/7.2.1/../../../../arm-none-eabi/lib/thumb/v6-m\libg_nano.a(lib_a-strcmp.o)
 .bss           0x00000000        0x0 d:/嵌入式技术app/ahl-gec-ide(4.11)/gcc/bin/../lib/gcc/arm-none-eabi/7.2.1/../../../../arm-none-eabi/lib/thumb/v6-m\libg_nano.a(lib_a-strcmp.o)
 .debug_frame   0x00000000       0x20 d:/嵌入式技术app/ahl-gec-ide(4.11)/gcc/bin/../lib/gcc/arm-none-eabi/7.2.1/../../../../arm-none-eabi/lib/thumb/v6-m\libg_nano.a(lib_a-strcmp.o)
 .ARM.attributes
                0x00000000       0x1c d:/嵌入式技术app/ahl-gec-ide(4.11)/gcc/bin/../lib/gcc/arm-none-eabi/7.2.1/../../../../arm-none-eabi/lib/thumb/v6-m\libg_nano.a(lib_a-strcmp.o)
 .data          0x00000000        0x0 d:/嵌入式技术app/ahl-gec-ide(4.11)/gcc/bin/../lib/gcc/arm-none-eabi/7.2.1/../../../../arm-none-eabi/lib/thumb/v6-m\libg_nano.a(lib_a-strlen.o)
 .bss           0x00000000        0x0 d:/嵌入式技术app/ahl-gec-ide(4.11)/gcc/bin/../lib/gcc/arm-none-eabi/7.2.1/../../../../arm-none-eabi/lib/thumb/v6-m\libg_nano.a(lib_a-strlen.o)
 .text          0x00000000        0x0 d:/嵌入式技术app/ahl-gec-ide(4.11)/gcc/bin/../lib/gcc/arm-none-eabi/7.2.1/../../../../arm-none-eabi/lib/thumb/v6-m\libnosys.a(_exit.o)
 .data          0x00000000        0x0 d:/嵌入式技术app/ahl-gec-ide(4.11)/gcc/bin/../lib/gcc/arm-none-eabi/7.2.1/../../../../arm-none-eabi/lib/thumb/v6-m\libnosys.a(_exit.o)
 .bss           0x00000000        0x0 d:/嵌入式技术app/ahl-gec-ide(4.11)/gcc/bin/../lib/gcc/arm-none-eabi/7.2.1/../../../../arm-none-eabi/lib/thumb/v6-m\libnosys.a(_exit.o)
 .text._exit    0x00000000        0x4 d:/嵌入式技术app/ahl-gec-ide(4.11)/gcc/bin/../lib/gcc/arm-none-eabi/7.2.1/../../../../arm-none-eabi/lib/thumb/v6-m\libnosys.a(_exit.o)
 .debug_frame   0x00000000       0x20 d:/嵌入式技术app/ahl-gec-ide(4.11)/gcc/bin/../lib/gcc/arm-none-eabi/7.2.1/../../../../arm-none-eabi/lib/thumb/v6-m\libnosys.a(_exit.o)
 .ARM.attributes
                0x00000000       0x2c d:/嵌入式技术app/ahl-gec-ide(4.11)/gcc/bin/../lib/gcc/arm-none-eabi/7.2.1/../../../../arm-none-eabi/lib/thumb/v6-m\libnosys.a(_exit.o)
 .text          0x00000000        0x0 d:/嵌入式技术app/ahl-gec-ide(4.11)/gcc/bin/../lib/gcc/arm-none-eabi/7.2.1/thumb/v6-m/crtend.o
 .data          0x00000000        0x0 d:/嵌入式技术app/ahl-gec-ide(4.11)/gcc/bin/../lib/gcc/arm-none-eabi/7.2.1/thumb/v6-m/crtend.o
 .bss           0x00000000        0x0 d:/嵌入式技术app/ahl-gec-ide(4.11)/gcc/bin/../lib/gcc/arm-none-eabi/7.2.1/thumb/v6-m/crtend.o
 .eh_frame      0x00000000        0x4 d:/嵌入式技术app/ahl-gec-ide(4.11)/gcc/bin/../lib/gcc/arm-none-eabi/7.2.1/thumb/v6-m/crtend.o
 .ARM.attributes
                0x00000000       0x2c d:/嵌入式技术app/ahl-gec-ide(4.11)/gcc/bin/../lib/gcc/arm-none-eabi/7.2.1/thumb/v6-m/crtend.o
 .text          0x00000000        0x0 d:/嵌入式技术app/ahl-gec-ide(4.11)/gcc/bin/../lib/gcc/arm-none-eabi/7.2.1/thumb/v6-m/crtn.o
 .data          0x00000000        0x0 d:/嵌入式技术app/ahl-gec-ide(4.11)/gcc/bin/../lib/gcc/arm-none-eabi/7.2.1/thumb/v6-m/crtn.o
 .bss           0x00000000        0x0 d:/嵌入式技术app/ahl-gec-ide(4.11)/gcc/bin/../lib/gcc/arm-none-eabi/7.2.1/thumb/v6-m/crtn.o

Memory Configuration

Name             Origin             Length             Attributes
m_interrupts     0x00006800         0x00000400         xr
m_flash_config   0x00006c00         0x00000010         xr
m_text           0x00006c10         0x00008ff0         xr
m_data           0x20000400         0x00001400         rw
*default*        0x00000000         0xffffffff

Linker script and memory map

LOAD d:/嵌入式技术app/ahl-gec-ide(4.11)/gcc/bin/../lib/gcc/arm-none-eabi/7.2.1/thumb/v6-m/crti.o
LOAD d:/嵌入式技术app/ahl-gec-ide(4.11)/gcc/bin/../lib/gcc/arm-none-eabi/7.2.1/thumb/v6-m/crtbegin.o
LOAD d:/嵌入式技术app/ahl-gec-ide(4.11)/gcc/bin/../lib/gcc/arm-none-eabi/7.2.1/../../../../arm-none-eabi/lib/thumb/v6-m/crt0.o
LOAD ./obj/emuart.o
LOAD ./obj/system_MKL36Z4.o
LOAD ./obj/systick.o
LOAD ./obj/main.o
LOAD ./obj/flash.o
LOAD ./obj/gpio.o
LOAD ./obj/wdog.o
LOAD ./obj/gec.o
LOAD ./obj/uart.o
LOAD ./obj/isr.o
LOAD ./obj/printf.o
LOAD ./obj/startup_MKL36Z4.o
LOAD d:/嵌入式技术app/ahl-gec-ide(4.11)/gcc/bin/../lib/gcc/arm-none-eabi/7.2.1/../../../../arm-none-eabi/lib/thumb/v6-m\libstdc++_nano.a
LOAD d:/嵌入式技术app/ahl-gec-ide(4.11)/gcc/bin/../lib/gcc/arm-none-eabi/7.2.1/../../../../arm-none-eabi/lib/thumb/v6-m\libm.a
START GROUP
LOAD d:/嵌入式技术app/ahl-gec-ide(4.11)/gcc/bin/../lib/gcc/arm-none-eabi/7.2.1/thumb/v6-m\libgcc.a
LOAD d:/嵌入式技术app/ahl-gec-ide(4.11)/gcc/bin/../lib/gcc/arm-none-eabi/7.2.1/../../../../arm-none-eabi/lib/thumb/v6-m\libg_nano.a
LOAD d:/嵌入式技术app/ahl-gec-ide(4.11)/gcc/bin/../lib/gcc/arm-none-eabi/7.2.1/../../../../arm-none-eabi/lib/thumb/v6-m\libc_nano.a
END GROUP
START GROUP
LOAD d:/嵌入式技术app/ahl-gec-ide(4.11)/gcc/bin/../lib/gcc/arm-none-eabi/7.2.1/thumb/v6-m\libgcc.a
LOAD d:/嵌入式技术app/ahl-gec-ide(4.11)/gcc/bin/../lib/gcc/arm-none-eabi/7.2.1/../../../../arm-none-eabi/lib/thumb/v6-m\libc_nano.a
LOAD d:/嵌入式技术app/ahl-gec-ide(4.11)/gcc/bin/../lib/gcc/arm-none-eabi/7.2.1/../../../../arm-none-eabi/lib/thumb/v6-m\libnosys.a
END GROUP
START GROUP
LOAD d:/嵌入式技术app/ahl-gec-ide(4.11)/gcc/bin/../lib/gcc/arm-none-eabi/7.2.1/thumb/v6-m\libgcc.a
LOAD d:/嵌入式技术app/ahl-gec-ide(4.11)/gcc/bin/../lib/gcc/arm-none-eabi/7.2.1/../../../../arm-none-eabi/lib/thumb/v6-m\libc_nano.a
LOAD d:/嵌入式技术app/ahl-gec-ide(4.11)/gcc/bin/../lib/gcc/arm-none-eabi/7.2.1/../../../../arm-none-eabi/lib/thumb/v6-m\libnosys.a
END GROUP
LOAD d:/嵌入式技术app/ahl-gec-ide(4.11)/gcc/bin/../lib/gcc/arm-none-eabi/7.2.1/thumb/v6-m/crtend.o
LOAD d:/嵌入式技术app/ahl-gec-ide(4.11)/gcc/bin/../lib/gcc/arm-none-eabi/7.2.1/thumb/v6-m/crtn.o
                0x00000200                HEAP_SIZE = DEFINED (__heap_size__)?__heap_size__:0x200
                0x00000100                STACK_SIZE = DEFINED (__stack_size__)?__stack_size__:0x100
                0x00000400                MCU_SECTORSIZE = 0x400
                0x00000000                MCU_FLASH_ADDR_START = 0x0
                0x0000001a                GEC_USER_SECTOR_START = 0x1a
                0x0000003e                GEC_USER_SECTOR_END = 0x3e
                0x20000400                GEC_USER_RAM_START = 0x20000400
                0x200017ff                GEC_USER_RAM_END = 0x200017ff

.interrupts     0x00006800       0xc0
                0x00006800                __VECTOR_TABLE = .
                0x00006800                . = ALIGN (0x4)
 *(.isr_vector)
 .isr_vector    0x00006800       0xc0 ./obj/startup_MKL36Z4.o
                0x00006800                __isr_vector
                0x000068c0                . = ALIGN (0x4)

.flash_config   0x00006c00       0x10
                0x00006c00                . = ALIGN (0x4)
 *(.FlashConfig)
 .FlashConfig   0x00006c00       0x10 ./obj/startup_MKL36Z4.o
                0x00006c10                . = ALIGN (0x4)

.text           0x00006c10     0x29e4
                0x00006c10                . = ALIGN (0x4)
 *(.text)
 .text          0x00006c10       0x48 d:/嵌入式技术app/ahl-gec-ide(4.11)/gcc/bin/../lib/gcc/arm-none-eabi/7.2.1/thumb/v6-m/crtbegin.o
 .text          0x00006c58       0x50 ./obj/startup_MKL36Z4.o
                0x00006c58                Reset_Handler
                0x00006ca0                HardFault_Handler
                0x00006ca0                PendSV_Handler
                0x00006ca0                NMI_Handler
                0x00006ca0                PORTC_PORTD_IRQHandler
                0x00006ca0                I2C1_IRQHandler
                0x00006ca0                UART1_IRQHandler
                0x00006ca0                DMA2_IRQHandler
                0x00006ca0                TPM0_IRQHandler
                0x00006ca0                I2S0_IRQHandler
                0x00006ca0                LLWU_IRQHandler
                0x00006ca0                TSI0_IRQHandler
                0x00006ca0                ADC0_IRQHandler
                0x00006ca0                SPI1_IRQHandler
                0x00006ca0                DefaultISR
                0x00006ca0                TPM2_IRQHandler
                0x00006ca0                RTC_IRQHandler
                0x00006ca0                I2C0_IRQHandler
                0x00006ca0                LCD_IRQHandler
                0x00006ca0                RTC_Seconds_IRQHandler
                0x00006ca0                MCG_IRQHandler
                0x00006ca0                UART2_IRQHandler
                0x00006ca0                Reserved20_IRQHandler
                0x00006ca0                PIT_IRQHandler
                0x00006ca0                SVC_Handler
                0x00006ca0                DMA3_IRQHandler
                0x00006ca0                DMA0_IRQHandler
                0x00006ca0                DAC0_IRQHandler
                0x00006ca0                TPM1_IRQHandler
                0x00006ca0                LVD_LVW_IRQHandler
                0x00006ca0                SPI0_IRQHandler
                0x00006ca0                PORTA_IRQHandler
                0x00006ca0                FTFA_IRQHandler
                0x00006ca0                Reserved40_IRQHandler
                0x00006ca0                LPTMR0_IRQHandler
                0x00006ca0                CMP0_IRQHandler
                0x00006ca0                DMA1_IRQHandler
 .text          0x00006ca8      0x114 d:/嵌入式技术app/ahl-gec-ide(4.11)/gcc/bin/../lib/gcc/arm-none-eabi/7.2.1/thumb/v6-m\libgcc.a(_udivsi3.o)
                0x00006ca8                __aeabi_uidiv
                0x00006ca8                __udivsi3
                0x00006db4                __aeabi_uidivmod
 .text          0x00006dbc      0x1d4 d:/嵌入式技术app/ahl-gec-ide(4.11)/gcc/bin/../lib/gcc/arm-none-eabi/7.2.1/thumb/v6-m\libgcc.a(_divsi3.o)
                0x00006dbc                __divsi3
                0x00006dbc                __aeabi_idiv
                0x00006f88                __aeabi_idivmod
 .text          0x00006f90        0x4 d:/嵌入式技术app/ahl-gec-ide(4.11)/gcc/bin/../lib/gcc/arm-none-eabi/7.2.1/thumb/v6-m\libgcc.a(_dvmd_tls.o)
                0x00006f90                __aeabi_idiv0
                0x00006f90                __aeabi_ldiv0
 .text          0x00006f94       0x7c d:/嵌入式技术app/ahl-gec-ide(4.11)/gcc/bin/../lib/gcc/arm-none-eabi/7.2.1/thumb/v6-m\libgcc.a(_arm_cmpdf2.o)
                0x00006f94                __aeabi_cdrcmple
                0x00006fa4                __aeabi_cdcmple
                0x00006fa4                __aeabi_cdcmpeq
                0x00006fb4                __aeabi_dcmpeq
                0x00006fc0                __aeabi_dcmplt
                0x00006fd4                __aeabi_dcmple
                0x00006fe8                __aeabi_dcmpgt
                0x00006ffc                __aeabi_dcmpge
 .text          0x00007010       0x40 d:/嵌入式技术app/ahl-gec-ide(4.11)/gcc/bin/../lib/gcc/arm-none-eabi/7.2.1/thumb/v6-m\libgcc.a(_aeabi_uldivmod.o)
                0x00007010                __aeabi_uldivmod
 .text          0x00007050       0x3c d:/嵌入式技术app/ahl-gec-ide(4.11)/gcc/bin/../lib/gcc/arm-none-eabi/7.2.1/thumb/v6-m\libgcc.a(_fixunsdfsi.o)
                0x00007050                __aeabi_d2uiz
                0x00007050                __fixunsdfsi
 .text          0x0000708c       0x3c d:/嵌入式技术app/ahl-gec-ide(4.11)/gcc/bin/../lib/gcc/arm-none-eabi/7.2.1/thumb/v6-m\libgcc.a(_fixunsdfdi.o)
                0x0000708c                __fixunsdfdi
                0x0000708c                __aeabi_d2ulz
 .text          0x000070c8      0x184 d:/嵌入式技术app/ahl-gec-ide(4.11)/gcc/bin/../lib/gcc/arm-none-eabi/7.2.1/thumb/v6-m\libgcc.a(_udivmoddi4.o)
                0x000070c8                __udivmoddi4
 .text          0x0000724c       0x78 d:/嵌入式技术app/ahl-gec-ide(4.11)/gcc/bin/../lib/gcc/arm-none-eabi/7.2.1/thumb/v6-m\libgcc.a(eqdf2.o)
                0x0000724c                __nedf2
                0x0000724c                __eqdf2
 .text          0x000072c4       0xc8 d:/嵌入式技术app/ahl-gec-ide(4.11)/gcc/bin/../lib/gcc/arm-none-eabi/7.2.1/thumb/v6-m\libgcc.a(gedf2.o)
                0x000072c4                __gedf2
                0x000072c4                __gtdf2
 .text          0x0000738c       0xd0 d:/嵌入式技术app/ahl-gec-ide(4.11)/gcc/bin/../lib/gcc/arm-none-eabi/7.2.1/thumb/v6-m\libgcc.a(ledf2.o)
                0x0000738c                __ledf2
                0x0000738c                __ltdf2
 .text          0x0000745c      0x4e4 d:/嵌入式技术app/ahl-gec-ide(4.11)/gcc/bin/../lib/gcc/arm-none-eabi/7.2.1/thumb/v6-m\libgcc.a(muldf3.o)
                0x0000745c                __aeabi_dmul
 .text          0x00007940      0x690 d:/嵌入式技术app/ahl-gec-ide(4.11)/gcc/bin/../lib/gcc/arm-none-eabi/7.2.1/thumb/v6-m\libgcc.a(subdf3.o)
                0x00007940                __aeabi_dsub
 .text          0x00007fd0       0x6c d:/嵌入式技术app/ahl-gec-ide(4.11)/gcc/bin/../lib/gcc/arm-none-eabi/7.2.1/thumb/v6-m\libgcc.a(fixdfsi.o)
                0x00007fd0                __aeabi_d2iz
 .text          0x0000803c       0x64 d:/嵌入式技术app/ahl-gec-ide(4.11)/gcc/bin/../lib/gcc/arm-none-eabi/7.2.1/thumb/v6-m\libgcc.a(floatunsidf.o)
                0x0000803c                __aeabi_ui2d
 .text          0x000080a0       0x3c d:/嵌入式技术app/ahl-gec-ide(4.11)/gcc/bin/../lib/gcc/arm-none-eabi/7.2.1/thumb/v6-m\libgcc.a(_clzsi2.o)
                0x000080a0                __clzsi2
 .text          0x000080dc       0x18 d:/嵌入式技术app/ahl-gec-ide(4.11)/gcc/bin/../lib/gcc/arm-none-eabi/7.2.1/thumb/v6-m\libgcc.a(_clzdi2.o)
                0x000080dc                __clzdi2
 .text          0x000080f4        0xe d:/嵌入式技术app/ahl-gec-ide(4.11)/gcc/bin/../lib/gcc/arm-none-eabi/7.2.1/../../../../arm-none-eabi/lib/thumb/v6-m\libg_nano.a(lib_a-strlen.o)
                0x000080f4                strlen
 *(.text*)
 *fill*         0x00008102        0x2 
 .text.SystemInit
                0x00008104       0xc4 ./obj/system_MKL36Z4.o
                0x00008104                SystemInit
 .text.systick_init
                0x000081c8       0x4c ./obj/systick.o
                0x000081c8                systick_init
 .text.main     0x00008214       0xe0 ./obj/main.o
                0x00008214                main
 .text.flash_init
                0x000082f4       0x28 ./obj/flash.o
                0x000082f4                flash_init
 .text.flash_read_logic
                0x0000831c        0xe ./obj/flash.o
                0x0000831c                flash_read_logic
 .text.flash_read_physical
                0x0000832a        0x8 ./obj/flash.o
                0x0000832a                flash_read_physical
 .text.flash_isempty
                0x00008332       0x1e ./obj/flash.o
                0x00008332                flash_isempty
 .text.flash_cmd_launch
                0x00008350       0x44 ./obj/flash.o
                0x00008350                flash_cmd_launch
 .text.flash_erase
                0x00008394       0x68 ./obj/flash.o
                0x00008394                flash_erase
 .text.flash_write
                0x000083fc       0x5c ./obj/flash.o
                0x000083fc                flash_write
 .text.flash_write_physical
                0x00008458       0x54 ./obj/flash.o
                0x00008458                flash_write_physical
 .text.gpio_get_port_pin
                0x000084ac        0x8 ./obj/gpio.o
                0x000084ac                gpio_get_port_pin
 .text.gpio_set
                0x000084b4       0x44 ./obj/gpio.o
                0x000084b4                gpio_set
 .text.gpio_init
                0x000084f8       0x78 ./obj/gpio.o
                0x000084f8                gpio_init
 .text.wdog_stop
                0x00008570       0x14 ./obj/wdog.o
                0x00008570                wdog_stop
 .text.wdog_feed
                0x00008584       0x18 ./obj/wdog.o
                0x00008584                wdog_feed
 .text.Vectors_Init
                0x0000859c       0x8c ./obj/gec.o
                0x0000859c                Vectors_Init
 .text.uart_is_uartNo
                0x00008628        0xc ./obj/uart.o
                0x00008628                uart_is_uartNo
 .text.uart_init
                0x00008634      0x148 ./obj/uart.o
                0x00008634                uart_init
 .text.uart_send1
                0x0000877c       0x5c ./obj/uart.o
                0x0000877c                uart_send1
 .text.uart_sendN
                0x000087d8       0x34 ./obj/uart.o
                0x000087d8                uart_sendN
 .text.uart_re1
                0x0000880c       0x68 ./obj/uart.o
                0x0000880c                uart_re1
 .text.uart_reN
                0x00008874       0x4a ./obj/uart.o
                0x00008874                uart_reN
 *fill*         0x000088be        0x2 
 .text.uart_enable_re_int
                0x000088c0       0x50 ./obj/uart.o
                0x000088c0                uart_enable_re_int
 .text.UART0_IRQHandler
                0x00008910       0xc4 ./obj/isr.o
                0x00008910                UART0_IRQHandler
 .text.SecAdd1  0x000089d4       0x32 ./obj/isr.o
                0x000089d4                SecAdd1
 *fill*         0x00008a06        0x2 
 .text.SysTick_Handler
                0x00008a08       0x2c ./obj/isr.o
                0x00008a08                SysTick_Handler
 .text.printk_putc
                0x00008a34       0x2a ./obj/printf.o
 .text.printk_mknumstr
                0x00008a5e       0x84 ./obj/printf.o
 .text.printk_pad_zero
                0x00008ae2       0x1e ./obj/printf.o
 .text.printk_pad_space
                0x00008b00       0x1e ./obj/printf.o
 .text.out_char
                0x00008b1e        0xc ./obj/printf.o
                0x00008b1e                out_char
 *fill*         0x00008b2a        0x2 
 .text.printk_mkfloatstr
                0x00008b2c      0x188 ./obj/printf.o
                0x00008b2c                printk_mkfloatstr
 .text.printk   0x00008cb4      0x560 ./obj/printf.o
                0x00008cb4                printk
 .text.myprintf
                0x00009214       0x24 ./obj/printf.o
                0x00009214                myprintf
 .text.memcpy   0x00009238       0x12 d:/嵌入式技术app/ahl-gec-ide(4.11)/gcc/bin/../lib/gcc/arm-none-eabi/7.2.1/../../../../arm-none-eabi/lib/thumb/v6-m\libg_nano.a(lib_a-memcpy-stub.o)
                0x00009238                memcpy
 .text.memset   0x0000924a       0x10 d:/嵌入式技术app/ahl-gec-ide(4.11)/gcc/bin/../lib/gcc/arm-none-eabi/7.2.1/../../../../arm-none-eabi/lib/thumb/v6-m\libg_nano.a(lib_a-memset.o)
                0x0000924a                memset
 *(.rodata)
 *fill*         0x0000925a        0x2 
 .rodata        0x0000925c       0x40 d:/嵌入式技术app/ahl-gec-ide(4.11)/gcc/bin/../lib/gcc/arm-none-eabi/7.2.1/thumb/v6-m\libgcc.a(muldf3.o)
 *(.rodata*)
 .rodata.main.str1.4
                0x0000929c      0x1f6 ./obj/main.o
 *fill*         0x00009492        0x2 
 .rodata.GPIO_ARR
                0x00009494       0x14 ./obj/gpio.o
                0x00009494                GPIO_ARR
 .rodata.PORT_ARR
                0x000094a8       0x14 ./obj/gpio.o
                0x000094a8                PORT_ARR
 .rodata.Vectors_Init.str1.4
                0x000094bc       0x48 ./obj/gec.o
 .rodata.UART_ARR
                0x00009504        0x8 ./obj/uart.o
                0x00009504                UART_ARR
 .rodata.UART0_IRQHandler.str1.4
                0x0000950c        0x8 ./obj/isr.o
 .rodata.printk
                0x00009514       0xc8 ./obj/printf.o
 *(.glue_7)
 .glue_7        0x000095dc        0x0 linker stubs
 *(.glue_7t)
 .glue_7t       0x000095dc        0x0 linker stubs
 *(.eh_frame)
 .eh_frame      0x000095dc        0x0 d:/嵌入式技术app/ahl-gec-ide(4.11)/gcc/bin/../lib/gcc/arm-none-eabi/7.2.1/thumb/v6-m/crtbegin.o
 *(.init)
 .init          0x000095dc        0x4 d:/嵌入式技术app/ahl-gec-ide(4.11)/gcc/bin/../lib/gcc/arm-none-eabi/7.2.1/thumb/v6-m/crti.o
                0x000095dc                _init
 .init          0x000095e0        0x8 d:/嵌入式技术app/ahl-gec-ide(4.11)/gcc/bin/../lib/gcc/arm-none-eabi/7.2.1/thumb/v6-m/crtn.o
 *(.fini)
 .fini          0x000095e8        0x4 d:/嵌入式技术app/ahl-gec-ide(4.11)/gcc/bin/../lib/gcc/arm-none-eabi/7.2.1/thumb/v6-m/crti.o
                0x000095e8                _fini
 .fini          0x000095ec        0x8 d:/嵌入式技术app/ahl-gec-ide(4.11)/gcc/bin/../lib/gcc/arm-none-eabi/7.2.1/thumb/v6-m/crtn.o
                0x000095f4                . = ALIGN (0x4)

.vfp11_veneer   0x000095f4        0x0
 .vfp11_veneer  0x000095f4        0x0 linker stubs

.v4_bx          0x000095f4        0x0
 .v4_bx         0x000095f4        0x0 linker stubs

.iplt           0x000095f4        0x0
 .iplt          0x000095f4        0x0 d:/嵌入式技术app/ahl-gec-ide(4.11)/gcc/bin/../lib/gcc/arm-none-eabi/7.2.1/thumb/v6-m/crtbegin.o

.ARM.extab
 *(.ARM.extab* .gnu.linkonce.armextab.*)

.ARM            0x000095f4        0x8
                0x000095f4                __exidx_start = .
 *(.ARM.exidx*)
 .ARM.exidx     0x000095f4        0x8 d:/嵌入式技术app/ahl-gec-ide(4.11)/gcc/bin/../lib/gcc/arm-none-eabi/7.2.1/thumb/v6-m\libgcc.a(_udivmoddi4.o)
                0x000095fc                __exidx_end = .

.rel.dyn        0x000095fc        0x0
 .rel.iplt      0x000095fc        0x0 d:/嵌入式技术app/ahl-gec-ide(4.11)/gcc/bin/../lib/gcc/arm-none-eabi/7.2.1/thumb/v6-m/crtbegin.o

.ctors          0x000095fc        0x0
                0x000095fc                __CTOR_LIST__ = .
 *crtbegin.o(.ctors)
 *crtbegin?.o(.ctors)
 *(EXCLUDE_FILE(*crtend.o *crtend?.o) .ctors)
 *(SORT_BY_NAME(.ctors.*))
 *(.ctors)
                0x000095fc                __CTOR_END__ = .

.dtors          0x000095fc        0x0
                0x000095fc                __DTOR_LIST__ = .
 *crtbegin.o(.dtors)
 *crtbegin?.o(.dtors)
 *(EXCLUDE_FILE(*crtend.o *crtend?.o) .dtors)
 *(SORT_BY_NAME(.dtors.*))
 *(.dtors)
                0x000095fc                __DTOR_END__ = .

.preinit_array  0x000095fc        0x0
                0x000095fc                PROVIDE (__preinit_array_start, .)
 *(.preinit_array*)
                0x000095fc                PROVIDE (__preinit_array_end, .)

.init_array     0x000095fc        0x4
                0x000095fc                PROVIDE (__init_array_start, .)
 *(SORT_BY_NAME(.init_array.*))
 *(.init_array*)
 .init_array    0x000095fc        0x4 d:/嵌入式技术app/ahl-gec-ide(4.11)/gcc/bin/../lib/gcc/arm-none-eabi/7.2.1/thumb/v6-m/crtbegin.o
                0x00009600                PROVIDE (__init_array_end, .)

.fini_array     0x00009600        0x4
                [!provide]                PROVIDE (__fini_array_start, .)
 *(SORT_BY_NAME(.fini_array.*))
 *(.fini_array*)
 .fini_array    0x00009600        0x4 d:/嵌入式技术app/ahl-gec-ide(4.11)/gcc/bin/../lib/gcc/arm-none-eabi/7.2.1/thumb/v6-m/crtbegin.o
                [!provide]                PROVIDE (__fini_array_end, .)
                0x00009604                __etext = .
                0x00009604                __DATA_ROM = .

.mtb            0x20000400        0x0
                0x20000400                . = ALIGN (0x8)
                0x20000400                _mtb_start = .
 *(.mtb_buf)
                0x20000400                . = ALIGN (0x8)
                0x20000400                _mtb_end = .

.data           0x20000400        0x8 load address 0x00009604
                0x20000400                . = ALIGN (0x4)
                0x20000400                __DATA_RAM = .
                0x20000400                __data_start__ = .
 *(.data)
 *(.data*)
 .data.SystemCoreClock
                0x20000400        0x4 ./obj/system_MKL36Z4.o
                0x20000400                SystemCoreClock
 .data.table_irq_uart
                0x20000404        0x3 ./obj/uart.o
                0x20000404                table_irq_uart
 *(.jcr*)
                0x20000408                . = ALIGN (0x4)
 *fill*         0x20000407        0x1 
                0x20000408                __data_end__ = .
                0x0000960c                __DATA_END = (__DATA_ROM + (__data_end__ - __data_start__))

.igot.plt       0x20000408        0x0 load address 0x0000960c
 .igot.plt      0x20000408        0x0 d:/嵌入式技术app/ahl-gec-ide(4.11)/gcc/bin/../lib/gcc/arm-none-eabi/7.2.1/thumb/v6-m/crtbegin.o

.bss            0x20000408      0x42c load address 0x0000960c
                0x20000408                . = ALIGN (0x4)
                0x20000408                __START_BSS = .
                0x20000408                __bss_start__ = .
 *(.bss)
 .bss           0x20000408       0x1c d:/嵌入式技术app/ahl-gec-ide(4.11)/gcc/bin/../lib/gcc/arm-none-eabi/7.2.1/thumb/v6-m/crtbegin.o
 *(.bss*)
 .bss.SysTickCount.5114
                0x20000424        0x1 ./obj/isr.o
 *(COMMON)
 *fill*         0x20000425        0x3 
 COMMON         0x20000428      0x40c ./obj/main.o
                0x20000428                gTime
                0x2000042c                component_fun
                0x20000430                gcRecvLen
                0x20000434                gcRecvBuf
                0x20000834                . = ALIGN (0x4)
                0x20000834                __bss_end__ = .
                0x20000834                __END_BSS = .

.heap           0x20000834      0x204 load address 0x00009a38
                0x20000838                . = ALIGN (0x8)
 *fill*         0x20000834        0x4 
                0x20000838                __end__ = .
                [!provide]                PROVIDE (end, .)
                0x20000838                __HeapBase = .
                0x20000a38                . = (. + HEAP_SIZE)
 *fill*         0x20000838      0x200 
                0x20000a38                __HeapLimit = .

.stack          0x20000a38      0x100 load address 0x00009c3c
                0x20000a38                . = ALIGN (0x8)
                0x20000b38                . = (. + STACK_SIZE)
 *fill*         0x20000a38      0x100 
                0x20001800                __StackTop = (ORIGIN (m_data) + LENGTH (m_data))
                0x20001700                __StackLimit = (__StackTop - STACK_SIZE)
                0x20001800                PROVIDE (__stack, __StackTop)

.ARM.attributes
                0x00000000       0x28
 *(.ARM.attributes)
 .ARM.attributes
                0x00000000       0x1e d:/嵌入式技术app/ahl-gec-ide(4.11)/gcc/bin/../lib/gcc/arm-none-eabi/7.2.1/thumb/v6-m/crti.o
 .ARM.attributes
                0x0000001e       0x2c d:/嵌入式技术app/ahl-gec-ide(4.11)/gcc/bin/../lib/gcc/arm-none-eabi/7.2.1/thumb/v6-m/crtbegin.o
 .ARM.attributes
                0x0000004a       0x32 ./obj/system_MKL36Z4.o
 .ARM.attributes
                0x0000007c       0x32 ./obj/systick.o
 .ARM.attributes
                0x000000ae       0x32 ./obj/main.o
 .ARM.attributes
                0x000000e0       0x32 ./obj/flash.o
 .ARM.attributes
                0x00000112       0x32 ./obj/gpio.o
 .ARM.attributes
                0x00000144       0x32 ./obj/wdog.o
 .ARM.attributes
                0x00000176       0x32 ./obj/gec.o
 .ARM.attributes
                0x000001a8       0x32 ./obj/uart.o
 .ARM.attributes
                0x000001da       0x32 ./obj/isr.o
 .ARM.attributes
                0x0000020c       0x32 ./obj/printf.o
 .ARM.attributes
                0x0000023e       0x1b ./obj/startup_MKL36Z4.o
 .ARM.attributes
                0x00000259       0x1e d:/嵌入式技术app/ahl-gec-ide(4.11)/gcc/bin/../lib/gcc/arm-none-eabi/7.2.1/thumb/v6-m\libgcc.a(_udivsi3.o)
 .ARM.attributes
                0x00000277       0x1e d:/嵌入式技术app/ahl-gec-ide(4.11)/gcc/bin/../lib/gcc/arm-none-eabi/7.2.1/thumb/v6-m\libgcc.a(_divsi3.o)
 .ARM.attributes
                0x00000295       0x1e d:/嵌入式技术app/ahl-gec-ide(4.11)/gcc/bin/../lib/gcc/arm-none-eabi/7.2.1/thumb/v6-m\libgcc.a(_dvmd_tls.o)
 .ARM.attributes
                0x000002b3       0x1e d:/嵌入式技术app/ahl-gec-ide(4.11)/gcc/bin/../lib/gcc/arm-none-eabi/7.2.1/thumb/v6-m\libgcc.a(_arm_cmpdf2.o)
 .ARM.attributes
                0x000002d1       0x1e d:/嵌入式技术app/ahl-gec-ide(4.11)/gcc/bin/../lib/gcc/arm-none-eabi/7.2.1/thumb/v6-m\libgcc.a(_aeabi_uldivmod.o)
 .ARM.attributes
                0x000002ef       0x2c d:/嵌入式技术app/ahl-gec-ide(4.11)/gcc/bin/../lib/gcc/arm-none-eabi/7.2.1/thumb/v6-m\libgcc.a(_fixunsdfsi.o)
 .ARM.attributes
                0x0000031b       0x2c d:/嵌入式技术app/ahl-gec-ide(4.11)/gcc/bin/../lib/gcc/arm-none-eabi/7.2.1/thumb/v6-m\libgcc.a(_fixunsdfdi.o)
 .ARM.attributes
                0x00000347       0x2c d:/嵌入式技术app/ahl-gec-ide(4.11)/gcc/bin/../lib/gcc/arm-none-eabi/7.2.1/thumb/v6-m\libgcc.a(_udivmoddi4.o)
 .ARM.attributes
                0x00000373       0x2c d:/嵌入式技术app/ahl-gec-ide(4.11)/gcc/bin/../lib/gcc/arm-none-eabi/7.2.1/thumb/v6-m\libgcc.a(eqdf2.o)
 .ARM.attributes
                0x0000039f       0x2c d:/嵌入式技术app/ahl-gec-ide(4.11)/gcc/bin/../lib/gcc/arm-none-eabi/7.2.1/thumb/v6-m\libgcc.a(gedf2.o)
 .ARM.attributes
                0x000003cb       0x2c d:/嵌入式技术app/ahl-gec-ide(4.11)/gcc/bin/../lib/gcc/arm-none-eabi/7.2.1/thumb/v6-m\libgcc.a(ledf2.o)
 .ARM.attributes
                0x000003f7       0x2c d:/嵌入式技术app/ahl-gec-ide(4.11)/gcc/bin/../lib/gcc/arm-none-eabi/7.2.1/thumb/v6-m\libgcc.a(muldf3.o)
 .ARM.attributes
                0x00000423       0x2c d:/嵌入式技术app/ahl-gec-ide(4.11)/gcc/bin/../lib/gcc/arm-none-eabi/7.2.1/thumb/v6-m\libgcc.a(subdf3.o)
 .ARM.attributes
                0x0000044f       0x2c d:/嵌入式技术app/ahl-gec-ide(4.11)/gcc/bin/../lib/gcc/arm-none-eabi/7.2.1/thumb/v6-m\libgcc.a(fixdfsi.o)
 .ARM.attributes
                0x0000047b       0x2c d:/嵌入式技术app/ahl-gec-ide(4.11)/gcc/bin/../lib/gcc/arm-none-eabi/7.2.1/thumb/v6-m\libgcc.a(floatunsidf.o)
 .ARM.attributes
                0x000004a7       0x1e d:/嵌入式技术app/ahl-gec-ide(4.11)/gcc/bin/../lib/gcc/arm-none-eabi/7.2.1/thumb/v6-m\libgcc.a(_clzsi2.o)
 .ARM.attributes
                0x000004c5       0x1e d:/嵌入式技术app/ahl-gec-ide(4.11)/gcc/bin/../lib/gcc/arm-none-eabi/7.2.1/thumb/v6-m\libgcc.a(_clzdi2.o)
 .ARM.attributes
                0x000004e3       0x2c d:/嵌入式技术app/ahl-gec-ide(4.11)/gcc/bin/../lib/gcc/arm-none-eabi/7.2.1/../../../../arm-none-eabi/lib/thumb/v6-m\libg_nano.a(lib_a-memcpy-stub.o)
 .ARM.attributes
                0x0000050f       0x2c d:/嵌入式技术app/ahl-gec-ide(4.11)/gcc/bin/../lib/gcc/arm-none-eabi/7.2.1/../../../../arm-none-eabi/lib/thumb/v6-m\libg_nano.a(lib_a-memset.o)
 .ARM.attributes
                0x0000053b       0x1c d:/嵌入式技术app/ahl-gec-ide(4.11)/gcc/bin/../lib/gcc/arm-none-eabi/7.2.1/../../../../arm-none-eabi/lib/thumb/v6-m\libg_nano.a(lib_a-strlen.o)
 .ARM.attributes
                0x00000557       0x1e d:/嵌入式技术app/ahl-gec-ide(4.11)/gcc/bin/../lib/gcc/arm-none-eabi/7.2.1/thumb/v6-m/crtn.o
                0x00000001                ASSERT ((__StackLimit >= __HeapLimit), region m_data overflowed with stack and heap)
OUTPUT(Flash_KL36_20200915.elf elf32-littlearm)

.debug_info     0x00000000     0x7e3b
 .debug_info    0x00000000      0x402 ./obj/system_MKL36Z4.o
 .debug_info    0x00000402      0x3fd ./obj/systick.o
 .debug_info    0x000007ff      0xb6e ./obj/main.o
 .debug_info    0x0000136d      0xf4b ./obj/flash.o
 .debug_info    0x000022b8     0x11e6 ./obj/gpio.o
 .debug_info    0x0000349e      0xaf5 ./obj/wdog.o
 .debug_info    0x00003f93      0xaef ./obj/gec.o
 .debug_info    0x00004a82     0x13ea ./obj/uart.o
 .debug_info    0x00005e6c      0xb09 ./obj/isr.o
 .debug_info    0x00006975     0x14a0 ./obj/printf.o
 .debug_info    0x00007e15       0x26 ./obj/startup_MKL36Z4.o

.debug_abbrev   0x00000000     0x18a6
 .debug_abbrev  0x00000000       0xed ./obj/system_MKL36Z4.o
 .debug_abbrev  0x000000ed      0x150 ./obj/systick.o
 .debug_abbrev  0x0000023d      0x217 ./obj/main.o
 .debug_abbrev  0x00000454      0x363 ./obj/flash.o
 .debug_abbrev  0x000007b7      0x35a ./obj/gpio.o
 .debug_abbrev  0x00000b11      0x204 ./obj/wdog.o
 .debug_abbrev  0x00000d15      0x22d ./obj/gec.o
 .debug_abbrev  0x00000f42      0x399 ./obj/uart.o
 .debug_abbrev  0x000012db      0x29b ./obj/isr.o
 .debug_abbrev  0x00001576      0x31c ./obj/printf.o
 .debug_abbrev  0x00001892       0x14 ./obj/startup_MKL36Z4.o

.debug_aranges  0x00000000      0x2b0
 .debug_aranges
                0x00000000       0x20 ./obj/system_MKL36Z4.o
 .debug_aranges
                0x00000020       0x20 ./obj/systick.o
 .debug_aranges
                0x00000040       0x20 ./obj/main.o
 .debug_aranges
                0x00000060       0x70 ./obj/flash.o
 .debug_aranges
                0x000000d0       0x78 ./obj/gpio.o
 .debug_aranges
                0x00000148       0x30 ./obj/wdog.o
 .debug_aranges
                0x00000178       0x20 ./obj/gec.o
 .debug_aranges
                0x00000198       0x70 ./obj/uart.o
 .debug_aranges
                0x00000208       0x30 ./obj/isr.o
 .debug_aranges
                0x00000238       0x58 ./obj/printf.o
 .debug_aranges
                0x00000290       0x20 ./obj/startup_MKL36Z4.o

.debug_ranges   0x00000000      0x1f0
 .debug_ranges  0x00000000       0x10 ./obj/system_MKL36Z4.o
 .debug_ranges  0x00000010       0x10 ./obj/systick.o
 .debug_ranges  0x00000020       0x10 ./obj/main.o
 .debug_ranges  0x00000030       0x60 ./obj/flash.o
 .debug_ranges  0x00000090       0x68 ./obj/gpio.o
 .debug_ranges  0x000000f8       0x20 ./obj/wdog.o
 .debug_ranges  0x00000118       0x10 ./obj/gec.o
 .debug_ranges  0x00000128       0x60 ./obj/uart.o
 .debug_ranges  0x00000188       0x20 ./obj/isr.o
 .debug_ranges  0x000001a8       0x48 ./obj/printf.o

.debug_macro    0x00000000     0x137f
 .debug_macro   0x00000000       0xa0 ./obj/system_MKL36Z4.o
 .debug_macro   0x000000a0       0x4f ./obj/system_MKL36Z4.o
 .debug_macro   0x000000ef       0x51 ./obj/system_MKL36Z4.o
 .debug_macro   0x00000140       0x4b ./obj/system_MKL36Z4.o
 .debug_macro   0x0000018b       0xe1 ./obj/systick.o
 .debug_macro   0x0000026c      0x20d ./obj/main.o
 .debug_macro   0x00000479       0x58 ./obj/main.o
 .debug_macro   0x000004d1       0x9a ./obj/main.o
 .debug_macro   0x0000056b       0x6a ./obj/main.o
 .debug_macro   0x000005d5       0x22 ./obj/main.o
 .debug_macro   0x000005f7       0x58 ./obj/main.o
 .debug_macro   0x0000064f       0x22 ./obj/main.o
 .debug_macro   0x00000671       0x40 ./obj/main.o
 .debug_macro   0x000006b1      0x193 ./obj/flash.o
 .debug_macro   0x00000844       0x64 ./obj/flash.o
 .debug_macro   0x000008a8      0x193 ./obj/gpio.o
 .debug_macro   0x00000a3b       0x52 ./obj/gpio.o
 .debug_macro   0x00000a8d      0x193 ./obj/wdog.o
 .debug_macro   0x00000c20       0x1c ./obj/wdog.o
 .debug_macro   0x00000c3c      0x207 ./obj/gec.o
 .debug_macro   0x00000e43      0x193 ./obj/uart.o
 .debug_macro   0x00000fd6      0x207 ./obj/isr.o
 .debug_macro   0x000011dd      0x1a2 ./obj/printf.o

.debug_line     0x00000000     0x2e6c
 .debug_line    0x00000000      0x2ac ./obj/system_MKL36Z4.o
 .debug_line    0x000002ac      0x32c ./obj/systick.o
 .debug_line    0x000005d8      0x4e4 ./obj/main.o
 .debug_line    0x00000abc      0x530 ./obj/flash.o
 .debug_line    0x00000fec      0x4d6 ./obj/gpio.o
 .debug_line    0x000014c2      0x3d1 ./obj/wdog.o
 .debug_line    0x00001893      0x4c0 ./obj/gec.o
 .debug_line    0x00001d53      0x54f ./obj/uart.o
 .debug_line    0x000022a2      0x508 ./obj/isr.o
 .debug_line    0x000027aa      0x654 ./obj/printf.o
 .debug_line    0x00002dfe       0x6e ./obj/startup_MKL36Z4.o

.debug_str      0x00000000    0x4eca4
 .debug_str     0x00000000    0x4a9b0 ./obj/system_MKL36Z4.o
                              0x4ade0 (size before relaxing)
 .debug_str     0x0004a9b0      0x5f0 ./obj/systick.o
                              0x4b2b7 (size before relaxing)
 .debug_str     0x0004afa0     0x36a0 ./obj/main.o
                              0x4e790 (size before relaxing)
 .debug_str     0x0004e640      0x1e6 ./obj/flash.o
                              0x4e392 (size before relaxing)
 .debug_str     0x0004e826      0x165 ./obj/gpio.o
                              0x4e51a (size before relaxing)
 .debug_str     0x0004e98b       0x29 ./obj/wdog.o
                              0x4e1cc (size before relaxing)
 .debug_str     0x0004e9b4       0x36 ./obj/gec.o
                              0x4e7b0 (size before relaxing)
 .debug_str     0x0004e9ea       0xfe ./obj/uart.o
                              0x4e540 (size before relaxing)
 .debug_str     0x0004eae8       0x40 ./obj/isr.o
                              0x4e7cf (size before relaxing)
 .debug_str     0x0004eb28      0x156 ./obj/printf.o
                              0x4e50d (size before relaxing)
 .debug_str     0x0004ec7e       0x26 ./obj/startup_MKL36Z4.o
                                 0x5c (size before relaxing)

.comment        0x00000000       0x7e
 .comment       0x00000000       0x7e ./obj/system_MKL36Z4.o
                                 0x7f (size before relaxing)
 .comment       0x0000007e       0x7f ./obj/systick.o
 .comment       0x0000007e       0x7f ./obj/main.o
 .comment       0x0000007e       0x7f ./obj/flash.o
 .comment       0x0000007e       0x7f ./obj/gpio.o
 .comment       0x0000007e       0x7f ./obj/wdog.o
 .comment       0x0000007e       0x7f ./obj/gec.o
 .comment       0x0000007e       0x7f ./obj/uart.o
 .comment       0x0000007e       0x7f ./obj/isr.o
 .comment       0x0000007e       0x7f ./obj/printf.o

.debug_frame    0x00000000      0x854
 .debug_frame   0x00000000       0x20 ./obj/system_MKL36Z4.o
 .debug_frame   0x00000020       0x28 ./obj/systick.o
 .debug_frame   0x00000048       0x28 ./obj/main.o
 .debug_frame   0x00000070       0xf8 ./obj/flash.o
 .debug_frame   0x00000168      0x154 ./obj/gpio.o
 .debug_frame   0x000002bc       0x40 ./obj/wdog.o
 .debug_frame   0x000002fc       0x2c ./obj/gec.o
 .debug_frame   0x00000328      0x134 ./obj/uart.o
 .debug_frame   0x0000045c       0x58 ./obj/isr.o
 .debug_frame   0x000004b4      0x110 ./obj/printf.o
 .debug_frame   0x000005c4       0x20 d:/嵌入式技术app/ahl-gec-ide(4.11)/gcc/bin/../lib/gcc/arm-none-eabi/7.2.1/thumb/v6-m\libgcc.a(_udivsi3.o)
 .debug_frame   0x000005e4       0x20 d:/嵌入式技术app/ahl-gec-ide(4.11)/gcc/bin/../lib/gcc/arm-none-eabi/7.2.1/thumb/v6-m\libgcc.a(_divsi3.o)
 .debug_frame   0x00000604       0x2c d:/嵌入式技术app/ahl-gec-ide(4.11)/gcc/bin/../lib/gcc/arm-none-eabi/7.2.1/thumb/v6-m\libgcc.a(_fixunsdfsi.o)
 .debug_frame   0x00000630       0x2c d:/嵌入式技术app/ahl-gec-ide(4.11)/gcc/bin/../lib/gcc/arm-none-eabi/7.2.1/thumb/v6-m\libgcc.a(_fixunsdfdi.o)
 .debug_frame   0x0000065c       0x3c d:/嵌入式技术app/ahl-gec-ide(4.11)/gcc/bin/../lib/gcc/arm-none-eabi/7.2.1/thumb/v6-m\libgcc.a(_udivmoddi4.o)
 .debug_frame   0x00000698       0x38 d:/嵌入式技术app/ahl-gec-ide(4.11)/gcc/bin/../lib/gcc/arm-none-eabi/7.2.1/thumb/v6-m\libgcc.a(eqdf2.o)
 .debug_frame   0x000006d0       0x38 d:/嵌入式技术app/ahl-gec-ide(4.11)/gcc/bin/../lib/gcc/arm-none-eabi/7.2.1/thumb/v6-m\libgcc.a(gedf2.o)
 .debug_frame   0x00000708       0x38 d:/嵌入式技术app/ahl-gec-ide(4.11)/gcc/bin/../lib/gcc/arm-none-eabi/7.2.1/thumb/v6-m\libgcc.a(ledf2.o)
 .debug_frame   0x00000740       0x3c d:/嵌入式技术app/ahl-gec-ide(4.11)/gcc/bin/../lib/gcc/arm-none-eabi/7.2.1/thumb/v6-m\libgcc.a(muldf3.o)
 .debug_frame   0x0000077c       0x3c d:/嵌入式技术app/ahl-gec-ide(4.11)/gcc/bin/../lib/gcc/arm-none-eabi/7.2.1/thumb/v6-m\libgcc.a(subdf3.o)
 .debug_frame   0x000007b8       0x2c d:/嵌入式技术app/ahl-gec-ide(4.11)/gcc/bin/../lib/gcc/arm-none-eabi/7.2.1/thumb/v6-m\libgcc.a(fixdfsi.o)
 .debug_frame   0x000007e4       0x28 d:/嵌入式技术app/ahl-gec-ide(4.11)/gcc/bin/../lib/gcc/arm-none-eabi/7.2.1/thumb/v6-m\libgcc.a(floatunsidf.o)
 .debug_frame   0x0000080c       0x28 d:/嵌入式技术app/ahl-gec-ide(4.11)/gcc/bin/../lib/gcc/arm-none-eabi/7.2.1/../../../../arm-none-eabi/lib/thumb/v6-m\libg_nano.a(lib_a-memcpy-stub.o)
 .debug_frame   0x00000834       0x20 d:/嵌入式技术app/ahl-gec-ide(4.11)/gcc/bin/../lib/gcc/arm-none-eabi/7.2.1/../../../../arm-none-eabi/lib/thumb/v6-m\libg_nano.a(lib_a-memset.o)

.debug_loc      0x00000000     0x2273
 .debug_loc     0x00000000       0x47 ./obj/systick.o
 .debug_loc     0x00000047       0x7a ./obj/main.o
 .debug_loc     0x000000c1      0x63b ./obj/flash.o
 .debug_loc     0x000006fc      0x336 ./obj/gpio.o
 .debug_loc     0x00000a32       0x53 ./obj/wdog.o
 .debug_loc     0x00000a85       0x14 ./obj/gec.o
 .debug_loc     0x00000a99      0x58a ./obj/uart.o
 .debug_loc     0x00001023       0x26 ./obj/isr.o
 .debug_loc     0x00001049     0x122a ./obj/printf.o
