Archive member included to satisfy reference by file (symbol)

d:/嵌入式技术app/ahl-gec-ide(4.11)/gcc/bin/../lib/gcc/arm-none-eabi/7.2.1/../../../../arm-none-eabi/lib/thumb/v6-m\libm.a(lib_a-w_log.o)
                              ./obj/adc.o (log)
d:/嵌入式技术app/ahl-gec-ide(4.11)/gcc/bin/../lib/gcc/arm-none-eabi/7.2.1/../../../../arm-none-eabi/lib/thumb/v6-m\libm.a(lib_a-e_log.o)
                              d:/嵌入式技术app/ahl-gec-ide(4.11)/gcc/bin/../lib/gcc/arm-none-eabi/7.2.1/../../../../arm-none-eabi/lib/thumb/v6-m\libm.a(lib_a-w_log.o) (__ieee754_log)
d:/嵌入式技术app/ahl-gec-ide(4.11)/gcc/bin/../lib/gcc/arm-none-eabi/7.2.1/../../../../arm-none-eabi/lib/thumb/v6-m\libm.a(lib_a-s_lib_ver.o)
                              d:/嵌入式技术app/ahl-gec-ide(4.11)/gcc/bin/../lib/gcc/arm-none-eabi/7.2.1/../../../../arm-none-eabi/lib/thumb/v6-m\libm.a(lib_a-w_log.o) (__fdlib_version)
d:/嵌入式技术app/ahl-gec-ide(4.11)/gcc/bin/../lib/gcc/arm-none-eabi/7.2.1/../../../../arm-none-eabi/lib/thumb/v6-m\libm.a(lib_a-s_matherr.o)
                              d:/嵌入式技术app/ahl-gec-ide(4.11)/gcc/bin/../lib/gcc/arm-none-eabi/7.2.1/../../../../arm-none-eabi/lib/thumb/v6-m\libm.a(lib_a-w_log.o) (matherr)
d:/嵌入式技术app/ahl-gec-ide(4.11)/gcc/bin/../lib/gcc/arm-none-eabi/7.2.1/../../../../arm-none-eabi/lib/thumb/v6-m\libm.a(lib_a-s_nan.o)
                              d:/嵌入式技术app/ahl-gec-ide(4.11)/gcc/bin/../lib/gcc/arm-none-eabi/7.2.1/../../../../arm-none-eabi/lib/thumb/v6-m\libm.a(lib_a-w_log.o) (nan)
d:/嵌入式技术app/ahl-gec-ide(4.11)/gcc/bin/../lib/gcc/arm-none-eabi/7.2.1/thumb/v6-m\libgcc.a(_udivsi3.o)
                              ./obj/uart.o (__aeabi_uidiv)
d:/嵌入式技术app/ahl-gec-ide(4.11)/gcc/bin/../lib/gcc/arm-none-eabi/7.2.1/thumb/v6-m\libgcc.a(_divsi3.o)
                              ./obj/printf.o (__aeabi_idiv)
d:/嵌入式技术app/ahl-gec-ide(4.11)/gcc/bin/../lib/gcc/arm-none-eabi/7.2.1/thumb/v6-m\libgcc.a(_dvmd_tls.o)
                              d:/嵌入式技术app/ahl-gec-ide(4.11)/gcc/bin/../lib/gcc/arm-none-eabi/7.2.1/thumb/v6-m\libgcc.a(_udivsi3.o) (__aeabi_idiv0)
d:/嵌入式技术app/ahl-gec-ide(4.11)/gcc/bin/../lib/gcc/arm-none-eabi/7.2.1/thumb/v6-m\libgcc.a(_arm_cmpdf2.o)
                              d:/嵌入式技术app/ahl-gec-ide(4.11)/gcc/bin/../lib/gcc/arm-none-eabi/7.2.1/../../../../arm-none-eabi/lib/thumb/v6-m\libm.a(lib_a-w_log.o) (__aeabi_dcmpeq)
d:/嵌入式技术app/ahl-gec-ide(4.11)/gcc/bin/../lib/gcc/arm-none-eabi/7.2.1/thumb/v6-m\libgcc.a(_arm_cmpsf2.o)
                              ./obj/main.o (__aeabi_fcmpge)
d:/嵌入式技术app/ahl-gec-ide(4.11)/gcc/bin/../lib/gcc/arm-none-eabi/7.2.1/thumb/v6-m\libgcc.a(_aeabi_uldivmod.o)
                              ./obj/printf.o (__aeabi_uldivmod)
d:/嵌入式技术app/ahl-gec-ide(4.11)/gcc/bin/../lib/gcc/arm-none-eabi/7.2.1/thumb/v6-m\libgcc.a(_fixunsdfsi.o)
                              ./obj/printf.o (__aeabi_d2uiz)
d:/嵌入式技术app/ahl-gec-ide(4.11)/gcc/bin/../lib/gcc/arm-none-eabi/7.2.1/thumb/v6-m\libgcc.a(_fixunsdfdi.o)
                              ./obj/printf.o (__aeabi_d2ulz)
d:/嵌入式技术app/ahl-gec-ide(4.11)/gcc/bin/../lib/gcc/arm-none-eabi/7.2.1/thumb/v6-m\libgcc.a(_udivmoddi4.o)
                              d:/嵌入式技术app/ahl-gec-ide(4.11)/gcc/bin/../lib/gcc/arm-none-eabi/7.2.1/thumb/v6-m\libgcc.a(_aeabi_uldivmod.o) (__udivmoddi4)
d:/嵌入式技术app/ahl-gec-ide(4.11)/gcc/bin/../lib/gcc/arm-none-eabi/7.2.1/thumb/v6-m\libgcc.a(divsf3.o)
                              ./obj/adc.o (__aeabi_fdiv)
d:/嵌入式技术app/ahl-gec-ide(4.11)/gcc/bin/../lib/gcc/arm-none-eabi/7.2.1/thumb/v6-m\libgcc.a(eqsf2.o)
                              d:/嵌入式技术app/ahl-gec-ide(4.11)/gcc/bin/../lib/gcc/arm-none-eabi/7.2.1/thumb/v6-m\libgcc.a(_arm_cmpsf2.o) (__eqsf2)
d:/嵌入式技术app/ahl-gec-ide(4.11)/gcc/bin/../lib/gcc/arm-none-eabi/7.2.1/thumb/v6-m\libgcc.a(gesf2.o)
                              d:/嵌入式技术app/ahl-gec-ide(4.11)/gcc/bin/../lib/gcc/arm-none-eabi/7.2.1/thumb/v6-m\libgcc.a(_arm_cmpsf2.o) (__gesf2)
d:/嵌入式技术app/ahl-gec-ide(4.11)/gcc/bin/../lib/gcc/arm-none-eabi/7.2.1/thumb/v6-m\libgcc.a(lesf2.o)
                              d:/嵌入式技术app/ahl-gec-ide(4.11)/gcc/bin/../lib/gcc/arm-none-eabi/7.2.1/thumb/v6-m\libgcc.a(_arm_cmpsf2.o) (__lesf2)
d:/嵌入式技术app/ahl-gec-ide(4.11)/gcc/bin/../lib/gcc/arm-none-eabi/7.2.1/thumb/v6-m\libgcc.a(mulsf3.o)
                              ./obj/adc.o (__aeabi_fmul)
d:/嵌入式技术app/ahl-gec-ide(4.11)/gcc/bin/../lib/gcc/arm-none-eabi/7.2.1/thumb/v6-m\libgcc.a(subsf3.o)
                              ./obj/adc.o (__aeabi_fsub)
d:/嵌入式技术app/ahl-gec-ide(4.11)/gcc/bin/../lib/gcc/arm-none-eabi/7.2.1/thumb/v6-m\libgcc.a(floatunsisf.o)
                              ./obj/adc.o (__aeabi_ui2f)
d:/嵌入式技术app/ahl-gec-ide(4.11)/gcc/bin/../lib/gcc/arm-none-eabi/7.2.1/thumb/v6-m\libgcc.a(adddf3.o)
                              ./obj/adc.o (__aeabi_dadd)
d:/嵌入式技术app/ahl-gec-ide(4.11)/gcc/bin/../lib/gcc/arm-none-eabi/7.2.1/thumb/v6-m\libgcc.a(divdf3.o)
                              ./obj/adc.o (__aeabi_ddiv)
[...]
Memory Configuration

Name             Origin             Length             Attributes
m_interrupts     0x00006800         0x00000400         xr
m_flash_config   0x00006c00         0x00000010         xr
m_text           0x00006c10         0x00008ff0         xr
m_data           0x20000400         0x00001400         rw
*default*        0x00000000         0xffffffff

Linker script and memory map

LOAD d:/嵌入式技术app/ahl-gec-ide(4.11)/gcc/bin/../lib/gcc/arm-none-eabi/7.2.1/thumb/v6-m/crti.o
LOAD d:/嵌入式技术app/ahl-gec-ide(4.11)/gcc/bin/../lib/gcc/arm-none-eabi/7.2.1/thumb/v6-m/crtbegin.o
LOAD d:/嵌入式技术app/ahl-gec-ide(4.11)/gcc/bin/../lib/gcc/arm-none-eabi/7.2.1/../../../../arm-none-eabi/lib/thumb/v6-m/crt0.o
LOAD ./obj/adc.o
LOAD ./obj/i2c.o
LOAD ./obj/system_MKL36Z4.o
LOAD ./obj/tm1637.o
LOAD ./obj/main.o
LOAD ./obj/flash.o
LOAD ./obj/gpio.o
LOAD ./obj/wdog.o
LOAD ./obj/ws2812.o
LOAD ./obj/adlx345.o
LOAD ./obj/gec.o
LOAD ./obj/uart.o
LOAD ./obj/isr.o
LOAD ./obj/printf.o
LOAD ./obj/startup_MKL36Z4.o
LOAD d:/嵌入式技术app/ahl-gec-ide(4.11)/gcc/bin/../lib/gcc/arm-none-eabi/7.2.1/../../../../arm-none-eabi/lib/thumb/v6-m\libstdc++_nano.a
LOAD d:/嵌入式技术app/ahl-gec-ide(4.11)/gcc/bin/../lib/gcc/arm-none-eabi/7.2.1/../../../../arm-none-eabi/lib/thumb/v6-m\libm.a
START GROUP
LOAD d:/嵌入式技术app/ahl-gec-ide(4.11)/gcc/bin/../lib/gcc/arm-none-eabi/7.2.1/thumb/v6-m\libgcc.a
LOAD d:/嵌入式技术app/ahl-gec-ide(4.11)/gcc/bin/../lib/gcc/arm-none-eabi/7.2.1/../../../../arm-none-eabi/lib/thumb/v6-m\libg_nano.a
LOAD d:/嵌入式技术app/ahl-gec-ide(4.11)/gcc/bin/../lib/gcc/arm-none-eabi/7.2.1/../../../../arm-none-eabi/lib/thumb/v6-m\libc_nano.a
END GROUP
START GROUP
LOAD d:/嵌入式技术app/ahl-gec-ide(4.11)/gcc/bin/../lib/gcc/arm-none-eabi/7.2.1/thumb/v6-m\libgcc.a
LOAD d:/嵌入式技术app/ahl-gec-ide(4.11)/gcc/bin/../lib/gcc/arm-none-eabi/7.2.1/../../../../arm-none-eabi/lib/thumb/v6-m\libc_nano.a
LOAD d:/嵌入式技术app/ahl-gec-ide(4.11)/gcc/bin/../lib/gcc/arm-none-eabi/7.2.1/../../../../arm-none-eabi/lib/thumb/v6-m\libnosys.a
END GROUP
START GROUP
LOAD d:/嵌入式技术app/ahl-gec-ide(4.11)/gcc/bin/../lib/gcc/arm-none-eabi/7.2.1/thumb/v6-m\libgcc.a
LOAD d:/嵌入式技术app/ahl-gec-ide(4.11)/gcc/bin/../lib/gcc/arm-none-eabi/7.2.1/../../../../arm-none-eabi/lib/thumb/v6-m\libc_nano.a
LOAD d:/嵌入式技术app/ahl-gec-ide(4.11)/gcc/bin/../lib/gcc/arm-none-eabi/7.2.1/../../../../arm-none-eabi/lib/thumb/v6-m\libnosys.a
END GROUP
LOAD d:/嵌入式技术app/ahl-gec-ide(4.11)/gcc/bin/../lib/gcc/arm-none-eabi/7.2.1/thumb/v6-m/crtend.o
LOAD d:/嵌入式技术app/ahl-gec-ide(4.11)/gcc/bin/../lib/gcc/arm-none-eabi/7.2.1/thumb/v6-m/crtn.o
                0x00000200                HEAP_SIZE = DEFINED (__heap_size__)?__heap_size__:0x200
                0x00000100                STACK_SIZE = DEFINED (__stack_size__)?__stack_size__:0x100
                0x00000400                MCU_SECTORSIZE = 0x400
                0x00000000                MCU_FLASH_ADDR_START = 0x0
                0x0000001a                GEC_USER_SECTOR_START = 0x1a
                0x0000003e                GEC_USER_SECTOR_END = 0x3e
                0x20000400                GEC_USER_RAM_START = 0x20000400
                0x200017ff                GEC_USER_RAM_END = 0x200017ff

.interrupts     0x00006800       0xc0
                0x00006800                __VECTOR_TABLE = .
                0x00006800                . = ALIGN (0x4)
 *(.isr_vector)
 .isr_vector    0x00006800       0xc0 ./obj/startup_MKL36Z4.o
                0x00006800                __isr_vector
                0x000068c0                . = ALIGN (0x4)

.flash_config   0x00006c00       0x10
                0x00006c00                . = ALIGN (0x4)
 *(.FlashConfig)
 .FlashConfig   0x00006c00       0x10 ./obj/startup_MKL36Z4.o
                0x00006c10                . = ALIGN (0x4)

.text           0x00006c10     0x45f4
                0x00006c10                . = ALIGN (0x4)
 *(.text)
 .text          0x00006c10       0x48 d:/嵌入式技术app/ahl-gec-ide(4.11)/gcc/bin/../lib/gcc/arm-none-eabi/7.2.1/thumb/v6-m/crtbegin.o
 .text          0x00006c58       0x50 ./obj/startup_MKL36Z4.o
                0x00006c58                Reset_Handler
                0x00006ca0                HardFault_Handler
                0x00006ca0                SysTick_Handler
                0x00006ca0                PendSV_Handler
                0x00006ca0                NMI_Handler
                0x00006ca0                PORTC_PORTD_IRQHandler
                0x00006ca0                I2C1_IRQHandler
                0x00006ca0                UART1_IRQHandler
                0x00006ca0                DMA2_IRQHandler
                0x00006ca0                TPM0_IRQHandler
                0x00006ca0                I2S0_IRQHandler
                0x00006ca0                LLWU_IRQHandler
                0x00006ca0                TSI0_IRQHandler
                0x00006ca0                ADC0_IRQHandler
                0x00006ca0                SPI1_IRQHandler
                0x00006ca0                DefaultISR
                0x00006ca0                TPM2_IRQHandler
                0x00006ca0                RTC_IRQHandler
                0x00006ca0                I2C0_IRQHandler
                0x00006ca0                LCD_IRQHandler
                0x00006ca0                RTC_Seconds_IRQHandler
                0x00006ca0                MCG_IRQHandler
                0x00006ca0                UART2_IRQHandler
                0x00006ca0                Reserved20_IRQHandler
                0x00006ca0                PIT_IRQHandler
                0x00006ca0                SVC_Handler
                0x00006ca0                DMA3_IRQHandler
                0x00006ca0                DMA0_IRQHandler
                0x00006ca0                DAC0_IRQHandler
                0x00006ca0                TPM1_IRQHandler
                0x00006ca0                LVD_LVW_IRQHandler
                0x00006ca0                SPI0_IRQHandler
                0x00006ca0                PORTA_IRQHandler
                0x00006ca0                FTFA_IRQHandler
                0x00006ca0                Reserved40_IRQHandler
                0x00006ca0                LPTMR0_IRQHandler
                0x00006ca0                CMP0_IRQHandler
                0x00006ca0                DMA1_IRQHandler
 .text          0x00006ca8      0x114 d:/嵌入式技术app/ahl-gec-ide(4.11)/gcc/bin/../lib/gcc/arm-none-eabi/7.2.1/thumb/v6-m\libgcc.a(_udivsi3.o)
                0x00006ca8                __aeabi_uidiv
                0x00006ca8                __udivsi3
                0x00006db4                __aeabi_uidivmod
 .text          0x00006dbc      0x1d4 d:/嵌入式技术app/ahl-gec-ide(4.11)/gcc/bin/../lib/gcc/arm-none-eabi/7.2.1/thumb/v6-m\libgcc.a(_divsi3.o)
                0x00006dbc                __divsi3
                0x00006dbc                __aeabi_idiv
                0x00006f88                __aeabi_idivmod
 .text          0x00006f90        0x4 d:/嵌入式技术app/ahl-gec-ide(4.11)/gcc/bin/../lib/gcc/arm-none-eabi/7.2.1/thumb/v6-m\libgcc.a(_dvmd_tls.o)
                0x00006f90                __aeabi_idiv0
                0x00006f90                __aeabi_ldiv0
 .text          0x00006f94       0x7c d:/嵌入式技术app/ahl-gec-ide(4.11)/gcc/bin/../lib/gcc/arm-none-eabi/7.2.1/thumb/v6-m\libgcc.a(_arm_cmpdf2.o)
                0x00006f94                __aeabi_cdrcmple
                0x00006fa4                __aeabi_cdcmple
                0x00006fa4                __aeabi_cdcmpeq
                0x00006fb4                __aeabi_dcmpeq
                0x00006fc0                __aeabi_dcmplt
                0x00006fd4                __aeabi_dcmple
                0x00006fe8                __aeabi_dcmpgt
                0x00006ffc                __aeabi_dcmpge
 .text          0x00007010       0x74 d:/嵌入式技术app/ahl-gec-ide(4.11)/gcc/bin/../lib/gcc/arm-none-eabi/7.2.1/thumb/v6-m\libgcc.a(_arm_cmpsf2.o)
                0x00007010                __aeabi_cfrcmple
                0x00007018                __aeabi_cfcmpeq
                0x00007018                __aeabi_cfcmple
                0x00007028                __aeabi_fcmpeq
                0x00007034                __aeabi_fcmplt
                0x00007048                __aeabi_fcmple
                0x0000705c                __aeabi_fcmpgt
                0x00007070                __aeabi_fcmpge
 .text          0x00007084       0x40 d:/嵌入式技术app/ahl-gec-ide(4.11)/gcc/bin/../lib/gcc/arm-none-eabi/7.2.1/thumb/v6-m\libgcc.a(_aeabi_uldivmod.o)
                0x00007084                __aeabi_uldivmod
 .text          0x000070c4       0x3c d:/嵌入式技术app/ahl-gec-ide(4.11)/gcc/bin/../lib/gcc/arm-none-eabi/7.2.1/thumb/v6-m\libgcc.a(_fixunsdfsi.o)
                0x000070c4                __aeabi_d2uiz
                0x000070c4                __fixunsdfsi
 .text          0x00007100       0x3c d:/嵌入式技术app/ahl-gec-ide(4.11)/gcc/bin/../lib/gcc/arm-none-eabi/7.2.1/thumb/v6-m\libgcc.a(_fixunsdfdi.o)
                0x00007100                __fixunsdfdi
                0x00007100                __aeabi_d2ulz
 .text          0x0000713c      0x184 d:/嵌入式技术app/ahl-gec-ide(4.11)/gcc/bin/../lib/gcc/arm-none-eabi/7.2.1/thumb/v6-m\libgcc.a(_udivmoddi4.o)
                0x0000713c                __udivmoddi4
 .text          0x000072c0      0x224 d:/嵌入式技术app/ahl-gec-ide(4.11)/gcc/bin/../lib/gcc/arm-none-eabi/7.2.1/thumb/v6-m\libgcc.a(divsf3.o)
                0x000072c0                __aeabi_fdiv
 .text          0x000074e4       0x50 d:/嵌入式技术app/ahl-gec-ide(4.11)/gcc/bin/../lib/gcc/arm-none-eabi/7.2.1/thumb/v6-m\libgcc.a(eqsf2.o)
                0x000074e4                __eqsf2
                0x000074e4                __nesf2
 .text          0x00007534       0x9c d:/嵌入式技术app/ahl-gec-ide(4.11)/gcc/bin/../lib/gcc/arm-none-eabi/7.2.1/thumb/v6-m\libgcc.a(gesf2.o)
                0x00007534                __gesf2
                0x00007534                __gtsf2
 .text          0x000075d0       0xa0 d:/嵌入式技术app/ahl-gec-ide(4.11)/gcc/bin/../lib/gcc/arm-none-eabi/7.2.1/thumb/v6-m\libgcc.a(lesf2.o)
                0x000075d0                __ltsf2
                0x000075d0                __lesf2
 .text          0x00007670      0x264 d:/嵌入式技术app/ahl-gec-ide(4.11)/gcc/bin/../lib/gcc/arm-none-eabi/7.2.1/thumb/v6-m\libgcc.a(mulsf3.o)
                0x00007670                __aeabi_fmul
 .text          0x000078d4      0x388 d:/嵌入式技术app/ahl-gec-ide(4.11)/gcc/bin/../lib/gcc/arm-none-eabi/7.2.1/thumb/v6-m\libgcc.a(subsf3.o)
                0x000078d4                __aeabi_fsub
 .text          0x00007c5c       0x80 d:/嵌入式技术app/ahl-gec-ide(4.11)/gcc/bin/../lib/gcc/arm-none-eabi/7.2.1/thumb/v6-m\libgcc.a(floatunsisf.o)
                0x00007c5c                __aeabi_ui2f
 .text          0x00007cdc      0x638 d:/嵌入式技术app/ahl-gec-ide(4.11)/gcc/bin/../lib/gcc/arm-none-eabi/7.2.1/thumb/v6-m\libgcc.a(adddf3.o)
                0x00007cdc                __aeabi_dadd
 .text          0x00008314      0x604 d:/嵌入式技术app/ahl-gec-ide(4.11)/gcc/bin/../lib/gcc/arm-none-eabi/7.2.1/thumb/v6-m\libgcc.a(divdf3.o)
                0x00008314                __aeabi_ddiv
 .text          0x00008918       0x78 d:/嵌入式技术app/ahl-gec-ide(4.11)/gcc/bin/../lib/gcc/arm-none-eabi/7.2.1/thumb/v6-m\libgcc.a(eqdf2.o)
                0x00008918                __nedf2
                0x00008918                __eqdf2
 .text          0x00008990       0xc8 d:/嵌入式技术app/ahl-gec-ide(4.11)/gcc/bin/../lib/gcc/arm-none-eabi/7.2.1/thumb/v6-m\libgcc.a(gedf2.o)
                0x00008990                __gedf2
                0x00008990                __gtdf2
 .text          0x00008a58       0xd0 d:/嵌入式技术app/ahl-gec-ide(4.11)/gcc/bin/../lib/gcc/arm-none-eabi/7.2.1/thumb/v6-m\libgcc.a(ledf2.o)
                0x00008a58                __ledf2
                0x00008a58                __ltdf2
 .text          0x00008b28      0x4e4 d:/嵌入式技术app/ahl-gec-ide(4.11)/gcc/bin/../lib/gcc/arm-none-eabi/7.2.1/thumb/v6-m\libgcc.a(muldf3.o)
                0x00008b28                __aeabi_dmul
 .text          0x0000900c      0x690 d:/嵌入式技术app/ahl-gec-ide(4.11)/gcc/bin/../lib/gcc/arm-none-eabi/7.2.1/thumb/v6-m\libgcc.a(subdf3.o)
                0x0000900c                __aeabi_dsub
 .text          0x0000969c       0x38 d:/嵌入式技术app/ahl-gec-ide(4.11)/gcc/bin/../lib/gcc/arm-none-eabi/7.2.1/thumb/v6-m\libgcc.a(unorddf2.o)
                0x0000969c                __aeabi_dcmpun
 .text          0x000096d4       0x6c d:/嵌入式技术app/ahl-gec-ide(4.11)/gcc/bin/../lib/gcc/arm-none-eabi/7.2.1/thumb/v6-m\libgcc.a(fixdfsi.o)
                0x000096d4                __aeabi_d2iz
 .text          0x00009740       0x74 d:/嵌入式技术app/ahl-gec-ide(4.11)/gcc/bin/../lib/gcc/arm-none-eabi/7.2.1/thumb/v6-m\libgcc.a(floatsidf.o)
                0x00009740                __aeabi_i2d
 .text          0x000097b4       0x64 d:/嵌入式技术app/ahl-gec-ide(4.11)/gcc/bin/../lib/gcc/arm-none-eabi/7.2.1/thumb/v6-m\libgcc.a(floatunsidf.o)
                0x000097b4                __aeabi_ui2d
 .text          0x00009818       0xa4 d:/嵌入式技术app/ahl-gec-ide(4.11)/gcc/bin/../lib/gcc/arm-none-eabi/7.2.1/thumb/v6-m\libgcc.a(extendsfdf2.o)
                0x00009818                __aeabi_f2d
 .text          0x000098bc      0x108 d:/嵌入式技术app/ahl-gec-ide(4.11)/gcc/bin/../lib/gcc/arm-none-eabi/7.2.1/thumb/v6-m\libgcc.a(truncdfsf2.o)
                0x000098bc                __aeabi_d2f
 .text          0x000099c4       0x3c d:/嵌入式技术app/ahl-gec-ide(4.11)/gcc/bin/../lib/gcc/arm-none-eabi/7.2.1/thumb/v6-m\libgcc.a(_clzsi2.o)
                0x000099c4                __clzsi2
 .text          0x00009a00       0x18 d:/嵌入式技术app/ahl-gec-ide(4.11)/gcc/bin/../lib/gcc/arm-none-eabi/7.2.1/thumb/v6-m\libgcc.a(_clzdi2.o)
                0x00009a00                __clzdi2
 .text          0x00009a18        0xe d:/嵌入式技术app/ahl-gec-ide(4.11)/gcc/bin/../lib/gcc/arm-none-eabi/7.2.1/../../../../arm-none-eabi/lib/thumb/v6-m\libg_nano.a(lib_a-strlen.o)
                0x00009a18                strlen
 *(.text*)
 *fill*         0x00009a26        0x2 
 .text.adc_read_inner
                0x00009a28       0x24 ./obj/adc.o
                0x00009a28                adc_read_inner
 .text.adc_read
                0x00009a4c        0xa ./obj/adc.o
                0x00009a4c                adc_read
 *fill*         0x00009a56        0x2 
 .text.adc_cal  0x00009a58       0x90 ./obj/adc.o
                0x00009a58                adc_cal
 .text.adc_init_inner
                0x00009ae8       0xa4 ./obj/adc.o
                0x00009ae8                adc_init_inner
 .text.adc_init
                0x00009b8c       0x26 ./obj/adc.o
                0x00009b8c                adc_init
 *fill*         0x00009bb2        0x2 
 .text.TempRegression
                0x00009bb4       0x84 ./obj/adc.o
                0x00009bb4                TempRegression
 .text.TempTrans
                0x00009c38       0x48 ./obj/adc.o
                0x00009c38                TempTrans
 .text.SystemInit
                0x00009c80       0xc4 ./obj/system_MKL36Z4.o
                0x00009c80                SystemInit
 .text.main     0x00009d44       0xb8 ./obj/main.o
                0x00009d44                main
 .text.flash_read_physical
                0x00009dfc        0x8 ./obj/flash.o
                0x00009dfc                flash_read_physical
 .text.flash_isempty
                0x00009e04       0x1e ./obj/flash.o
                0x00009e04                flash_isempty
 *fill*         0x00009e22        0x2 
 .text.flash_cmd_launch
                0x00009e24       0x44 ./obj/flash.o
                0x00009e24                flash_cmd_launch
 .text.flash_erase
                0x00009e68       0x68 ./obj/flash.o
                0x00009e68                flash_erase
 .text.flash_write_physical
                0x00009ed0       0x54 ./obj/flash.o
                0x00009ed0                flash_write_physical
 .text.gpio_get_port_pin
                0x00009f24        0x8 ./obj/gpio.o
                0x00009f24                gpio_get_port_pin
 .text.gpio_set
                0x00009f2c       0x44 ./obj/gpio.o
                0x00009f2c                gpio_set
 .text.gpio_init
                0x00009f70       0x78 ./obj/gpio.o
                0x00009f70                gpio_init
 .text.Vectors_Init
                0x00009fe8       0x8c ./obj/gec.o
                0x00009fe8                Vectors_Init
 .text.uart_is_uartNo
                0x0000a074        0xc ./obj/uart.o
                0x0000a074                uart_is_uartNo
 .text.uart_send1
                0x0000a080       0x5c ./obj/uart.o
                0x0000a080                uart_send1
 .text.uart_re1
                0x0000a0dc       0x68 ./obj/uart.o
                0x0000a0dc                uart_re1
 .text.UART0_IRQHandler
                0x0000a144       0x28 ./obj/isr.o
                0x0000a144                UART0_IRQHandler
 .text.printk_putc
                0x0000a16c       0x2a ./obj/printf.o
 .text.printk_mknumstr
                0x0000a196       0x84 ./obj/printf.o
 .text.printk_pad_zero
                0x0000a21a       0x1e ./obj/printf.o
 .text.printk_pad_space
                0x0000a238       0x1e ./obj/printf.o
 .text.out_char
                0x0000a256        0xc ./obj/printf.o
                0x0000a256                out_char
 *fill*         0x0000a262        0x2 
 .text.printk_mkfloatstr
                0x0000a264      0x188 ./obj/printf.o
                0x0000a264                printk_mkfloatstr
 .text.printk   0x0000a3ec      0x560 ./obj/printf.o
                0x0000a3ec                printk
 .text.myprintf
                0x0000a94c       0x24 ./obj/printf.o
                0x0000a94c                myprintf
 .text.log      0x0000a970      0x110 d:/嵌入式技术app/ahl-gec-ide(4.11)/gcc/bin/../lib/gcc/arm-none-eabi/7.2.1/../../../../arm-none-eabi/lib/thumb/v6-m\libm.a(lib_a-w_log.o)
                0x0000a970                log
 .text.__ieee754_log
                0x0000aa80      0x3ac d:/嵌入式技术app/ahl-gec-ide(4.11)/gcc/bin/../lib/gcc/arm-none-eabi/7.2.1/../../../../arm-none-eabi/lib/thumb/v6-m\libm.a(lib_a-e_log.o)
                0x0000aa80                __ieee754_log
 .text.matherr  0x0000ae2c        0x4 d:/嵌入式技术app/ahl-gec-ide(4.11)/gcc/bin/../lib/gcc/arm-none-eabi/7.2.1/../../../../arm-none-eabi/lib/thumb/v6-m\libm.a(lib_a-s_matherr.o)
                0x0000ae2c                matherr
 .text.nan      0x0000ae30        0xc d:/嵌入式技术app/ahl-gec-ide(4.11)/gcc/bin/../lib/gcc/arm-none-eabi/7.2.1/../../../../arm-none-eabi/lib/thumb/v6-m\libm.a(lib_a-s_nan.o)
                0x0000ae30                nan
 .text.__errno  0x0000ae3c        0xc d:/嵌入式技术app/ahl-gec-ide(4.11)/gcc/bin/../lib/gcc/arm-none-eabi/7.2.1/../../../../arm-none-eabi/lib/thumb/v6-m\libg_nano.a(lib_a-errno.o)
                0x0000ae3c                __errno
 .text.memcpy   0x0000ae48       0x12 d:/嵌入式技术app/ahl-gec-ide(4.11)/gcc/bin/../lib/gcc/arm-none-eabi/7.2.1/../../../../arm-none-eabi/lib/thumb/v6-m\libg_nano.a(lib_a-memcpy-stub.o)
                0x0000ae48                memcpy
 .text.memset   0x0000ae5a       0x10 d:/嵌入式技术app/ahl-gec-ide(4.11)/gcc/bin/../lib/gcc/arm-none-eabi/7.2.1/../../../../arm-none-eabi/lib/thumb/v6-m\libg_nano.a(lib_a-memset.o)
                0x0000ae5a                memset
 *(.rodata)
 *fill*         0x0000ae6a        0x2 
 .rodata        0x0000ae6c       0x80 d:/嵌入式技术app/ahl-gec-ide(4.11)/gcc/bin/../lib/gcc/arm-none-eabi/7.2.1/thumb/v6-m\libgcc.a(divsf3.o)
 .rodata        0x0000aeec       0x40 d:/嵌入式技术app/ahl-gec-ide(4.11)/gcc/bin/../lib/gcc/arm-none-eabi/7.2.1/thumb/v6-m\libgcc.a(mulsf3.o)
 .rodata        0x0000af2c       0x40 d:/嵌入式技术app/ahl-gec-ide(4.11)/gcc/bin/../lib/gcc/arm-none-eabi/7.2.1/thumb/v6-m\libgcc.a(divdf3.o)
 .rodata        0x0000af6c       0x40 d:/嵌入式技术app/ahl-gec-ide(4.11)/gcc/bin/../lib/gcc/arm-none-eabi/7.2.1/thumb/v6-m\libgcc.a(muldf3.o)
 *(.rodata*)
 .rodata.adc_init_inner
                0x0000afac       0x18 ./obj/adc.o
 .rodata.main.str1.4
                0x0000afc4       0xe2 ./obj/main.o
 *fill*         0x0000b0a6        0x2 
 .rodata.GPIO_ARR
                0x0000b0a8       0x14 ./obj/gpio.o
                0x0000b0a8                GPIO_ARR
 .rodata.PORT_ARR
                0x0000b0bc       0x14 ./obj/gpio.o
                0x0000b0bc                PORT_ARR
 .rodata.Vectors_Init.str1.4
                0x0000b0d0       0x48 ./obj/gec.o
 .rodata.UART_ARR
                0x0000b118        0x8 ./obj/uart.o
                0x0000b118                UART_ARR
 .rodata.printk
                0x0000b120       0xc8 ./obj/printf.o
 .rodata.log.str1.4
                0x0000b1e8        0x4 d:/嵌入式技术app/ahl-gec-ide(4.11)/gcc/bin/../lib/gcc/arm-none-eabi/7.2.1/../../../../arm-none-eabi/lib/thumb/v6-m\libm.a(lib_a-w_log.o)
                                  0x5 (size before relaxing)
 *(.glue_7)
 .glue_7        0x0000b1ec        0x0 linker stubs
 *(.glue_7t)
 .glue_7t       0x0000b1ec        0x0 linker stubs
 *(.eh_frame)
 .eh_frame      0x0000b1ec        0x0 d:/嵌入式技术app/ahl-gec-ide(4.11)/gcc/bin/../lib/gcc/arm-none-eabi/7.2.1/thumb/v6-m/crtbegin.o
 *(.init)
 .init          0x0000b1ec        0x4 d:/嵌入式技术app/ahl-gec-ide(4.11)/gcc/bin/../lib/gcc/arm-none-eabi/7.2.1/thumb/v6-m/crti.o
                0x0000b1ec                _init
 .init          0x0000b1f0        0x8 d:/嵌入式技术app/ahl-gec-ide(4.11)/gcc/bin/../lib/gcc/arm-none-eabi/7.2.1/thumb/v6-m/crtn.o
 *(.fini)
 .fini          0x0000b1f8        0x4 d:/嵌入式技术app/ahl-gec-ide(4.11)/gcc/bin/../lib/gcc/arm-none-eabi/7.2.1/thumb/v6-m/crti.o
                0x0000b1f8                _fini
 .fini          0x0000b1fc        0x8 d:/嵌入式技术app/ahl-gec-ide(4.11)/gcc/bin/../lib/gcc/arm-none-eabi/7.2.1/thumb/v6-m/crtn.o
                0x0000b204                . = ALIGN (0x4)

.vfp11_veneer   0x0000b204        0x0
 .vfp11_veneer  0x0000b204        0x0 linker stubs

.v4_bx          0x0000b204        0x0
 .v4_bx         0x0000b204        0x0 linker stubs

.iplt           0x0000b204        0x0
 .iplt          0x0000b204        0x0 d:/嵌入式技术app/ahl-gec-ide(4.11)/gcc/bin/../lib/gcc/arm-none-eabi/7.2.1/thumb/v6-m/crtbegin.o

.ARM.extab
 *(.ARM.extab* .gnu.linkonce.armextab.*)

.ARM            0x0000b204        0x8
                0x0000b204                __exidx_start = .
 *(.ARM.exidx*)
 .ARM.exidx     0x0000b204        0x8 d:/嵌入式技术app/ahl-gec-ide(4.11)/gcc/bin/../lib/gcc/arm-none-eabi/7.2.1/thumb/v6-m\libgcc.a(_udivmoddi4.o)
                0x0000b20c                __exidx_end = .

.rel.dyn        0x0000b20c        0x0
 .rel.iplt      0x0000b20c        0x0 d:/嵌入式技术app/ahl-gec-ide(4.11)/gcc/bin/../lib/gcc/arm-none-eabi/7.2.1/thumb/v6-m/crtbegin.o

.ctors          0x0000b20c        0x0
                0x0000b20c                __CTOR_LIST__ = .
 *crtbegin.o(.ctors)
 *crtbegin?.o(.ctors)
 *(EXCLUDE_FILE(*crtend.o *crtend?.o) .ctors)
 *(SORT_BY_NAME(.ctors.*))
 *(.ctors)
                0x0000b20c                __CTOR_END__ = .

.dtors          0x0000b20c        0x0
                0x0000b20c                __DTOR_LIST__ = .
 *crtbegin.o(.dtors)
 *crtbegin?.o(.dtors)
 *(EXCLUDE_FILE(*crtend.o *crtend?.o) .dtors)
 *(SORT_BY_NAME(.dtors.*))
 *(.dtors)
                0x0000b20c                __DTOR_END__ = .

.preinit_array  0x0000b20c        0x0
                0x0000b20c                PROVIDE (__preinit_array_start, .)
 *(.preinit_array*)
                0x0000b20c                PROVIDE (__preinit_array_end, .)

.init_array     0x0000b20c        0x4
                0x0000b20c                PROVIDE (__init_array_start, .)
 *(SORT_BY_NAME(.init_array.*))
 *(.init_array*)
 .init_array    0x0000b20c        0x4 d:/嵌入式技术app/ahl-gec-ide(4.11)/gcc/bin/../lib/gcc/arm-none-eabi/7.2.1/thumb/v6-m/crtbegin.o
                0x0000b210                PROVIDE (__init_array_end, .)

.fini_array     0x0000b210        0x4
                [!provide]                PROVIDE (__fini_array_start, .)
 *(SORT_BY_NAME(.fini_array.*))
 *(.fini_array*)
 .fini_array    0x0000b210        0x4 d:/嵌入式技术app/ahl-gec-ide(4.11)/gcc/bin/../lib/gcc/arm-none-eabi/7.2.1/thumb/v6-m/crtbegin.o
                [!provide]                PROVIDE (__fini_array_end, .)
                0x0000b214                __etext = .
                0x0000b214                __DATA_ROM = .

.mtb            0x20000400        0x0
                0x20000400                . = ALIGN (0x8)
                0x20000400                _mtb_start = .
 *(.mtb_buf)
                0x20000400                . = ALIGN (0x8)
                0x20000400                _mtb_end = .

.data           0x20000400       0x68 load address 0x0000b214
                0x20000400                . = ALIGN (0x4)
                0x20000400                __DATA_RAM = .
                0x20000400                __data_start__ = .
 *(.data)
 *(.data*)
 .data.__fdlib_version
                0x20000400        0x1 d:/嵌入式技术app/ahl-gec-ide(4.11)/gcc/bin/../lib/gcc/arm-none-eabi/7.2.1/../../../../arm-none-eabi/lib/thumb/v6-m\libm.a(lib_a-s_lib_ver.o)
                0x20000400                __fdlib_version
 *fill*         0x20000401        0x3 
 .data._impure_ptr
                0x20000404        0x4 d:/嵌入式技术app/ahl-gec-ide(4.11)/gcc/bin/../lib/gcc/arm-none-eabi/7.2.1/../../../../arm-none-eabi/lib/thumb/v6-m\libg_nano.a(lib_a-impure.o)
                0x20000404                _impure_ptr
 .data.impure_data
                0x20000408       0x60 d:/嵌入式技术app/ahl-gec-ide(4.11)/gcc/bin/../lib/gcc/arm-none-eabi/7.2.1/../../../../arm-none-eabi/lib/thumb/v6-m\libg_nano.a(lib_a-impure.o)
 *(.jcr*)
                0x20000468                . = ALIGN (0x4)
                0x20000468                __data_end__ = .
                0x0000b27c                __DATA_END = (__DATA_ROM + (__data_end__ - __data_start__))

.igot.plt       0x20000468        0x0 load address 0x0000b27c
 .igot.plt      0x20000468        0x0 d:/嵌入式技术app/ahl-gec-ide(4.11)/gcc/bin/../lib/gcc/arm-none-eabi/7.2.1/thumb/v6-m/crtbegin.o

.bss            0x20000468       0x24 load address 0x0000b27c
                0x20000468                . = ALIGN (0x4)
                0x20000468                __START_BSS = .
                0x20000468                __bss_start__ = .
 *(.bss)
 .bss           0x20000468       0x1c d:/嵌入式技术app/ahl-gec-ide(4.11)/gcc/bin/../lib/gcc/arm-none-eabi/7.2.1/thumb/v6-m/crtbegin.o
 *(.bss*)
 *(COMMON)
 COMMON         0x20000484        0x8 ./obj/tm1637.o
                0x20000484                DIO_PIN
                0x20000486                CLK_PIN
                0x20000488                component_fun
                0x2000048c                . = ALIGN (0x4)
                0x2000048c                __bss_end__ = .
                0x2000048c                __END_BSS = .

.heap           0x2000048c      0x204 load address 0x0000b2a0
                0x20000490                . = ALIGN (0x8)
 *fill*         0x2000048c        0x4 
                0x20000490                __end__ = .
                [!provide]                PROVIDE (end, .)
                0x20000490                __HeapBase = .
                0x20000690                . = (. + HEAP_SIZE)
 *fill*         0x20000490      0x200 
                0x20000690                __HeapLimit = .

.stack          0x20000690      0x100 load address 0x0000b4a4
                0x20000690                . = ALIGN (0x8)
                0x20000790                . = (. + STACK_SIZE)
 *fill*         0x20000690      0x100 
                0x20001800                __StackTop = (ORIGIN (m_data) + LENGTH (m_data))
                0x20001700                __StackLimit = (__StackTop - STACK_SIZE)
                0x20001800                PROVIDE (__stack, __StackTop)

.ARM.attributes
                0x00000000       0x28
 *(.ARM.attributes)
 .ARM.attributes
                0x00000000       0x1e d:/嵌入式技术app/ahl-gec-ide(4.11)/gcc/bin/../lib/gcc/arm-none-eabi/7.2.1/thumb/v6-m/crti.o
 .ARM.attributes
                0x0000001e       0x2c d:/嵌入式技术app/ahl-gec-ide(4.11)/gcc/bin/../lib/gcc/arm-none-eabi/7.2.1/thumb/v6-m/crtbegin.o
 .ARM.attributes
                0x0000004a       0x32 ./obj/adc.o
 .ARM.attributes
                0x0000007c       0x32 ./obj/system_MKL36Z4.o
 .ARM.attributes
                0x000000ae       0x32 ./obj/tm1637.o
 .ARM.attributes
                0x000000e0       0x32 ./obj/main.o
 .ARM.attributes
                0x00000112       0x32 ./obj/flash.o
 .ARM.attributes
                0x00000144       0x32 ./obj/gpio.o
 .ARM.attributes
                0x00000176       0x32 ./obj/gec.o
 .ARM.attributes
                0x000001a8       0x32 ./obj/uart.o
 .ARM.attributes
                0x000001da       0x32 ./obj/isr.o
 .ARM.attributes
                0x0000020c       0x32 ./obj/printf.o
 .ARM.attributes
                0x0000023e       0x1b ./obj/startup_MKL36Z4.o
 .ARM.attributes
                0x00000259       0x2c d:/嵌入式技术app/ahl-gec-ide(4.11)/gcc/bin/../lib/gcc/arm-none-eabi/7.2.1/../../../../arm-none-eabi/lib/thumb/v6-m\libm.a(lib_a-w_log.o)
 .ARM.attributes
                0x00000285       0x2c d:/嵌入式技术app/ahl-gec-ide(4.11)/gcc/bin/../lib/gcc/arm-none-eabi/7.2.1/../../../../arm-none-eabi/lib/thumb/v6-m\libm.a(lib_a-e_log.o)
 .ARM.attributes
                0x000002b1       0x2c d:/嵌入式技术app/ahl-gec-ide(4.11)/gcc/bin/../lib/gcc/arm-none-eabi/7.2.1/../../../../arm-none-eabi/lib/thumb/v6-m\libm.a(lib_a-s_lib_ver.o)
 .ARM.attributes
                0x000002dd       0x2c d:/嵌入式技术app/ahl-gec-ide(4.11)/gcc/bin/../lib/gcc/arm-none-eabi/7.2.1/../../../../arm-none-eabi/lib/thumb/v6-m\libm.a(lib_a-s_matherr.o)
 .ARM.attributes
                0x00000309       0x2c d:/嵌入式技术app/ahl-gec-ide(4.11)/gcc/bin/../lib/gcc/arm-none-eabi/7.2.1/../../../../arm-none-eabi/lib/thumb/v6-m\libm.a(lib_a-s_nan.o)
 .ARM.attributes
                0x00000335       0x1e d:/嵌入式技术app/ahl-gec-ide(4.11)/gcc/bin/../lib/gcc/arm-none-eabi/7.2.1/thumb/v6-m\libgcc.a(_udivsi3.o)
 .ARM.attributes
                0x00000353       0x1e d:/嵌入式技术app/ahl-gec-ide(4.11)/gcc/bin/../lib/gcc/arm-none-eabi/7.2.1/thumb/v6-m\libgcc.a(_divsi3.o)
 .ARM.attributes
                0x00000371       0x1e d:/嵌入式技术app/ahl-gec-ide(4.11)/gcc/bin/../lib/gcc/arm-none-eabi/7.2.1/thumb/v6-m\libgcc.a(_dvmd_tls.o)
 .ARM.attributes
                0x0000038f       0x1e d:/嵌入式技术app/ahl-gec-ide(4.11)/gcc/bin/../lib/gcc/arm-none-eabi/7.2.1/thumb/v6-m\libgcc.a(_arm_cmpdf2.o)
 .ARM.attributes
                0x000003ad       0x1e d:/嵌入式技术app/ahl-gec-ide(4.11)/gcc/bin/../lib/gcc/arm-none-eabi/7.2.1/thumb/v6-m\libgcc.a(_arm_cmpsf2.o)
 .ARM.attributes
                0x000003cb       0x1e d:/嵌入式技术app/ahl-gec-ide(4.11)/gcc/bin/../lib/gcc/arm-none-eabi/7.2.1/thumb/v6-m\libgcc.a(_aeabi_uldivmod.o)
 .ARM.attributes
                0x000003e9       0x2c d:/嵌入式技术app/ahl-gec-ide(4.11)/gcc/bin/../lib/gcc/arm-none-eabi/7.2.1/thumb/v6-m\libgcc.a(_fixunsdfsi.o)
 .ARM.attributes
                0x00000415       0x2c d:/嵌入式技术app/ahl-gec-ide(4.11)/gcc/bin/../lib/gcc/arm-none-eabi/7.2.1/thumb/v6-m\libgcc.a(_fixunsdfdi.o)
 .ARM.attributes
                0x00000441       0x2c d:/嵌入式技术app/ahl-gec-ide(4.11)/gcc/bin/../lib/gcc/arm-none-eabi/7.2.1/thumb/v6-m\libgcc.a(_udivmoddi4.o)
 .ARM.attributes
                0x0000046d       0x2c d:/嵌入式技术app/ahl-gec-ide(4.11)/gcc/bin/../lib/gcc/arm-none-eabi/7.2.1/thumb/v6-m\libgcc.a(divsf3.o)
 .ARM.attributes
                0x00000499       0x2c d:/嵌入式技术app/ahl-gec-ide(4.11)/gcc/bin/../lib/gcc/arm-none-eabi/7.2.1/thumb/v6-m\libgcc.a(eqsf2.o)
 .ARM.attributes
                0x000004c5       0x2c d:/嵌入式技术app/ahl-gec-ide(4.11)/gcc/bin/../lib/gcc/arm-none-eabi/7.2.1/thumb/v6-m\libgcc.a(gesf2.o)
 .ARM.attributes
                0x000004f1       0x2c d:/嵌入式技术app/ahl-gec-ide(4.11)/gcc/bin/../lib/gcc/arm-none-eabi/7.2.1/thumb/v6-m\libgcc.a(lesf2.o)
 .ARM.attributes
                0x0000051d       0x2c d:/嵌入式技术app/ahl-gec-ide(4.11)/gcc/bin/../lib/gcc/arm-none-eabi/7.2.1/thumb/v6-m\libgcc.a(mulsf3.o)
 .ARM.attributes
                0x00000549       0x2c d:/嵌入式技术app/ahl-gec-ide(4.11)/gcc/bin/../lib/gcc/arm-none-eabi/7.2.1/thumb/v6-m\libgcc.a(subsf3.o)
 .ARM.attributes
                0x00000575       0x2c d:/嵌入式技术app/ahl-gec-ide(4.11)/gcc/bin/../lib/gcc/arm-none-eabi/7.2.1/thumb/v6-m\libgcc.a(floatunsisf.o)
 .ARM.attributes
                0x000005a1       0x2c d:/嵌入式技术app/ahl-gec-ide(4.11)/gcc/bin/../lib/gcc/arm-none-eabi/7.2.1/thumb/v6-m\libgcc.a(adddf3.o)
 .ARM.attributes
                0x000005cd       0x2c d:/嵌入式技术app/ahl-gec-ide(4.11)/gcc/bin/../lib/gcc/arm-none-eabi/7.2.1/thumb/v6-m\libgcc.a(divdf3.o)
 .ARM.attributes
                0x000005f9       0x2c d:/嵌入式技术app/ahl-gec-ide(4.11)/gcc/bin/../lib/gcc/arm-none-eabi/7.2.1/thumb/v6-m\libgcc.a(eqdf2.o)
 .ARM.attributes
                0x00000625       0x2c d:/嵌入式技术app/ahl-gec-ide(4.11)/gcc/bin/../lib/gcc/arm-none-eabi/7.2.1/thumb/v6-m\libgcc.a(gedf2.o)
 .ARM.attributes
                0x00000651       0x2c d:/嵌入式技术app/ahl-gec-ide(4.11)/gcc/bin/../lib/gcc/arm-none-eabi/7.2.1/thumb/v6-m\libgcc.a(ledf2.o)
 .ARM.attributes
                0x0000067d       0x2c d:/嵌入式技术app/ahl-gec-ide(4.11)/gcc/bin/../lib/gcc/arm-none-eabi/7.2.1/thumb/v6-m\libgcc.a(muldf3.o)
 .ARM.attributes
                0x000006a9       0x2c d:/嵌入式技术app/ahl-gec-ide(4.11)/gcc/bin/../lib/gcc/arm-none-eabi/7.2.1/thumb/v6-m\libgcc.a(subdf3.o)
 .ARM.attributes
                0x000006d5       0x2c d:/嵌入式技术app/ahl-gec-ide(4.11)/gcc/bin/../lib/gcc/arm-none-eabi/7.2.1/thumb/v6-m\libgcc.a(unorddf2.o)
 .ARM.attributes
                0x00000701       0x2c d:/嵌入式技术app/ahl-gec-ide(4.11)/gcc/bin/../lib/gcc/arm-none-eabi/7.2.1/thumb/v6-m\libgcc.a(fixdfsi.o)
 .ARM.attributes
                0x0000072d       0x2c d:/嵌入式技术app/ahl-gec-ide(4.11)/gcc/bin/../lib/gcc/arm-none-eabi/7.2.1/thumb/v6-m\libgcc.a(floatsidf.o)
 .ARM.attributes
                0x00000759       0x2c d:/嵌入式技术app/ahl-gec-ide(4.11)/gcc/bin/../lib/gcc/arm-none-eabi/7.2.1/thumb/v6-m\libgcc.a(floatunsidf.o)
 .ARM.attributes
                0x00000785       0x2c d:/嵌入式技术app/ahl-gec-ide(4.11)/gcc/bin/../lib/gcc/arm-none-eabi/7.2.1/thumb/v6-m\libgcc.a(extendsfdf2.o)
 .ARM.attributes
                0x000007b1       0x2c d:/嵌入式技术app/ahl-gec-ide(4.11)/gcc/bin/../lib/gcc/arm-none-eabi/7.2.1/thumb/v6-m\libgcc.a(truncdfsf2.o)
 .ARM.attributes
                0x000007dd       0x1e d:/嵌入式技术app/ahl-gec-ide(4.11)/gcc/bin/../lib/gcc/arm-none-eabi/7.2.1/thumb/v6-m\libgcc.a(_clzsi2.o)
 .ARM.attributes
                0x000007fb       0x1e d:/嵌入式技术app/ahl-gec-ide(4.11)/gcc/bin/../lib/gcc/arm-none-eabi/7.2.1/thumb/v6-m\libgcc.a(_clzdi2.o)
 .ARM.attributes
                0x00000819       0x2c d:/嵌入式技术app/ahl-gec-ide(4.11)/gcc/bin/../lib/gcc/arm-none-eabi/7.2.1/../../../../arm-none-eabi/lib/thumb/v6-m\libg_nano.a(lib_a-errno.o)
 .ARM.attributes
                0x00000845       0x2c d:/嵌入式技术app/ahl-gec-ide(4.11)/gcc/bin/../lib/gcc/arm-none-eabi/7.2.1/../../../../arm-none-eabi/lib/thumb/v6-m\libg_nano.a(lib_a-impure.o)
 .ARM.attributes
                0x00000871       0x2c d:/嵌入式技术app/ahl-gec-ide(4.11)/gcc/bin/../lib/gcc/arm-none-eabi/7.2.1/../../../../arm-none-eabi/lib/thumb/v6-m\libg_nano.a(lib_a-memcpy-stub.o)
 .ARM.attributes
                0x0000089d       0x2c d:/嵌入式技术app/ahl-gec-ide(4.11)/gcc/bin/../lib/gcc/arm-none-eabi/7.2.1/../../../../arm-none-eabi/lib/thumb/v6-m\libg_nano.a(lib_a-memset.o)
 .ARM.attributes
                0x000008c9       0x1c d:/嵌入式技术app/ahl-gec-ide(4.11)/gcc/bin/../lib/gcc/arm-none-eabi/7.2.1/../../../../arm-none-eabi/lib/thumb/v6-m\libg_nano.a(lib_a-strlen.o)
 .ARM.attributes
                0x000008e5       0x1e d:/嵌入式技术app/ahl-gec-ide(4.11)/gcc/bin/../lib/gcc/arm-none-eabi/7.2.1/thumb/v6-m/crtn.o
                0x00000001                ASSERT ((__StackLimit >= __HeapLimit), region m_data overflowed with stack and heap)
OUTPUT(19.elf elf32-littlearm)

.debug_info     0x00000000     0x892a
 .debug_info    0x00000000      0xe94 ./obj/adc.o
 .debug_info    0x00000e94      0x402 ./obj/system_MKL36Z4.o
 .debug_info    0x00001296      0xd43 ./obj/tm1637.o
 .debug_info    0x00001fd9      0xb51 ./obj/main.o
 .debug_info    0x00002b2a      0xf4b ./obj/flash.o
 .debug_info    0x00003a75     0x11e6 ./obj/gpio.o
 .debug_info    0x00004c5b      0xabe ./obj/gec.o
 .debug_info    0x00005719     0x13ea ./obj/uart.o
 .debug_info    0x00006b03      0x961 ./obj/isr.o
 .debug_info    0x00007464     0x14a0 ./obj/printf.o
 .debug_info    0x00008904       0x26 ./obj/startup_MKL36Z4.o

.debug_abbrev   0x00000000     0x1a26
 .debug_abbrev  0x00000000      0x2a1 ./obj/adc.o
 .debug_abbrev  0x000002a1       0xed ./obj/system_MKL36Z4.o
 .debug_abbrev  0x0000038e      0x262 ./obj/tm1637.o
 .debug_abbrev  0x000005f0      0x27c ./obj/main.o
 .debug_abbrev  0x0000086c      0x363 ./obj/flash.o
 .debug_abbrev  0x00000bcf      0x35a ./obj/gpio.o
 .debug_abbrev  0x00000f29      0x224 ./obj/gec.o
 .debug_abbrev  0x0000114d      0x399 ./obj/uart.o
 .debug_abbrev  0x000014e6      0x210 ./obj/isr.o
 .debug_abbrev  0x000016f6      0x31c ./obj/printf.o
 .debug_abbrev  0x00001a12       0x14 ./obj/startup_MKL36Z4.o

.debug_loc      0x00000000     0x2729
 .debug_loc     0x00000000      0x381 ./obj/adc.o
 .debug_loc     0x00000381      0x1d7 ./obj/tm1637.o
 .debug_loc     0x00000558       0x7a ./obj/main.o
 .debug_loc     0x000005d2      0x63b ./obj/flash.o
 .debug_loc     0x00000c0d      0x336 ./obj/gpio.o
 .debug_loc     0x00000f43       0x14 ./obj/gec.o
 .debug_loc     0x00000f57      0x58a ./obj/uart.o
 .debug_loc     0x000014e1       0x1e ./obj/isr.o
 .debug_loc     0x000014ff     0x122a ./obj/printf.o

.debug_aranges  0x00000000      0x2f8
 .debug_aranges
                0x00000000       0x50 ./obj/adc.o
 .debug_aranges
                0x00000050       0x20 ./obj/system_MKL36Z4.o
 .debug_aranges
                0x00000070       0x50 ./obj/tm1637.o
 .debug_aranges
                0x000000c0       0x28 ./obj/main.o
 .debug_aranges
                0x000000e8       0x70 ./obj/flash.o
 .debug_aranges
                0x00000158       0x78 ./obj/gpio.o
 .debug_aranges
                0x000001d0       0x20 ./obj/gec.o
 .debug_aranges
                0x000001f0       0x70 ./obj/uart.o
 .debug_aranges
                0x00000260       0x20 ./obj/isr.o
 .debug_aranges
                0x00000280       0x58 ./obj/printf.o
 .debug_aranges
                0x000002d8       0x20 ./obj/startup_MKL36Z4.o

.debug_ranges   0x00000000      0x238
 .debug_ranges  0x00000000       0x40 ./obj/adc.o
 .debug_ranges  0x00000040       0x10 ./obj/system_MKL36Z4.o
 .debug_ranges  0x00000050       0x40 ./obj/tm1637.o
 .debug_ranges  0x00000090       0x18 ./obj/main.o
 .debug_ranges  0x000000a8       0x60 ./obj/flash.o
 .debug_ranges  0x00000108       0x68 ./obj/gpio.o
 .debug_ranges  0x00000170       0x10 ./obj/gec.o
 .debug_ranges  0x00000180       0x60 ./obj/uart.o
 .debug_ranges  0x000001e0       0x10 ./obj/isr.o
 .debug_ranges  0x000001f0       0x48 ./obj/printf.o

.debug_macro    0x00000000     0xf452
 .debug_macro   0x00000000      0x193 ./obj/adc.o
 .debug_macro   0x00000193      0xafc ./obj/adc.o
 .debug_macro   0x00000c8f       0x16 ./obj/adc.o
 .debug_macro   0x00000ca5       0x22 ./obj/adc.o
 .debug_macro   0x00000cc7       0x4f ./obj/adc.o
 .debug_macro   0x00000d16       0x51 ./obj/adc.o
 .debug_macro   0x00000d67       0xef ./obj/adc.o
 .debug_macro   0x00000e56       0x6a ./obj/adc.o
 .debug_macro   0x00000ec0      0x1df ./obj/adc.o
 .debug_macro   0x0000109f       0x39 ./obj/adc.o
 .debug_macro   0x000010d8       0x3a ./obj/adc.o
 .debug_macro   0x00001112       0x26 ./obj/adc.o
 .debug_macro   0x00001138      0x306 ./obj/adc.o
 .debug_macro   0x0000143e     0xc3a9 ./obj/adc.o
 .debug_macro   0x0000d7e7       0x34 ./obj/adc.o
 .debug_macro   0x0000d81b       0x46 ./obj/adc.o
 .debug_macro   0x0000d861       0x58 ./obj/adc.o
 .debug_macro   0x0000d8b9       0x17 ./obj/adc.o
 .debug_macro   0x0000d8d0       0x35 ./obj/adc.o
 .debug_macro   0x0000d905       0x9c ./obj/adc.o
 .debug_macro   0x0000d9a1      0x16d ./obj/adc.o
 .debug_macro   0x0000db0e       0x58 ./obj/adc.o
 .debug_macro   0x0000db66       0x1f ./obj/adc.o
 .debug_macro   0x0000db85       0x43 ./obj/adc.o
 .debug_macro   0x0000dbc8       0x20 ./obj/adc.o
 .debug_macro   0x0000dbe8      0x18e ./obj/adc.o
 .debug_macro   0x0000dd76      0x353 ./obj/adc.o
 .debug_macro   0x0000e0c9       0x10 ./obj/adc.o
 .debug_macro   0x0000e0d9       0x35 ./obj/adc.o
 .debug_macro   0x0000e10e       0x34 ./obj/adc.o
 .debug_macro   0x0000e142       0xa0 ./obj/system_MKL36Z4.o
 .debug_macro   0x0000e1e2       0x4b ./obj/system_MKL36Z4.o
 .debug_macro   0x0000e22d      0x225 ./obj/tm1637.o
 .debug_macro   0x0000e452       0x28 ./obj/tm1637.o
 .debug_macro   0x0000e47a       0x9a ./obj/tm1637.o
 .debug_macro   0x0000e514       0x6a ./obj/tm1637.o
 .debug_macro   0x0000e57e       0x58 ./obj/tm1637.o
 .debug_macro   0x0000e5d6       0x3a ./obj/tm1637.o
 .debug_macro   0x0000e610       0xa6 ./obj/tm1637.o
 .debug_macro   0x0000e6b6       0x22 ./obj/tm1637.o
 .debug_macro   0x0000e6d8      0x227 ./obj/main.o
 .debug_macro   0x0000e8ff      0x193 ./obj/flash.o
 .debug_macro   0x0000ea92       0x64 ./obj/flash.o
 .debug_macro   0x0000eaf6      0x193 ./obj/gpio.o
 .debug_macro   0x0000ec89       0x52 ./obj/gpio.o
 .debug_macro   0x0000ecdb      0x221 ./obj/gec.o
 .debug_macro   0x0000eefc      0x193 ./obj/uart.o
 .debug_macro   0x0000f08f      0x221 ./obj/isr.o
 .debug_macro   0x0000f2b0      0x1a2 ./obj/printf.o

.debug_line     0x00000000     0x2da3
 .debug_line    0x00000000      0x41f ./obj/adc.o
 .debug_line    0x0000041f      0x286 ./obj/system_MKL36Z4.o
 .debug_line    0x000006a5      0x511 ./obj/tm1637.o
 .debug_line    0x00000bb6      0x484 ./obj/main.o
 .debug_line    0x0000103a      0x4e4 ./obj/flash.o
 .debug_line    0x0000151e      0x48a ./obj/gpio.o
 .debug_line    0x000019a8      0x44f ./obj/gec.o
 .debug_line    0x00001df7      0x503 ./obj/uart.o
 .debug_line    0x000022fa      0x446 ./obj/isr.o
 .debug_line    0x00002740      0x5f5 ./obj/printf.o
 .debug_line    0x00002d35       0x6e ./obj/startup_MKL36Z4.o

.debug_str      0x00000000    0x4ee9f
 .debug_str     0x00000000    0x4dd48 ./obj/adc.o
                              0x4e253 (size before relaxing)
 .debug_str     0x0004dd48       0x5c ./obj/system_MKL36Z4.o
                              0x4adcd (size before relaxing)
 .debug_str     0x0004dda4      0x863 ./obj/tm1637.o
                              0x4e8a4 (size before relaxing)
 .debug_str     0x0004e607       0x61 ./obj/main.o
                              0x4e8a1 (size before relaxing)
 .debug_str     0x0004e668      0x1e6 ./obj/flash.o
                              0x4e2bb (size before relaxing)
 .debug_str     0x0004e84e      0x363 ./obj/gpio.o
                              0x4e443 (size before relaxing)
 .debug_str     0x0004ebb1       0x51 ./obj/gec.o
                              0x4e88d (size before relaxing)
 .debug_str     0x0004ec02      0x116 ./obj/uart.o
                              0x4e469 (size before relaxing)
 .debug_str     0x0004ed18        0xb ./obj/isr.o
                              0x4e825 (size before relaxing)
 .debug_str     0x0004ed23      0x156 ./obj/printf.o
                              0x4e436 (size before relaxing)
 .debug_str     0x0004ee79       0x26 ./obj/startup_MKL36Z4.o
                                 0x49 (size before relaxing)

.comment        0x00000000       0x7e
 .comment       0x00000000       0x7e ./obj/adc.o
                                 0x7f (size before relaxing)
 .comment       0x0000007e       0x7f ./obj/system_MKL36Z4.o
 .comment       0x0000007e       0x7f ./obj/tm1637.o
 .comment       0x0000007e       0x7f ./obj/main.o
 .comment       0x0000007e       0x7f ./obj/flash.o
 .comment       0x0000007e       0x7f ./obj/gpio.o
 .comment       0x0000007e       0x7f ./obj/gec.o
 .comment       0x0000007e       0x7f ./obj/uart.o
 .comment       0x0000007e       0x7f ./obj/isr.o
 .comment       0x0000007e       0x7f ./obj/printf.o

.debug_frame    0x00000000      0xc9c
 .debug_frame   0x00000000       0xb0 ./obj/adc.o
 .debug_frame   0x000000b0       0x20 ./obj/system_MKL36Z4.o
 .debug_frame   0x000000d0       0xc0 ./obj/tm1637.o
 .debug_frame   0x00000190       0x38 ./obj/main.o
 .debug_frame   0x000001c8       0xf8 ./obj/flash.o
 .debug_frame   0x000002c0      0x154 ./obj/gpio.o
 .debug_frame   0x00000414       0x2c ./obj/gec.o
 .debug_frame   0x00000440      0x134 ./obj/uart.o
 .debug_frame   0x00000574       0x2c ./obj/isr.o
 .debug_frame   0x000005a0      0x110 ./obj/printf.o
 .debug_frame   0x000006b0       0x38 d:/嵌入式技术app/ahl-gec-ide(4.11)/gcc/bin/../lib/gcc/arm-none-eabi/7.2.1/../../../../arm-none-eabi/lib/thumb/v6-m\libm.a(lib_a-w_log.o)
 .debug_frame   0x000006e8       0x3c d:/嵌入式技术app/ahl-gec-ide(4.11)/gcc/bin/../lib/gcc/arm-none-eabi/7.2.1/../../../../arm-none-eabi/lib/thumb/v6-m\libm.a(lib_a-e_log.o)
 .debug_frame   0x00000724       0x20 d:/嵌入式技术app/ahl-gec-ide(4.11)/gcc/bin/../lib/gcc/arm-none-eabi/7.2.1/../../../../arm-none-eabi/lib/thumb/v6-m\libm.a(lib_a-s_matherr.o)
 .debug_frame   0x00000744       0x20 d:/嵌入式技术app/ahl-gec-ide(4.11)/gcc/bin/../lib/gcc/arm-none-eabi/7.2.1/../../../../arm-none-eabi/lib/thumb/v6-m\libm.a(lib_a-s_nan.o)
 .debug_frame   0x00000764       0x20 d:/嵌入式技术app/ahl-gec-ide(4.11)/gcc/bin/../lib/gcc/arm-none-eabi/7.2.1/thumb/v6-m\libgcc.a(_udivsi3.o)
 .debug_frame   0x00000784       0x20 d:/嵌入式技术app/ahl-gec-ide(4.11)/gcc/bin/../lib/gcc/arm-none-eabi/7.2.1/thumb/v6-m\libgcc.a(_divsi3.o)
 .debug_frame   0x000007a4       0x2c d:/嵌入式技术app/ahl-gec-ide(4.11)/gcc/bin/../lib/gcc/arm-none-eabi/7.2.1/thumb/v6-m\libgcc.a(_fixunsdfsi.o)
 .debug_frame   0x000007d0       0x2c d:/嵌入式技术app/ahl-gec-ide(4.11)/gcc/bin/../lib/gcc/arm-none-eabi/7.2.1/thumb/v6-m\libgcc.a(_fixunsdfdi.o)
 .debug_frame   0x000007fc       0x3c d:/嵌入式技术app/ahl-gec-ide(4.11)/gcc/bin/../lib/gcc/arm-none-eabi/7.2.1/thumb/v6-m\libgcc.a(_udivmoddi4.o)
 .debug_frame   0x00000838       0x3c d:/嵌入式技术app/ahl-gec-ide(4.11)/gcc/bin/../lib/gcc/arm-none-eabi/7.2.1/thumb/v6-m\libgcc.a(divsf3.o)
 .debug_frame   0x00000874       0x2c d:/嵌入式技术app/ahl-gec-ide(4.11)/gcc/bin/../lib/gcc/arm-none-eabi/7.2.1/thumb/v6-m\libgcc.a(eqsf2.o)
 .debug_frame   0x000008a0       0x2c d:/嵌入式技术app/ahl-gec-ide(4.11)/gcc/bin/../lib/gcc/arm-none-eabi/7.2.1/thumb/v6-m\libgcc.a(gesf2.o)
 .debug_frame   0x000008cc       0x2c d:/嵌入式技术app/ahl-gec-ide(4.11)/gcc/bin/../lib/gcc/arm-none-eabi/7.2.1/thumb/v6-m\libgcc.a(lesf2.o)
 .debug_frame   0x000008f8       0x3c d:/嵌入式技术app/ahl-gec-ide(4.11)/gcc/bin/../lib/gcc/arm-none-eabi/7.2.1/thumb/v6-m\libgcc.a(mulsf3.o)
 .debug_frame   0x00000934       0x38 d:/嵌入式技术app/ahl-gec-ide(4.11)/gcc/bin/../lib/gcc/arm-none-eabi/7.2.1/thumb/v6-m\libgcc.a(subsf3.o)
 .debug_frame   0x0000096c       0x2c d:/嵌入式技术app/ahl-gec-ide(4.11)/gcc/bin/../lib/gcc/arm-none-eabi/7.2.1/thumb/v6-m\libgcc.a(floatunsisf.o)
 .debug_frame   0x00000998       0x38 d:/嵌入式技术app/ahl-gec-ide(4.11)/gcc/bin/../lib/gcc/arm-none-eabi/7.2.1/thumb/v6-m\libgcc.a(adddf3.o)
 .debug_frame   0x000009d0       0x3c d:/嵌入式技术app/ahl-gec-ide(4.11)/gcc/bin/../lib/gcc/arm-none-eabi/7.2.1/thumb/v6-m\libgcc.a(divdf3.o)
 .debug_frame   0x00000a0c       0x38 d:/嵌入式技术app/ahl-gec-ide(4.11)/gcc/bin/../lib/gcc/arm-none-eabi/7.2.1/thumb/v6-m\libgcc.a(eqdf2.o)
 .debug_frame   0x00000a44       0x38 d:/嵌入式技术app/ahl-gec-ide(4.11)/gcc/bin/../lib/gcc/arm-none-eabi/7.2.1/thumb/v6-m\libgcc.a(gedf2.o)
 .debug_frame   0x00000a7c       0x38 d:/嵌入式技术app/ahl-gec-ide(4.11)/gcc/bin/../lib/gcc/arm-none-eabi/7.2.1/thumb/v6-m\libgcc.a(ledf2.o)
 .debug_frame   0x00000ab4       0x3c d:/嵌入式技术app/ahl-gec-ide(4.11)/gcc/bin/../lib/gcc/arm-none-eabi/7.2.1/thumb/v6-m\libgcc.a(muldf3.o)
 .debug_frame   0x00000af0       0x3c d:/嵌入式技术app/ahl-gec-ide(4.11)/gcc/bin/../lib/gcc/arm-none-eabi/7.2.1/thumb/v6-m\libgcc.a(subdf3.o)
 .debug_frame   0x00000b2c       0x2c d:/嵌入式技术app/ahl-gec-ide(4.11)/gcc/bin/../lib/gcc/arm-none-eabi/7.2.1/thumb/v6-m\libgcc.a(unorddf2.o)
 .debug_frame   0x00000b58       0x2c d:/嵌入式技术app/ahl-gec-ide(4.11)/gcc/bin/../lib/gcc/arm-none-eabi/7.2.1/thumb/v6-m\libgcc.a(fixdfsi.o)
 .debug_frame   0x00000b84       0x2c d:/嵌入式技术app/ahl-gec-ide(4.11)/gcc/bin/../lib/gcc/arm-none-eabi/7.2.1/thumb/v6-m\libgcc.a(floatsidf.o)
 .debug_frame   0x00000bb0       0x28 d:/嵌入式技术app/ahl-gec-ide(4.11)/gcc/bin/../lib/gcc/arm-none-eabi/7.2.1/thumb/v6-m\libgcc.a(floatunsidf.o)
 .debug_frame   0x00000bd8       0x2c d:/嵌入式技术app/ahl-gec-ide(4.11)/gcc/bin/../lib/gcc/arm-none-eabi/7.2.1/thumb/v6-m\libgcc.a(extendsfdf2.o)
 .debug_frame   0x00000c04       0x30 d:/嵌入式技术app/ahl-gec-ide(4.11)/gcc/bin/../lib/gcc/arm-none-eabi/7.2.1/thumb/v6-m\libgcc.a(truncdfsf2.o)
 .debug_frame   0x00000c34       0x20 d:/嵌入式技术app/ahl-gec-ide(4.11)/gcc/bin/../lib/gcc/arm-none-eabi/7.2.1/../../../../arm-none-eabi/lib/thumb/v6-m\libg_nano.a(lib_a-errno.o)
 .debug_frame   0x00000c54       0x28 d:/嵌入式技术app/ahl-gec-ide(4.11)/gcc/bin/../lib/gcc/arm-none-eabi/7.2.1/../../../../arm-none-eabi/lib/thumb/v6-m\libg_nano.a(lib_a-memcpy-stub.o)
 .debug_frame   0x00000c7c       0x20 d:/嵌入式技术app/ahl-gec-ide(4.11)/gcc/bin/../lib/gcc/arm-none-eabi/7.2.1/../../../../arm-none-eabi/lib/thumb/v6-m\libg_nano.a(lib_a-memset.o)
