Archive member included to satisfy reference by file (symbol)

d:/ahl-gec-ide(4.11)/gcc/bin/../lib/gcc/arm-none-eabi/7.2.1/thumb/v6-m\libgcc.a(_udivsi3.o)
                              ./obj/uart.o (__aeabi_uidiv)
d:/ahl-gec-ide(4.11)/gcc/bin/../lib/gcc/arm-none-eabi/7.2.1/thumb/v6-m\libgcc.a(_divsi3.o)
                              ./obj/spi.o (__aeabi_idiv)
d:/ahl-gec-ide(4.11)/gcc/bin/../lib/gcc/arm-none-eabi/7.2.1/thumb/v6-m\libgcc.a(_dvmd_tls.o)
                              d:/ahl-gec-ide(4.11)/gcc/bin/../lib/gcc/arm-none-eabi/7.2.1/thumb/v6-m\libgcc.a(_udivsi3.o) (__aeabi_idiv0)
d:/ahl-gec-ide(4.11)/gcc/bin/../lib/gcc/arm-none-eabi/7.2.1/thumb/v6-m\libgcc.a(_arm_cmpdf2.o)
                              ./obj/printf.o (__aeabi_dcmplt)
d:/ahl-gec-ide(4.11)/gcc/bin/../lib/gcc/arm-none-eabi/7.2.1/thumb/v6-m\libgcc.a(_aeabi_uldivmod.o)
                              ./obj/printf.o (__aeabi_uldivmod)
d:/ahl-gec-ide(4.11)/gcc/bin/../lib/gcc/arm-none-eabi/7.2.1/thumb/v6-m\libgcc.a(_fixunsdfsi.o)
                              ./obj/printf.o (__aeabi_d2uiz)
d:/ahl-gec-ide(4.11)/gcc/bin/../lib/gcc/arm-none-eabi/7.2.1/thumb/v6-m\libgcc.a(_fixunsdfdi.o)
                              ./obj/printf.o (__aeabi_d2ulz)
d:/ahl-gec-ide(4.11)/gcc/bin/../lib/gcc/arm-none-eabi/7.2.1/thumb/v6-m\libgcc.a(_udivmoddi4.o)
                              d:/ahl-gec-ide(4.11)/gcc/bin/../lib/gcc/arm-none-eabi/7.2.1/thumb/v6-m\libgcc.a(_aeabi_uldivmod.o) (__udivmoddi4)
d:/ahl-gec-ide(4.11)/gcc/bin/../lib/gcc/arm-none-eabi/7.2.1/thumb/v6-m\libgcc.a(eqdf2.o)
                              d:/ahl-gec-ide(4.11)/gcc/bin/../lib/gcc/arm-none-eabi/7.2.1/thumb/v6-m\libgcc.a(_arm_cmpdf2.o) (__eqdf2)
d:/ahl-gec-ide(4.11)/gcc/bin/../lib/gcc/arm-none-eabi/7.2.1/thumb/v6-m\libgcc.a(gedf2.o)
                              d:/ahl-gec-ide(4.11)/gcc/bin/../lib/gcc/arm-none-eabi/7.2.1/thumb/v6-m\libgcc.a(_arm_cmpdf2.o) (__gedf2)
d:/ahl-gec-ide(4.11)/gcc/bin/../lib/gcc/arm-none-eabi/7.2.1/thumb/v6-m\libgcc.a(ledf2.o)
                              d:/ahl-gec-ide(4.11)/gcc/bin/../lib/gcc/arm-none-eabi/7.2.1/thumb/v6-m\libgcc.a(_arm_cmpdf2.o) (__ledf2)
d:/ahl-gec-ide(4.11)/gcc/bin/../lib/gcc/arm-none-eabi/7.2.1/thumb/v6-m\libgcc.a(muldf3.o)
                              ./obj/printf.o (__aeabi_dmul)
d:/ahl-gec-ide(4.11)/gcc/bin/../lib/gcc/arm-none-eabi/7.2.1/thumb/v6-m\libgcc.a(subdf3.o)
                              ./obj/printf.o (__aeabi_dsub)
d:/ahl-gec-ide(4.11)/gcc/bin/../lib/gcc/arm-none-eabi/7.2.1/thumb/v6-m\libgcc.a(fixdfsi.o)
                              d:/ahl-gec-ide(4.11)/gcc/bin/../lib/gcc/arm-none-eabi/7.2.1/thumb/v6-m\libgcc.a(_fixunsdfsi.o) (__aeabi_d2iz)
d:/ahl-gec-ide(4.11)/gcc/bin/../lib/gcc/arm-none-eabi/7.2.1/thumb/v6-m\libgcc.a(floatunsidf.o)
                              ./obj/printf.o (__aeabi_ui2d)
d:/ahl-gec-ide(4.11)/gcc/bin/../lib/gcc/arm-none-eabi/7.2.1/thumb/v6-m\libgcc.a(_clzsi2.o)
                              d:/ahl-gec-ide(4.11)/gcc/bin/../lib/gcc/arm-none-eabi/7.2.1/thumb/v6-m\libgcc.a(muldf3.o) (__clzsi2)
d:/ahl-gec-ide(4.11)/gcc/bin/../lib/gcc/arm-none-eabi/7.2.1/thumb/v6-m\libgcc.a(_clzdi2.o)
                              d:/ahl-gec-ide(4.11)/gcc/bin/../lib/gcc/arm-none-eabi/7.2.1/thumb/v6-m\libgcc.a(_udivmoddi4.o) (__clzdi2)
d:/ahl-gec-ide(4.11)/gcc/bin/../lib/gcc/arm-none-eabi/7.2.1/../../../../arm-none-eabi/lib/thumb/v6-m\libg_nano.a(lib_a-exit.o)
                              d:/ahl-gec-ide(4.11)/gcc/bin/../lib/gcc/arm-none-eabi/7.2.1/../../../../arm-none-eabi/lib/thumb/v6-m/crt0.o (exit)
d:/ahl-gec-ide(4.11)/gcc/bin/../lib/gcc/arm-none-eabi/7.2.1/../../../../arm-none-eabi/lib/thumb/v6-m\libg_nano.a(lib_a-impure.o)
                              d:/ahl-gec-ide(4.11)/gcc/bin/../lib/gcc/arm-none-eabi/7.2.1/../../../../arm-none-eabi/lib/thumb/v6-m\libg_nano.a(lib_a-exit.o) (_global_impure_ptr)
d:/ahl-gec-ide(4.11)/gcc/bin/../lib/gcc/arm-none-eabi/7.2.1/../../../../arm-none-eabi/lib/thumb/v6-m\libg_nano.a(lib_a-init.o)
                              d:/ahl-gec-ide(4.11)/gcc/bin/../lib/gcc/arm-none-eabi/7.2.1/../../../../arm-none-eabi/lib/thumb/v6-m/crt0.o (__libc_init_array)
d:/ahl-gec-ide(4.11)/gcc/bin/../lib/gcc/arm-none-eabi/7.2.1/../../../../arm-none-eabi/lib/thumb/v6-m\libg_nano.a(lib_a-memcpy-stub.o)
                              ./obj/flash.o (memcpy)
d:/ahl-gec-ide(4.11)/gcc/bin/../lib/gcc/arm-none-eabi/7.2.1/../../../../arm-none-eabi/lib/thumb/v6-m\libg_nano.a(lib_a-memset.o)
                              d:/ahl-gec-ide(4.11)/gcc/bin/../lib/gcc/arm-none-eabi/7.2.1/../../../../arm-none-eabi/lib/thumb/v6-m/crt0.o (memset)
d:/ahl-gec-ide(4.11)/gcc/bin/../lib/gcc/arm-none-eabi/7.2.1/../../../../arm-none-eabi/lib/thumb/v6-m\libg_nano.a(lib_a-strlen.o)
                              ./obj/printf.o (strlen)
d:/ahl-gec-ide(4.11)/gcc/bin/../lib/gcc/arm-none-eabi/7.2.1/../../../../arm-none-eabi/lib/thumb/v6-m\libnosys.a(_exit.o)
                              d:/ahl-gec-ide(4.11)/gcc/bin/../lib/gcc/arm-none-eabi/7.2.1/../../../../arm-none-eabi/lib/thumb/v6-m\libg_nano.a(lib_a-exit.o) (_exit)

Allocating common symbols
Common symbol       size              file

g_uart_recvBuf      0x17              ./obj/main.o
gTime               0x3               ./obj/main.o
component_fun       0x4               ./obj/main.o
data                0x14              ./obj/main.o
len                 0x1               ./obj/main.o

Discarded input sections

 .text          0x00000000        0x0 d:/ahl-gec-ide(4.11)/gcc/bin/../lib/gcc/arm-none-eabi/7.2.1/thumb/v6-m/crti.o
 .data          0x00000000        0x0 d:/ahl-gec-ide(4.11)/gcc/bin/../lib/gcc/arm-none-eabi/7.2.1/thumb/v6-m/crti.o
 .bss           0x00000000        0x0 d:/ahl-gec-ide(4.11)/gcc/bin/../lib/gcc/arm-none-eabi/7.2.1/thumb/v6-m/crti.o
 .data          0x00000000        0x4 d:/ahl-gec-ide(4.11)/gcc/bin/../lib/gcc/arm-none-eabi/7.2.1/thumb/v6-m/crtbegin.o
 .text          0x00000000       0x78 d:/ahl-gec-ide(4.11)/gcc/bin/../lib/gcc/arm-none-eabi/7.2.1/../../../../arm-none-eabi/lib/thumb/v6-m/crt0.o
 .data          0x00000000        0x0 d:/ahl-gec-ide(4.11)/gcc/bin/../lib/gcc/arm-none-eabi/7.2.1/../../../../arm-none-eabi/lib/thumb/v6-m/crt0.o
 .bss           0x00000000        0x0 d:/ahl-gec-ide(4.11)/gcc/bin/../lib/gcc/arm-none-eabi/7.2.1/../../../../arm-none-eabi/lib/thumb/v6-m/crt0.o
 .ARM.extab     0x00000000        0x0 d:/ahl-gec-ide(4.11)/gcc/bin/../lib/gcc/arm-none-eabi/7.2.1/../../../../arm-none-eabi/lib/thumb/v6-m/crt0.o
 .ARM.exidx     0x00000000        0x8 d:/ahl-gec-ide(4.11)/gcc/bin/../lib/gcc/arm-none-eabi/7.2.1/../../../../arm-none-eabi/lib/thumb/v6-m/crt0.o
 .ARM.attributes
                0x00000000       0x1b d:/ahl-gec-ide(4.11)/gcc/bin/../lib/gcc/arm-none-eabi/7.2.1/../../../../arm-none-eabi/lib/thumb/v6-m/crt0.o
 .group         0x00000000        0xc ./obj/system_MKL36Z4.o
 .group         0x00000000        0xc ./obj/system_MKL36Z4.o
 .group         0x00000000        0xc ./obj/system_MKL36Z4.o
 .group         0x00000000        0xc ./obj/system_MKL36Z4.o
 .group         0x00000000        0xc ./obj/system_MKL36Z4.o
 .group         0x00000000        0xc ./obj/system_MKL36Z4.o
 .group         0x00000000        0xc ./obj/system_MKL36Z4.o
 .group         0x00000000        0xc ./obj/system_MKL36Z4.o
 .group         0x00000000        0xc ./obj/system_MKL36Z4.o
 .group         0x00000000        0xc ./obj/system_MKL36Z4.o
 .group         0x00000000        0xc ./obj/system_MKL36Z4.o
 .group         0x00000000        0xc ./obj/system_MKL36Z4.o
 .text          0x00000000        0x0 ./obj/system_MKL36Z4.o
 .data          0x00000000        0x0 ./obj/system_MKL36Z4.o
 .bss           0x00000000        0x0 ./obj/system_MKL36Z4.o
 .group         0x00000000        0xc ./obj/systick.o
 .group         0x00000000        0xc ./obj/systick.o
 .group         0x00000000        0xc ./obj/systick.o
 .group         0x00000000        0xc ./obj/systick.o
 .group         0x00000000        0xc ./obj/systick.o
 .group         0x00000000        0xc ./obj/systick.o
 .group         0x00000000        0xc ./obj/systick.o
 .group         0x00000000        0xc ./obj/systick.o
 .group         0x00000000        0xc ./obj/systick.o
 .group         0x00000000        0xc ./obj/systick.o
 .group         0x00000000        0xc ./obj/systick.o
 .group         0x00000000        0xc ./obj/systick.o
 .group         0x00000000        0xc ./obj/systick.o
 .group         0x00000000        0xc ./obj/systick.o
 .group         0x00000000        0xc ./obj/systick.o
 .text          0x00000000        0x0 ./obj/systick.o
 .data          0x00000000        0x0 ./obj/systick.o
 .bss           0x00000000        0x0 ./obj/systick.o
 .debug_macro   0x00000000      0xafc ./obj/systick.o
 .debug_macro   0x00000000       0x22 ./obj/systick.o
 .debug_macro   0x00000000       0x4f ./obj/systick.o
 .debug_macro   0x00000000       0x51 ./obj/systick.o
 .debug_macro   0x00000000       0xef ./obj/systick.o
 .debug_macro   0x00000000       0x6a ./obj/systick.o
 .debug_macro   0x00000000      0x1df ./obj/systick.o
 .debug_macro   0x00000000       0x3a ./obj/systick.o
 .debug_macro   0x00000000       0x26 ./obj/systick.o
 .debug_macro   0x00000000      0x306 ./obj/systick.o
 .debug_macro   0x00000000     0xc3a9 ./obj/systick.o
 .group         0x00000000        0xc ./obj/main.o
 .group         0x00000000        0xc ./obj/main.o
 .group         0x00000000        0xc ./obj/main.o
 .group         0x00000000        0xc ./obj/main.o
 .group         0x00000000        0xc ./obj/main.o
 .group         0x00000000        0xc ./obj/main.o
 .group         0x00000000        0xc ./obj/main.o
 .group         0x00000000        0xc ./obj/main.o
 .group         0x00000000        0xc ./obj/main.o
 .group         0x00000000        0xc ./obj/main.o
 .group         0x00000000        0xc ./obj/main.o
 .group         0x00000000        0xc ./obj/main.o
 .group         0x00000000        0xc ./obj/main.o
 .group         0x00000000        0xc ./obj/main.o
 .group         0x00000000        0xc ./obj/main.o
 .group         0x00000000        0xc ./obj/main.o
 .group         0x00000000        0xc ./obj/main.o
 .group         0x00000000        0xc ./obj/main.o
 .group         0x00000000        0xc ./obj/main.o
 .group         0x00000000        0xc ./obj/main.o
 .group         0x00000000        0xc ./obj/main.o
 .group         0x00000000        0xc ./obj/main.o
 .group         0x00000000        0xc ./obj/main.o
 .group         0x00000000        0xc ./obj/main.o
 .group         0x00000000        0xc ./obj/main.o
 .group         0x00000000        0xc ./obj/main.o
 .group         0x00000000        0xc ./obj/main.o
 .group         0x00000000        0xc ./obj/main.o
 .group         0x00000000        0xc ./obj/main.o
 .group         0x00000000        0xc ./obj/main.o
 .group         0x00000000        0xc ./obj/main.o
 .group         0x00000000        0xc ./obj/main.o
 .group         0x00000000        0xc ./obj/main.o
 .group         0x00000000        0xc ./obj/main.o
 .group         0x00000000        0xc ./obj/main.o
 .group         0x00000000        0xc ./obj/main.o
 .text          0x00000000        0x0 ./obj/main.o
 .data          0x00000000        0x0 ./obj/main.o
 .bss           0x00000000        0x0 ./obj/main.o
 .debug_macro   0x00000000      0xafc ./obj/main.o
 .debug_macro   0x00000000       0x16 ./obj/main.o
 .debug_macro   0x00000000       0x22 ./obj/main.o
 .debug_macro   0x00000000       0x4f ./obj/main.o
 .debug_macro   0x00000000       0x51 ./obj/main.o
 .debug_macro   0x00000000       0xef ./obj/main.o
 .debug_macro   0x00000000       0x6a ./obj/main.o
 .debug_macro   0x00000000      0x1df ./obj/main.o
 .debug_macro   0x00000000       0x39 ./obj/main.o
 .debug_macro   0x00000000       0x3a ./obj/main.o
 .debug_macro   0x00000000       0x26 ./obj/main.o
 .debug_macro   0x00000000      0x306 ./obj/main.o
 .debug_macro   0x00000000     0xc3a9 ./obj/main.o
 .debug_macro   0x00000000       0x34 ./obj/main.o
 .debug_macro   0x00000000       0x46 ./obj/main.o
 .group         0x00000000        0xc ./obj/flash.o
 .group         0x00000000        0xc ./obj/flash.o
 .group         0x00000000        0xc ./obj/flash.o
 .group         0x00000000        0xc ./obj/flash.o
 .group         0x00000000        0xc ./obj/flash.o
 .group         0x00000000        0xc ./obj/flash.o
 .group         0x00000000        0xc ./obj/flash.o
 .group         0x00000000        0xc ./obj/flash.o
 .group         0x00000000        0xc ./obj/flash.o
 .group         0x00000000        0xc ./obj/flash.o
 .group         0x00000000        0xc ./obj/flash.o
 .group         0x00000000        0xc ./obj/flash.o
 .group         0x00000000        0xc ./obj/flash.o
 .group         0x00000000        0xc ./obj/flash.o
 .group         0x00000000        0xc ./obj/flash.o
 .group         0x00000000        0xc ./obj/flash.o
 .group         0x00000000        0xc ./obj/flash.o
 .group         0x00000000        0xc ./obj/flash.o
 .group         0x00000000        0xc ./obj/flash.o
 .group         0x00000000        0xc ./obj/flash.o
 .group         0x00000000        0xc ./obj/flash.o
 .group         0x00000000        0xc ./obj/flash.o
 .group         0x00000000        0xc ./obj/flash.o
 .group         0x00000000        0xc ./obj/flash.o
 .group         0x00000000        0xc ./obj/flash.o
 .group         0x00000000        0xc ./obj/flash.o
 .group         0x00000000        0xc ./obj/flash.o
 .group         0x00000000        0xc ./obj/flash.o
 .group         0x00000000        0xc ./obj/flash.o
 .text          0x00000000        0x0 ./obj/flash.o
 .data          0x00000000        0x0 ./obj/flash.o
 .bss           0x00000000        0x0 ./obj/flash.o
 .text.flash_init
                0x00000000       0x28 ./obj/flash.o
 .text.flash_read_logic
                0x00000000        0xe ./obj/flash.o
 .text.flash_protect
                0x00000000       0x5c ./obj/flash.o
 .text.flash_unprotect
                0x00000000       0x64 ./obj/flash.o
 .text.flash_isSectorProtected
                0x00000000       0x64 ./obj/flash.o
 .text.flash_write
                0x00000000       0x5c ./obj/flash.o
 .debug_macro   0x00000000      0xafc ./obj/flash.o
 .debug_macro   0x00000000       0x16 ./obj/flash.o
 .debug_macro   0x00000000       0x22 ./obj/flash.o
 .debug_macro   0x00000000       0x4f ./obj/flash.o
 .debug_macro   0x00000000       0x51 ./obj/flash.o
 .debug_macro   0x00000000       0xef ./obj/flash.o
 .debug_macro   0x00000000       0x6a ./obj/flash.o
 .debug_macro   0x00000000      0x1df ./obj/flash.o
 .debug_macro   0x00000000       0x39 ./obj/flash.o
 .debug_macro   0x00000000       0x3a ./obj/flash.o
 .debug_macro   0x00000000       0x26 ./obj/flash.o
 .debug_macro   0x00000000      0x306 ./obj/flash.o
 .debug_macro   0x00000000     0xc3a9 ./obj/flash.o
 .debug_macro   0x00000000       0x34 ./obj/flash.o
 .debug_macro   0x00000000       0x46 ./obj/flash.o
 .debug_macro   0x00000000       0x58 ./obj/flash.o
 .debug_macro   0x00000000       0x17 ./obj/flash.o
 .debug_macro   0x00000000       0x35 ./obj/flash.o
 .debug_macro   0x00000000       0x9c ./obj/flash.o
 .debug_macro   0x00000000      0x16d ./obj/flash.o
 .debug_macro   0x00000000       0x58 ./obj/flash.o
 .debug_macro   0x00000000       0x1f ./obj/flash.o
 .debug_macro   0x00000000       0x43 ./obj/flash.o
 .debug_macro   0x00000000       0x20 ./obj/flash.o
 .debug_macro   0x00000000      0x18e ./obj/flash.o
 .debug_macro   0x00000000      0x353 ./obj/flash.o
 .debug_macro   0x00000000       0x10 ./obj/flash.o
 .debug_macro   0x00000000       0x35 ./obj/flash.o
 .group         0x00000000        0xc ./obj/gpio.o
 .group         0x00000000        0xc ./obj/gpio.o
 .group         0x00000000        0xc ./obj/gpio.o
 .group         0x00000000        0xc ./obj/gpio.o
 .group         0x00000000        0xc ./obj/gpio.o
 .group         0x00000000        0xc ./obj/gpio.o
 .group         0x00000000        0xc ./obj/gpio.o
 .group         0x00000000        0xc ./obj/gpio.o
 .group         0x00000000        0xc ./obj/gpio.o
 .group         0x00000000        0xc ./obj/gpio.o
 .group         0x00000000        0xc ./obj/gpio.o
 .group         0x00000000        0xc ./obj/gpio.o
 .group         0x00000000        0xc ./obj/gpio.o
 .group         0x00000000        0xc ./obj/gpio.o
 .group         0x00000000        0xc ./obj/gpio.o
 .group         0x00000000        0xc ./obj/gpio.o
 .group         0x00000000        0xc ./obj/gpio.o
 .group         0x00000000        0xc ./obj/gpio.o
 .group         0x00000000        0xc ./obj/gpio.o
 .group         0x00000000        0xc ./obj/gpio.o
 .group         0x00000000        0xc ./obj/gpio.o
 .group         0x00000000        0xc ./obj/gpio.o
 .group         0x00000000        0xc ./obj/gpio.o
 .group         0x00000000        0xc ./obj/gpio.o
 .group         0x00000000        0xc ./obj/gpio.o
 .group         0x00000000        0xc ./obj/gpio.o
 .group         0x00000000        0xc ./obj/gpio.o
 .group         0x00000000        0xc ./obj/gpio.o
 .group         0x00000000        0xc ./obj/gpio.o
 .text          0x00000000        0x0 ./obj/gpio.o
 .data          0x00000000        0x0 ./obj/gpio.o
 .bss           0x00000000        0x0 ./obj/gpio.o
 .text.gpio_clear_allint
                0x00000000       0x20 ./obj/gpio.o
 .text.gpio_get
                0x00000000       0x30 ./obj/gpio.o
 .text.gpio_reverse
                0x00000000       0x30 ./obj/gpio.o
 .text.gpio_pull
                0x00000000       0x64 ./obj/gpio.o
 .text.gpio_enable_int
                0x00000000       0x68 ./obj/gpio.o
 .text.gpio_disable_int
                0x00000000       0x5c ./obj/gpio.o
 .text.gpio_get_int
                0x00000000       0x30 ./obj/gpio.o
 .text.gpio_clear_int
                0x00000000       0x30 ./obj/gpio.o
 .text.gpio_drive_strength
                0x00000000       0x48 ./obj/gpio.o
 .debug_macro   0x00000000      0xafc ./obj/gpio.o
 .debug_macro   0x00000000       0x16 ./obj/gpio.o
 .debug_macro   0x00000000       0x22 ./obj/gpio.o
 .debug_macro   0x00000000       0x4f ./obj/gpio.o
 .debug_macro   0x00000000       0x51 ./obj/gpio.o
 .debug_macro   0x00000000       0xef ./obj/gpio.o
 .debug_macro   0x00000000       0x6a ./obj/gpio.o
 .debug_macro   0x00000000      0x1df ./obj/gpio.o
 .debug_macro   0x00000000       0x39 ./obj/gpio.o
 .debug_macro   0x00000000       0x3a ./obj/gpio.o
 .debug_macro   0x00000000       0x26 ./obj/gpio.o
 .debug_macro   0x00000000      0x306 ./obj/gpio.o
 .debug_macro   0x00000000     0xc3a9 ./obj/gpio.o
 .debug_macro   0x00000000       0x34 ./obj/gpio.o
 .debug_macro   0x00000000       0x46 ./obj/gpio.o
 .debug_macro   0x00000000       0x58 ./obj/gpio.o
 .debug_macro   0x00000000       0x17 ./obj/gpio.o
 .debug_macro   0x00000000       0x35 ./obj/gpio.o
 .debug_macro   0x00000000       0x9c ./obj/gpio.o
 .debug_macro   0x00000000      0x16d ./obj/gpio.o
 .debug_macro   0x00000000       0x58 ./obj/gpio.o
 .debug_macro   0x00000000       0x1f ./obj/gpio.o
 .debug_macro   0x00000000       0x43 ./obj/gpio.o
 .debug_macro   0x00000000       0x20 ./obj/gpio.o
 .debug_macro   0x00000000      0x18e ./obj/gpio.o
 .debug_macro   0x00000000      0x353 ./obj/gpio.o
 .debug_macro   0x00000000       0x10 ./obj/gpio.o
 .debug_macro   0x00000000       0x35 ./obj/gpio.o
 .group         0x00000000        0xc ./obj/wdog.o
 .group         0x00000000        0xc ./obj/wdog.o
 .group         0x00000000        0xc ./obj/wdog.o
 .group         0x00000000        0xc ./obj/wdog.o
 .group         0x00000000        0xc ./obj/wdog.o
 .group         0x00000000        0xc ./obj/wdog.o
 .group         0x00000000        0xc ./obj/wdog.o
 .group         0x00000000        0xc ./obj/wdog.o
 .group         0x00000000        0xc ./obj/wdog.o
 .group         0x00000000        0xc ./obj/wdog.o
 .group         0x00000000        0xc ./obj/wdog.o
 .group         0x00000000        0xc ./obj/wdog.o
 .group         0x00000000        0xc ./obj/wdog.o
 .group         0x00000000        0xc ./obj/wdog.o
 .group         0x00000000        0xc ./obj/wdog.o
 .group         0x00000000        0xc ./obj/wdog.o
 .group         0x00000000        0xc ./obj/wdog.o
 .group         0x00000000        0xc ./obj/wdog.o
 .group         0x00000000        0xc ./obj/wdog.o
 .group         0x00000000        0xc ./obj/wdog.o
 .group         0x00000000        0xc ./obj/wdog.o
 .group         0x00000000        0xc ./obj/wdog.o
 .group         0x00000000        0xc ./obj/wdog.o
 .group         0x00000000        0xc ./obj/wdog.o
 .group         0x00000000        0xc ./obj/wdog.o
 .group         0x00000000        0xc ./obj/wdog.o
 .group         0x00000000        0xc ./obj/wdog.o
 .group         0x00000000        0xc ./obj/wdog.o
 .group         0x00000000        0xc ./obj/wdog.o
 .text          0x00000000        0x0 ./obj/wdog.o
 .data          0x00000000        0x0 ./obj/wdog.o
 .bss           0x00000000        0x0 ./obj/wdog.o
 .text.wdog_start
                0x00000000       0x3c ./obj/wdog.o
 .debug_macro   0x00000000      0xafc ./obj/wdog.o
 .debug_macro   0x00000000       0x16 ./obj/wdog.o
 .debug_macro   0x00000000       0x22 ./obj/wdog.o
 .debug_macro   0x00000000       0x4f ./obj/wdog.o
 .debug_macro   0x00000000       0x51 ./obj/wdog.o
 .debug_macro   0x00000000       0xef ./obj/wdog.o
 .debug_macro   0x00000000       0x6a ./obj/wdog.o
 .debug_macro   0x00000000      0x1df ./obj/wdog.o
 .debug_macro   0x00000000       0x39 ./obj/wdog.o
 .debug_macro   0x00000000       0x3a ./obj/wdog.o
 .debug_macro   0x00000000       0x26 ./obj/wdog.o
 .debug_macro   0x00000000      0x306 ./obj/wdog.o
 .debug_macro   0x00000000     0xc3a9 ./obj/wdog.o
 .debug_macro   0x00000000       0x34 ./obj/wdog.o
 .debug_macro   0x00000000       0x46 ./obj/wdog.o
 .debug_macro   0x00000000       0x58 ./obj/wdog.o
 .debug_macro   0x00000000       0x17 ./obj/wdog.o
 .debug_macro   0x00000000       0x35 ./obj/wdog.o
 .debug_macro   0x00000000       0x9c ./obj/wdog.o
 .debug_macro   0x00000000      0x16d ./obj/wdog.o
 .debug_macro   0x00000000       0x58 ./obj/wdog.o
 .debug_macro   0x00000000       0x1f ./obj/wdog.o
 .debug_macro   0x00000000       0x43 ./obj/wdog.o
 .debug_macro   0x00000000       0x20 ./obj/wdog.o
 .debug_macro   0x00000000      0x18e ./obj/wdog.o
 .debug_macro   0x00000000      0x353 ./obj/wdog.o
 .debug_macro   0x00000000       0x10 ./obj/wdog.o
 .debug_macro   0x00000000       0x35 ./obj/wdog.o
 .group         0x00000000        0xc ./obj/spi.o
 .group         0x00000000        0xc ./obj/spi.o
 .group         0x00000000        0xc ./obj/spi.o
 .group         0x00000000        0xc ./obj/spi.o
 .group         0x00000000        0xc ./obj/spi.o
 .group         0x00000000        0xc ./obj/spi.o
 .group         0x00000000        0xc ./obj/spi.o
 .group         0x00000000        0xc ./obj/spi.o
 .group         0x00000000        0xc ./obj/spi.o
 .group         0x00000000        0xc ./obj/spi.o
 .group         0x00000000        0xc ./obj/spi.o
 .group         0x00000000        0xc ./obj/spi.o
 .group         0x00000000        0xc ./obj/spi.o
 .group         0x00000000        0xc ./obj/spi.o
 .group         0x00000000        0xc ./obj/spi.o
 .group         0x00000000        0xc ./obj/spi.o
 .group         0x00000000        0xc ./obj/spi.o
 .group         0x00000000        0xc ./obj/spi.o
 .group         0x00000000        0xc ./obj/spi.o
 .group         0x00000000        0xc ./obj/spi.o
 .group         0x00000000        0xc ./obj/spi.o
 .group         0x00000000        0xc ./obj/spi.o
 .group         0x00000000        0xc ./obj/spi.o
 .group         0x00000000        0xc ./obj/spi.o
 .group         0x00000000        0xc ./obj/spi.o
 .group         0x00000000        0xc ./obj/spi.o
 .group         0x00000000        0xc ./obj/spi.o
 .group         0x00000000        0xc ./obj/spi.o
 .group         0x00000000        0xc ./obj/spi.o
 .group         0x00000000        0xc ./obj/spi.o
 .text          0x00000000        0x0 ./obj/spi.o
 .data          0x00000000        0x0 ./obj/spi.o
 .bss           0x00000000        0x0 ./obj/spi.o
 .text.spi_send1
                0x00000000       0x34 ./obj/spi.o
 .text.spi_receiveN
                0x00000000       0x28 ./obj/spi.o
 .text.spi_disable_re_int
                0x00000000       0x18 ./obj/spi.o
 .debug_macro   0x00000000      0xafc ./obj/spi.o
 .debug_macro   0x00000000       0x16 ./obj/spi.o
 .debug_macro   0x00000000       0x22 ./obj/spi.o
 .debug_macro   0x00000000       0x4f ./obj/spi.o
 .debug_macro   0x00000000       0x51 ./obj/spi.o
 .debug_macro   0x00000000       0xef ./obj/spi.o
 .debug_macro   0x00000000       0x6a ./obj/spi.o
 .debug_macro   0x00000000      0x1df ./obj/spi.o
 .debug_macro   0x00000000       0x39 ./obj/spi.o
 .debug_macro   0x00000000       0x3a ./obj/spi.o
 .debug_macro   0x00000000       0x26 ./obj/spi.o
 .debug_macro   0x00000000      0x306 ./obj/spi.o
 .debug_macro   0x00000000     0xc3a9 ./obj/spi.o
 .debug_macro   0x00000000       0x34 ./obj/spi.o
 .debug_macro   0x00000000       0x46 ./obj/spi.o
 .debug_macro   0x00000000       0x58 ./obj/spi.o
 .debug_macro   0x00000000       0x17 ./obj/spi.o
 .debug_macro   0x00000000       0x35 ./obj/spi.o
 .debug_macro   0x00000000       0x9c ./obj/spi.o
 .debug_macro   0x00000000      0x16d ./obj/spi.o
 .debug_macro   0x00000000       0x58 ./obj/spi.o
 .debug_macro   0x00000000       0x1f ./obj/spi.o
 .debug_macro   0x00000000       0x43 ./obj/spi.o
 .debug_macro   0x00000000       0x20 ./obj/spi.o
 .debug_macro   0x00000000      0x18e ./obj/spi.o
 .debug_macro   0x00000000      0x353 ./obj/spi.o
 .debug_macro   0x00000000       0x10 ./obj/spi.o
 .debug_macro   0x00000000       0x35 ./obj/spi.o
 .debug_macro   0x00000000       0x1c ./obj/spi.o
 .debug_macro   0x00000000       0x16 ./obj/spi.o
 .group         0x00000000        0xc ./obj/gec.o
 .group         0x00000000        0xc ./obj/gec.o
 .group         0x00000000        0xc ./obj/gec.o
 .group         0x00000000        0xc ./obj/gec.o
 .group         0x00000000        0xc ./obj/gec.o
 .group         0x00000000        0xc ./obj/gec.o
 .group         0x00000000        0xc ./obj/gec.o
 .group         0x00000000        0xc ./obj/gec.o
 .group         0x00000000        0xc ./obj/gec.o
 .group         0x00000000        0xc ./obj/gec.o
 .group         0x00000000        0xc ./obj/gec.o
 .group         0x00000000        0xc ./obj/gec.o
 .group         0x00000000        0xc ./obj/gec.o
 .group         0x00000000        0xc ./obj/gec.o
 .group         0x00000000        0xc ./obj/gec.o
 .group         0x00000000        0xc ./obj/gec.o
 .group         0x00000000        0xc ./obj/gec.o
 .group         0x00000000        0xc ./obj/gec.o
 .group         0x00000000        0xc ./obj/gec.o
 .group         0x00000000        0xc ./obj/gec.o
 .group         0x00000000        0xc ./obj/gec.o
 .group         0x00000000        0xc ./obj/gec.o
 .group         0x00000000        0xc ./obj/gec.o
 .group         0x00000000        0xc ./obj/gec.o
 .group         0x00000000        0xc ./obj/gec.o
 .group         0x00000000        0xc ./obj/gec.o
 .group         0x00000000        0xc ./obj/gec.o
 .group         0x00000000        0xc ./obj/gec.o
 .group         0x00000000        0xc ./obj/gec.o
 .group         0x00000000        0xc ./obj/gec.o
 .group         0x00000000        0xc ./obj/gec.o
 .group         0x00000000        0xc ./obj/gec.o
 .group         0x00000000        0xc ./obj/gec.o
 .group         0x00000000        0xc ./obj/gec.o
 .group         0x00000000        0xc ./obj/gec.o
 .group         0x00000000        0xc ./obj/gec.o
 .text          0x00000000        0x0 ./obj/gec.o
 .data          0x00000000        0x0 ./obj/gec.o
 .bss           0x00000000        0x0 ./obj/gec.o
 .debug_macro   0x00000000      0xafc ./obj/gec.o
 .debug_macro   0x00000000       0x16 ./obj/gec.o
 .debug_macro   0x00000000       0x22 ./obj/gec.o
 .debug_macro   0x00000000       0x4f ./obj/gec.o
 .debug_macro   0x00000000       0x51 ./obj/gec.o
 .debug_macro   0x00000000       0xef ./obj/gec.o
 .debug_macro   0x00000000       0x6a ./obj/gec.o
 .debug_macro   0x00000000      0x1df ./obj/gec.o
 .debug_macro   0x00000000       0x39 ./obj/gec.o
 .debug_macro   0x00000000       0x3a ./obj/gec.o
 .debug_macro   0x00000000       0x26 ./obj/gec.o
 .debug_macro   0x00000000      0x306 ./obj/gec.o
 .debug_macro   0x00000000     0xc3a9 ./obj/gec.o
 .debug_macro   0x00000000       0x34 ./obj/gec.o
 .debug_macro   0x00000000       0x46 ./obj/gec.o
 .debug_macro   0x00000000       0x58 ./obj/gec.o
 .debug_macro   0x00000000       0x17 ./obj/gec.o
 .debug_macro   0x00000000       0x35 ./obj/gec.o
 .debug_macro   0x00000000       0x9c ./obj/gec.o
 .debug_macro   0x00000000      0x16d ./obj/gec.o
 .debug_macro   0x00000000       0x58 ./obj/gec.o
 .debug_macro   0x00000000       0x1f ./obj/gec.o
 .debug_macro   0x00000000       0x43 ./obj/gec.o
 .debug_macro   0x00000000       0x20 ./obj/gec.o
 .debug_macro   0x00000000      0x18e ./obj/gec.o
 .debug_macro   0x00000000      0x353 ./obj/gec.o
 .debug_macro   0x00000000       0x10 ./obj/gec.o
 .debug_macro   0x00000000       0x35 ./obj/gec.o
 .debug_macro   0x00000000       0x28 ./obj/gec.o
 .debug_macro   0x00000000       0x9a ./obj/gec.o
 .debug_macro   0x00000000       0x6a ./obj/gec.o
 .debug_macro   0x00000000       0x58 ./obj/gec.o
 .debug_macro   0x00000000       0x22 ./obj/gec.o
 .debug_macro   0x00000000       0x16 ./obj/gec.o
 .debug_macro   0x00000000       0x5e ./obj/gec.o
 .debug_macro   0x00000000       0x22 ./obj/gec.o
 .group         0x00000000        0xc ./obj/uart.o
 .group         0x00000000        0xc ./obj/uart.o
 .group         0x00000000        0xc ./obj/uart.o
 .group         0x00000000        0xc ./obj/uart.o
 .group         0x00000000        0xc ./obj/uart.o
 .group         0x00000000        0xc ./obj/uart.o
 .group         0x00000000        0xc ./obj/uart.o
 .group         0x00000000        0xc ./obj/uart.o
 .group         0x00000000        0xc ./obj/uart.o
 .group         0x00000000        0xc ./obj/uart.o
 .group         0x00000000        0xc ./obj/uart.o
 .group         0x00000000        0xc ./obj/uart.o
 .group         0x00000000        0xc ./obj/uart.o
 .group         0x00000000        0xc ./obj/uart.o
 .group         0x00000000        0xc ./obj/uart.o
 .group         0x00000000        0xc ./obj/uart.o
 .group         0x00000000        0xc ./obj/uart.o
 .group         0x00000000        0xc ./obj/uart.o
 .group         0x00000000        0xc ./obj/uart.o
 .group         0x00000000        0xc ./obj/uart.o
 .group         0x00000000        0xc ./obj/uart.o
 .group         0x00000000        0xc ./obj/uart.o
 .group         0x00000000        0xc ./obj/uart.o
 .group         0x00000000        0xc ./obj/uart.o
 .group         0x00000000        0xc ./obj/uart.o
 .group         0x00000000        0xc ./obj/uart.o
 .group         0x00000000        0xc ./obj/uart.o
 .group         0x00000000        0xc ./obj/uart.o
 .group         0x00000000        0xc ./obj/uart.o
 .text          0x00000000        0x0 ./obj/uart.o
 .data          0x00000000        0x0 ./obj/uart.o
 .bss           0x00000000        0x0 ./obj/uart.o
 .text.uart_deinit
                0x00000000       0x6c ./obj/uart.o
 .text.uart_sendN
                0x00000000       0x34 ./obj/uart.o
 .text.uart_send_string
                0x00000000       0x2a ./obj/uart.o
 .text.uart_reN
                0x00000000       0x4a ./obj/uart.o
 .text.uart_disable_re_int
                0x00000000       0x50 ./obj/uart.o
 .text.uart_get_re_int
                0x00000000       0x58 ./obj/uart.o
 .debug_macro   0x00000000      0xafc ./obj/uart.o
 .debug_macro   0x00000000       0x16 ./obj/uart.o
 .debug_macro   0x00000000       0x22 ./obj/uart.o
 .debug_macro   0x00000000       0x4f ./obj/uart.o
 .debug_macro   0x00000000       0x51 ./obj/uart.o
 .debug_macro   0x00000000       0xef ./obj/uart.o
 .debug_macro   0x00000000       0x6a ./obj/uart.o
 .debug_macro   0x00000000      0x1df ./obj/uart.o
 .debug_macro   0x00000000       0x39 ./obj/uart.o
 .debug_macro   0x00000000       0x3a ./obj/uart.o
 .debug_macro   0x00000000       0x26 ./obj/uart.o
 .debug_macro   0x00000000      0x306 ./obj/uart.o
 .debug_macro   0x00000000     0xc3a9 ./obj/uart.o
 .debug_macro   0x00000000       0x34 ./obj/uart.o
 .debug_macro   0x00000000       0x46 ./obj/uart.o
 .debug_macro   0x00000000       0x58 ./obj/uart.o
 .debug_macro   0x00000000       0x17 ./obj/uart.o
 .debug_macro   0x00000000       0x35 ./obj/uart.o
 .debug_macro   0x00000000       0x9c ./obj/uart.o
 .debug_macro   0x00000000      0x16d ./obj/uart.o
 .debug_macro   0x00000000       0x58 ./obj/uart.o
 .debug_macro   0x00000000       0x1f ./obj/uart.o
 .debug_macro   0x00000000       0x43 ./obj/uart.o
 .debug_macro   0x00000000       0x20 ./obj/uart.o
 .debug_macro   0x00000000      0x18e ./obj/uart.o
 .debug_macro   0x00000000      0x353 ./obj/uart.o
 .debug_macro   0x00000000       0x10 ./obj/uart.o
 .debug_macro   0x00000000       0x35 ./obj/uart.o
 .debug_macro   0x00000000       0x28 ./obj/uart.o
 .group         0x00000000        0xc ./obj/isr.o
 .group         0x00000000        0xc ./obj/isr.o
 .group         0x00000000        0xc ./obj/isr.o
 .group         0x00000000        0xc ./obj/isr.o
 .group         0x00000000        0xc ./obj/isr.o
 .group         0x00000000        0xc ./obj/isr.o
 .group         0x00000000        0xc ./obj/isr.o
 .group         0x00000000        0xc ./obj/isr.o
 .group         0x00000000        0xc ./obj/isr.o
 .group         0x00000000        0xc ./obj/isr.o
 .group         0x00000000        0xc ./obj/isr.o
 .group         0x00000000        0xc ./obj/isr.o
 .group         0x00000000        0xc ./obj/isr.o
 .group         0x00000000        0xc ./obj/isr.o
 .group         0x00000000        0xc ./obj/isr.o
 .group         0x00000000        0xc ./obj/isr.o
 .group         0x00000000        0xc ./obj/isr.o
 .group         0x00000000        0xc ./obj/isr.o
 .group         0x00000000        0xc ./obj/isr.o
 .group         0x00000000        0xc ./obj/isr.o
 .group         0x00000000        0xc ./obj/isr.o
 .group         0x00000000        0xc ./obj/isr.o
 .group         0x00000000        0xc ./obj/isr.o
 .group         0x00000000        0xc ./obj/isr.o
 .group         0x00000000        0xc ./obj/isr.o
 .group         0x00000000        0xc ./obj/isr.o
 .group         0x00000000        0xc ./obj/isr.o
 .group         0x00000000        0xc ./obj/isr.o
 .group         0x00000000        0xc ./obj/isr.o
 .group         0x00000000        0xc ./obj/isr.o
 .group         0x00000000        0xc ./obj/isr.o
 .group         0x00000000        0xc ./obj/isr.o
 .group         0x00000000        0xc ./obj/isr.o
 .group         0x00000000        0xc ./obj/isr.o
 .group         0x00000000        0xc ./obj/isr.o
 .group         0x00000000        0xc ./obj/isr.o
 .text          0x00000000        0x0 ./obj/isr.o
 .data          0x00000000        0x0 ./obj/isr.o
 .bss           0x00000000        0x0 ./obj/isr.o
 .debug_macro   0x00000000      0xafc ./obj/isr.o
 .debug_macro   0x00000000       0x16 ./obj/isr.o
 .debug_macro   0x00000000       0x22 ./obj/isr.o
 .debug_macro   0x00000000       0x4f ./obj/isr.o
 .debug_macro   0x00000000       0x51 ./obj/isr.o
 .debug_macro   0x00000000       0xef ./obj/isr.o
 .debug_macro   0x00000000       0x6a ./obj/isr.o
 .debug_macro   0x00000000      0x1df ./obj/isr.o
 .debug_macro   0x00000000       0x39 ./obj/isr.o
 .debug_macro   0x00000000       0x3a ./obj/isr.o
 .debug_macro   0x00000000       0x26 ./obj/isr.o
 .debug_macro   0x00000000      0x306 ./obj/isr.o
 .debug_macro   0x00000000     0xc3a9 ./obj/isr.o
 .debug_macro   0x00000000       0x34 ./obj/isr.o
 .debug_macro   0x00000000       0x46 ./obj/isr.o
 .debug_macro   0x00000000       0x58 ./obj/isr.o
 .debug_macro   0x00000000       0x17 ./obj/isr.o
 .debug_macro   0x00000000       0x35 ./obj/isr.o
 .debug_macro   0x00000000       0x9c ./obj/isr.o
 .debug_macro   0x00000000      0x16d ./obj/isr.o
 .debug_macro   0x00000000       0x58 ./obj/isr.o
 .debug_macro   0x00000000       0x1f ./obj/isr.o
 .debug_macro   0x00000000       0x43 ./obj/isr.o
 .debug_macro   0x00000000       0x20 ./obj/isr.o
 .debug_macro   0x00000000      0x18e ./obj/isr.o
 .debug_macro   0x00000000      0x353 ./obj/isr.o
 .debug_macro   0x00000000       0x10 ./obj/isr.o
 .debug_macro   0x00000000       0x35 ./obj/isr.o
 .debug_macro   0x00000000       0x28 ./obj/isr.o
 .debug_macro   0x00000000       0x9a ./obj/isr.o
 .debug_macro   0x00000000       0x6a ./obj/isr.o
 .debug_macro   0x00000000       0x22 ./obj/isr.o
 .debug_macro   0x00000000       0x58 ./obj/isr.o
 .debug_macro   0x00000000       0x22 ./obj/isr.o
 .debug_macro   0x00000000       0x16 ./obj/isr.o
 .debug_macro   0x00000000       0x5e ./obj/isr.o
 .group         0x00000000        0xc ./obj/printf.o
 .group         0x00000000        0xc ./obj/printf.o
 .group         0x00000000        0xc ./obj/printf.o
 .group         0x00000000        0xc ./obj/printf.o
 .group         0x00000000        0xc ./obj/printf.o
 .group         0x00000000        0xc ./obj/printf.o
 .group         0x00000000        0xc ./obj/printf.o
 .group         0x00000000        0xc ./obj/printf.o
 .group         0x00000000        0xc ./obj/printf.o
 .group         0x00000000        0xc ./obj/printf.o
 .group         0x00000000        0xc ./obj/printf.o
 .group         0x00000000        0xc ./obj/printf.o
 .group         0x00000000        0xc ./obj/printf.o
 .group         0x00000000        0xc ./obj/printf.o
 .group         0x00000000        0xc ./obj/printf.o
 .group         0x00000000        0xc ./obj/printf.o
 .group         0x00000000        0xc ./obj/printf.o
 .group         0x00000000        0xc ./obj/printf.o
 .group         0x00000000        0xc ./obj/printf.o
 .group         0x00000000        0xc ./obj/printf.o
 .group         0x00000000        0xc ./obj/printf.o
 .group         0x00000000        0xc ./obj/printf.o
 .group         0x00000000        0xc ./obj/printf.o
 .group         0x00000000        0xc ./obj/printf.o
 .group         0x00000000        0xc ./obj/printf.o
 .group         0x00000000        0xc ./obj/printf.o
 .group         0x00000000        0xc ./obj/printf.o
 .group         0x00000000        0xc ./obj/printf.o
 .group         0x00000000        0xc ./obj/printf.o
 .group         0x00000000        0xc ./obj/printf.o
 .text          0x00000000        0x0 ./obj/printf.o
 .data          0x00000000        0x0 ./obj/printf.o
 .bss           0x00000000        0x0 ./obj/printf.o
 .debug_macro   0x00000000      0xafc ./obj/printf.o
 .debug_macro   0x00000000       0x16 ./obj/printf.o
 .debug_macro   0x00000000       0x22 ./obj/printf.o
 .debug_macro   0x00000000       0x4f ./obj/printf.o
 .debug_macro   0x00000000       0x51 ./obj/printf.o
 .debug_macro   0x00000000       0xef ./obj/printf.o
 .debug_macro   0x00000000       0x6a ./obj/printf.o
 .debug_macro   0x00000000      0x1df ./obj/printf.o
 .debug_macro   0x00000000       0x39 ./obj/printf.o
 .debug_macro   0x00000000       0x3a ./obj/printf.o
 .debug_macro   0x00000000       0x26 ./obj/printf.o
 .debug_macro   0x00000000      0x306 ./obj/printf.o
 .debug_macro   0x00000000     0xc3a9 ./obj/printf.o
 .debug_macro   0x00000000       0x34 ./obj/printf.o
 .debug_macro   0x00000000       0x46 ./obj/printf.o
 .debug_macro   0x00000000       0x58 ./obj/printf.o
 .debug_macro   0x00000000       0x17 ./obj/printf.o
 .debug_macro   0x00000000       0x35 ./obj/printf.o
 .debug_macro   0x00000000       0x9c ./obj/printf.o
 .debug_macro   0x00000000      0x16d ./obj/printf.o
 .debug_macro   0x00000000       0x58 ./obj/printf.o
 .debug_macro   0x00000000       0x1f ./obj/printf.o
 .debug_macro   0x00000000       0x43 ./obj/printf.o
 .debug_macro   0x00000000       0x20 ./obj/printf.o
 .debug_macro   0x00000000      0x18e ./obj/printf.o
 .debug_macro   0x00000000      0x353 ./obj/printf.o
 .debug_macro   0x00000000       0x10 ./obj/printf.o
 .debug_macro   0x00000000       0x35 ./obj/printf.o
 .debug_macro   0x00000000       0x28 ./obj/printf.o
 .debug_macro   0x00000000       0x9a ./obj/printf.o
 .data          0x00000000        0x0 ./obj/startup_MKL36Z4.o
 .bss           0x00000000        0x0 ./obj/startup_MKL36Z4.o
 .data          0x00000000        0x0 d:/ahl-gec-ide(4.11)/gcc/bin/../lib/gcc/arm-none-eabi/7.2.1/thumb/v6-m\libgcc.a(_udivsi3.o)
 .bss           0x00000000        0x0 d:/ahl-gec-ide(4.11)/gcc/bin/../lib/gcc/arm-none-eabi/7.2.1/thumb/v6-m\libgcc.a(_udivsi3.o)
 .data          0x00000000        0x0 d:/ahl-gec-ide(4.11)/gcc/bin/../lib/gcc/arm-none-eabi/7.2.1/thumb/v6-m\libgcc.a(_divsi3.o)
 .bss           0x00000000        0x0 d:/ahl-gec-ide(4.11)/gcc/bin/../lib/gcc/arm-none-eabi/7.2.1/thumb/v6-m\libgcc.a(_divsi3.o)
 .data          0x00000000        0x0 d:/ahl-gec-ide(4.11)/gcc/bin/../lib/gcc/arm-none-eabi/7.2.1/thumb/v6-m\libgcc.a(_dvmd_tls.o)
 .bss           0x00000000        0x0 d:/ahl-gec-ide(4.11)/gcc/bin/../lib/gcc/arm-none-eabi/7.2.1/thumb/v6-m\libgcc.a(_dvmd_tls.o)
 .data          0x00000000        0x0 d:/ahl-gec-ide(4.11)/gcc/bin/../lib/gcc/arm-none-eabi/7.2.1/thumb/v6-m\libgcc.a(_arm_cmpdf2.o)
 .bss           0x00000000        0x0 d:/ahl-gec-ide(4.11)/gcc/bin/../lib/gcc/arm-none-eabi/7.2.1/thumb/v6-m\libgcc.a(_arm_cmpdf2.o)
 .data          0x00000000        0x0 d:/ahl-gec-ide(4.11)/gcc/bin/../lib/gcc/arm-none-eabi/7.2.1/thumb/v6-m\libgcc.a(_aeabi_uldivmod.o)
 .bss           0x00000000        0x0 d:/ahl-gec-ide(4.11)/gcc/bin/../lib/gcc/arm-none-eabi/7.2.1/thumb/v6-m\libgcc.a(_aeabi_uldivmod.o)
 .data          0x00000000        0x0 d:/ahl-gec-ide(4.11)/gcc/bin/../lib/gcc/arm-none-eabi/7.2.1/thumb/v6-m\libgcc.a(_fixunsdfsi.o)
 .bss           0x00000000        0x0 d:/ahl-gec-ide(4.11)/gcc/bin/../lib/gcc/arm-none-eabi/7.2.1/thumb/v6-m\libgcc.a(_fixunsdfsi.o)
 .data          0x00000000        0x0 d:/ahl-gec-ide(4.11)/gcc/bin/../lib/gcc/arm-none-eabi/7.2.1/thumb/v6-m\libgcc.a(_fixunsdfdi.o)
 .bss           0x00000000        0x0 d:/ahl-gec-ide(4.11)/gcc/bin/../lib/gcc/arm-none-eabi/7.2.1/thumb/v6-m\libgcc.a(_fixunsdfdi.o)
 .data          0x00000000        0x0 d:/ahl-gec-ide(4.11)/gcc/bin/../lib/gcc/arm-none-eabi/7.2.1/thumb/v6-m\libgcc.a(_udivmoddi4.o)
 .bss           0x00000000        0x0 d:/ahl-gec-ide(4.11)/gcc/bin/../lib/gcc/arm-none-eabi/7.2.1/thumb/v6-m\libgcc.a(_udivmoddi4.o)
 .ARM.extab     0x00000000        0x0 d:/ahl-gec-ide(4.11)/gcc/bin/../lib/gcc/arm-none-eabi/7.2.1/thumb/v6-m\libgcc.a(_udivmoddi4.o)
 .data          0x00000000        0x0 d:/ahl-gec-ide(4.11)/gcc/bin/../lib/gcc/arm-none-eabi/7.2.1/thumb/v6-m\libgcc.a(eqdf2.o)
 .bss           0x00000000        0x0 d:/ahl-gec-ide(4.11)/gcc/bin/../lib/gcc/arm-none-eabi/7.2.1/thumb/v6-m\libgcc.a(eqdf2.o)
 .data          0x00000000        0x0 d:/ahl-gec-ide(4.11)/gcc/bin/../lib/gcc/arm-none-eabi/7.2.1/thumb/v6-m\libgcc.a(gedf2.o)
 .bss           0x00000000        0x0 d:/ahl-gec-ide(4.11)/gcc/bin/../lib/gcc/arm-none-eabi/7.2.1/thumb/v6-m\libgcc.a(gedf2.o)
 .data          0x00000000        0x0 d:/ahl-gec-ide(4.11)/gcc/bin/../lib/gcc/arm-none-eabi/7.2.1/thumb/v6-m\libgcc.a(ledf2.o)
 .bss           0x00000000        0x0 d:/ahl-gec-ide(4.11)/gcc/bin/../lib/gcc/arm-none-eabi/7.2.1/thumb/v6-m\libgcc.a(ledf2.o)
 .data          0x00000000        0x0 d:/ahl-gec-ide(4.11)/gcc/bin/../lib/gcc/arm-none-eabi/7.2.1/thumb/v6-m\libgcc.a(muldf3.o)
 .bss           0x00000000        0x0 d:/ahl-gec-ide(4.11)/gcc/bin/../lib/gcc/arm-none-eabi/7.2.1/thumb/v6-m\libgcc.a(muldf3.o)
 .data          0x00000000        0x0 d:/ahl-gec-ide(4.11)/gcc/bin/../lib/gcc/arm-none-eabi/7.2.1/thumb/v6-m\libgcc.a(subdf3.o)
 .bss           0x00000000        0x0 d:/ahl-gec-ide(4.11)/gcc/bin/../lib/gcc/arm-none-eabi/7.2.1/thumb/v6-m\libgcc.a(subdf3.o)
 .data          0x00000000        0x0 d:/ahl-gec-ide(4.11)/gcc/bin/../lib/gcc/arm-none-eabi/7.2.1/thumb/v6-m\libgcc.a(fixdfsi.o)
 .bss           0x00000000        0x0 d:/ahl-gec-ide(4.11)/gcc/bin/../lib/gcc/arm-none-eabi/7.2.1/thumb/v6-m\libgcc.a(fixdfsi.o)
 .data          0x00000000        0x0 d:/ahl-gec-ide(4.11)/gcc/bin/../lib/gcc/arm-none-eabi/7.2.1/thumb/v6-m\libgcc.a(floatunsidf.o)
 .bss           0x00000000        0x0 d:/ahl-gec-ide(4.11)/gcc/bin/../lib/gcc/arm-none-eabi/7.2.1/thumb/v6-m\libgcc.a(floatunsidf.o)
 .data          0x00000000        0x0 d:/ahl-gec-ide(4.11)/gcc/bin/../lib/gcc/arm-none-eabi/7.2.1/thumb/v6-m\libgcc.a(_clzsi2.o)
 .bss           0x00000000        0x0 d:/ahl-gec-ide(4.11)/gcc/bin/../lib/gcc/arm-none-eabi/7.2.1/thumb/v6-m\libgcc.a(_clzsi2.o)
 .data          0x00000000        0x0 d:/ahl-gec-ide(4.11)/gcc/bin/../lib/gcc/arm-none-eabi/7.2.1/thumb/v6-m\libgcc.a(_clzdi2.o)
 .bss           0x00000000        0x0 d:/ahl-gec-ide(4.11)/gcc/bin/../lib/gcc/arm-none-eabi/7.2.1/thumb/v6-m\libgcc.a(_clzdi2.o)
 .text          0x00000000        0x0 d:/ahl-gec-ide(4.11)/gcc/bin/../lib/gcc/arm-none-eabi/7.2.1/../../../../arm-none-eabi/lib/thumb/v6-m\libg_nano.a(lib_a-exit.o)
 .data          0x00000000        0x0 d:/ahl-gec-ide(4.11)/gcc/bin/../lib/gcc/arm-none-eabi/7.2.1/../../../../arm-none-eabi/lib/thumb/v6-m\libg_nano.a(lib_a-exit.o)
 .bss           0x00000000        0x0 d:/ahl-gec-ide(4.11)/gcc/bin/../lib/gcc/arm-none-eabi/7.2.1/../../../../arm-none-eabi/lib/thumb/v6-m\libg_nano.a(lib_a-exit.o)
 .text.exit     0x00000000       0x2c d:/ahl-gec-ide(4.11)/gcc/bin/../lib/gcc/arm-none-eabi/7.2.1/../../../../arm-none-eabi/lib/thumb/v6-m\libg_nano.a(lib_a-exit.o)
 .debug_frame   0x00000000       0x28 d:/ahl-gec-ide(4.11)/gcc/bin/../lib/gcc/arm-none-eabi/7.2.1/../../../../arm-none-eabi/lib/thumb/v6-m\libg_nano.a(lib_a-exit.o)
 .ARM.attributes
                0x00000000       0x2c d:/ahl-gec-ide(4.11)/gcc/bin/../lib/gcc/arm-none-eabi/7.2.1/../../../../arm-none-eabi/lib/thumb/v6-m\libg_nano.a(lib_a-exit.o)
 .text          0x00000000        0x0 d:/ahl-gec-ide(4.11)/gcc/bin/../lib/gcc/arm-none-eabi/7.2.1/../../../../arm-none-eabi/lib/thumb/v6-m\libg_nano.a(lib_a-impure.o)
 .data          0x00000000        0x0 d:/ahl-gec-ide(4.11)/gcc/bin/../lib/gcc/arm-none-eabi/7.2.1/../../../../arm-none-eabi/lib/thumb/v6-m\libg_nano.a(lib_a-impure.o)
 .bss           0x00000000        0x0 d:/ahl-gec-ide(4.11)/gcc/bin/../lib/gcc/arm-none-eabi/7.2.1/../../../../arm-none-eabi/lib/thumb/v6-m\libg_nano.a(lib_a-impure.o)
 .data._impure_ptr
                0x00000000        0x4 d:/ahl-gec-ide(4.11)/gcc/bin/../lib/gcc/arm-none-eabi/7.2.1/../../../../arm-none-eabi/lib/thumb/v6-m\libg_nano.a(lib_a-impure.o)
 .data.impure_data
                0x00000000       0x60 d:/ahl-gec-ide(4.11)/gcc/bin/../lib/gcc/arm-none-eabi/7.2.1/../../../../arm-none-eabi/lib/thumb/v6-m\libg_nano.a(lib_a-impure.o)
 .rodata._global_impure_ptr
                0x00000000        0x4 d:/ahl-gec-ide(4.11)/gcc/bin/../lib/gcc/arm-none-eabi/7.2.1/../../../../arm-none-eabi/lib/thumb/v6-m\libg_nano.a(lib_a-impure.o)
 .ARM.attributes
                0x00000000       0x2c d:/ahl-gec-ide(4.11)/gcc/bin/../lib/gcc/arm-none-eabi/7.2.1/../../../../arm-none-eabi/lib/thumb/v6-m\libg_nano.a(lib_a-impure.o)
 .text          0x00000000        0x0 d:/ahl-gec-ide(4.11)/gcc/bin/../lib/gcc/arm-none-eabi/7.2.1/../../../../arm-none-eabi/lib/thumb/v6-m\libg_nano.a(lib_a-init.o)
 .data          0x00000000        0x0 d:/ahl-gec-ide(4.11)/gcc/bin/../lib/gcc/arm-none-eabi/7.2.1/../../../../arm-none-eabi/lib/thumb/v6-m\libg_nano.a(lib_a-init.o)
 .bss           0x00000000        0x0 d:/ahl-gec-ide(4.11)/gcc/bin/../lib/gcc/arm-none-eabi/7.2.1/../../../../arm-none-eabi/lib/thumb/v6-m\libg_nano.a(lib_a-init.o)
 .text.__libc_init_array
                0x00000000       0x48 d:/ahl-gec-ide(4.11)/gcc/bin/../lib/gcc/arm-none-eabi/7.2.1/../../../../arm-none-eabi/lib/thumb/v6-m\libg_nano.a(lib_a-init.o)
 .debug_frame   0x00000000       0x2c d:/ahl-gec-ide(4.11)/gcc/bin/../lib/gcc/arm-none-eabi/7.2.1/../../../../arm-none-eabi/lib/thumb/v6-m\libg_nano.a(lib_a-init.o)
 .ARM.attributes
                0x00000000       0x2c d:/ahl-gec-ide(4.11)/gcc/bin/../lib/gcc/arm-none-eabi/7.2.1/../../../../arm-none-eabi/lib/thumb/v6-m\libg_nano.a(lib_a-init.o)
 .text          0x00000000        0x0 d:/ahl-gec-ide(4.11)/gcc/bin/../lib/gcc/arm-none-eabi/7.2.1/../../../../arm-none-eabi/lib/thumb/v6-m\libg_nano.a(lib_a-memcpy-stub.o)
 .data          0x00000000        0x0 d:/ahl-gec-ide(4.11)/gcc/bin/../lib/gcc/arm-none-eabi/7.2.1/../../../../arm-none-eabi/lib/thumb/v6-m\libg_nano.a(lib_a-memcpy-stub.o)
 .bss           0x00000000        0x0 d:/ahl-gec-ide(4.11)/gcc/bin/../lib/gcc/arm-none-eabi/7.2.1/../../../../arm-none-eabi/lib/thumb/v6-m\libg_nano.a(lib_a-memcpy-stub.o)
 .text          0x00000000        0x0 d:/ahl-gec-ide(4.11)/gcc/bin/../lib/gcc/arm-none-eabi/7.2.1/../../../../arm-none-eabi/lib/thumb/v6-m\libg_nano.a(lib_a-memset.o)
 .data          0x00000000        0x0 d:/ahl-gec-ide(4.11)/gcc/bin/../lib/gcc/arm-none-eabi/7.2.1/../../../../arm-none-eabi/lib/thumb/v6-m\libg_nano.a(lib_a-memset.o)
 .bss           0x00000000        0x0 d:/ahl-gec-ide(4.11)/gcc/bin/../lib/gcc/arm-none-eabi/7.2.1/../../../../arm-none-eabi/lib/thumb/v6-m\libg_nano.a(lib_a-memset.o)
 .data          0x00000000        0x0 d:/ahl-gec-ide(4.11)/gcc/bin/../lib/gcc/arm-none-eabi/7.2.1/../../../../arm-none-eabi/lib/thumb/v6-m\libg_nano.a(lib_a-strlen.o)
 .bss           0x00000000        0x0 d:/ahl-gec-ide(4.11)/gcc/bin/../lib/gcc/arm-none-eabi/7.2.1/../../../../arm-none-eabi/lib/thumb/v6-m\libg_nano.a(lib_a-strlen.o)
 .text          0x00000000        0x0 d:/ahl-gec-ide(4.11)/gcc/bin/../lib/gcc/arm-none-eabi/7.2.1/../../../../arm-none-eabi/lib/thumb/v6-m\libnosys.a(_exit.o)
 .data          0x00000000        0x0 d:/ahl-gec-ide(4.11)/gcc/bin/../lib/gcc/arm-none-eabi/7.2.1/../../../../arm-none-eabi/lib/thumb/v6-m\libnosys.a(_exit.o)
 .bss           0x00000000        0x0 d:/ahl-gec-ide(4.11)/gcc/bin/../lib/gcc/arm-none-eabi/7.2.1/../../../../arm-none-eabi/lib/thumb/v6-m\libnosys.a(_exit.o)
 .text._exit    0x00000000        0x4 d:/ahl-gec-ide(4.11)/gcc/bin/../lib/gcc/arm-none-eabi/7.2.1/../../../../arm-none-eabi/lib/thumb/v6-m\libnosys.a(_exit.o)
 .debug_frame   0x00000000       0x20 d:/ahl-gec-ide(4.11)/gcc/bin/../lib/gcc/arm-none-eabi/7.2.1/../../../../arm-none-eabi/lib/thumb/v6-m\libnosys.a(_exit.o)
 .ARM.attributes
                0x00000000       0x2c d:/ahl-gec-ide(4.11)/gcc/bin/../lib/gcc/arm-none-eabi/7.2.1/../../../../arm-none-eabi/lib/thumb/v6-m\libnosys.a(_exit.o)
 .text          0x00000000        0x0 d:/ahl-gec-ide(4.11)/gcc/bin/../lib/gcc/arm-none-eabi/7.2.1/thumb/v6-m/crtend.o
 .data          0x00000000        0x0 d:/ahl-gec-ide(4.11)/gcc/bin/../lib/gcc/arm-none-eabi/7.2.1/thumb/v6-m/crtend.o
 .bss           0x00000000        0x0 d:/ahl-gec-ide(4.11)/gcc/bin/../lib/gcc/arm-none-eabi/7.2.1/thumb/v6-m/crtend.o
 .eh_frame      0x00000000        0x4 d:/ahl-gec-ide(4.11)/gcc/bin/../lib/gcc/arm-none-eabi/7.2.1/thumb/v6-m/crtend.o
 .ARM.attributes
                0x00000000       0x2c d:/ahl-gec-ide(4.11)/gcc/bin/../lib/gcc/arm-none-eabi/7.2.1/thumb/v6-m/crtend.o
 .text          0x00000000        0x0 d:/ahl-gec-ide(4.11)/gcc/bin/../lib/gcc/arm-none-eabi/7.2.1/thumb/v6-m/crtn.o
 .data          0x00000000        0x0 d:/ahl-gec-ide(4.11)/gcc/bin/../lib/gcc/arm-none-eabi/7.2.1/thumb/v6-m/crtn.o
 .bss           0x00000000        0x0 d:/ahl-gec-ide(4.11)/gcc/bin/../lib/gcc/arm-none-eabi/7.2.1/thumb/v6-m/crtn.o

Memory Configuration

Name             Origin             Length             Attributes
m_interrupts     0x00006800         0x00000400         xr
m_flash_config   0x00006c00         0x00000010         xr
m_text           0x00006c10         0x00008ff0         xr
m_data           0x20000400         0x00001400         rw
*default*        0x00000000         0xffffffff

Linker script and memory map

LOAD d:/ahl-gec-ide(4.11)/gcc/bin/../lib/gcc/arm-none-eabi/7.2.1/thumb/v6-m/crti.o
LOAD d:/ahl-gec-ide(4.11)/gcc/bin/../lib/gcc/arm-none-eabi/7.2.1/thumb/v6-m/crtbegin.o
LOAD d:/ahl-gec-ide(4.11)/gcc/bin/../lib/gcc/arm-none-eabi/7.2.1/../../../../arm-none-eabi/lib/thumb/v6-m/crt0.o
LOAD ./obj/system_MKL36Z4.o
LOAD ./obj/systick.o
LOAD ./obj/main.o
LOAD ./obj/flash.o
LOAD ./obj/gpio.o
LOAD ./obj/wdog.o
LOAD ./obj/spi.o
LOAD ./obj/gec.o
LOAD ./obj/uart.o
LOAD ./obj/isr.o
LOAD ./obj/printf.o
LOAD ./obj/startup_MKL36Z4.o
LOAD d:/ahl-gec-ide(4.11)/gcc/bin/../lib/gcc/arm-none-eabi/7.2.1/../../../../arm-none-eabi/lib/thumb/v6-m\libstdc++_nano.a
LOAD d:/ahl-gec-ide(4.11)/gcc/bin/../lib/gcc/arm-none-eabi/7.2.1/../../../../arm-none-eabi/lib/thumb/v6-m\libm.a
START GROUP
LOAD d:/ahl-gec-ide(4.11)/gcc/bin/../lib/gcc/arm-none-eabi/7.2.1/thumb/v6-m\libgcc.a
LOAD d:/ahl-gec-ide(4.11)/gcc/bin/../lib/gcc/arm-none-eabi/7.2.1/../../../../arm-none-eabi/lib/thumb/v6-m\libg_nano.a
LOAD d:/ahl-gec-ide(4.11)/gcc/bin/../lib/gcc/arm-none-eabi/7.2.1/../../../../arm-none-eabi/lib/thumb/v6-m\libc_nano.a
END GROUP
START GROUP
LOAD d:/ahl-gec-ide(4.11)/gcc/bin/../lib/gcc/arm-none-eabi/7.2.1/thumb/v6-m\libgcc.a
LOAD d:/ahl-gec-ide(4.11)/gcc/bin/../lib/gcc/arm-none-eabi/7.2.1/../../../../arm-none-eabi/lib/thumb/v6-m\libc_nano.a
LOAD d:/ahl-gec-ide(4.11)/gcc/bin/../lib/gcc/arm-none-eabi/7.2.1/../../../../arm-none-eabi/lib/thumb/v6-m\libnosys.a
END GROUP
START GROUP
LOAD d:/ahl-gec-ide(4.11)/gcc/bin/../lib/gcc/arm-none-eabi/7.2.1/thumb/v6-m\libgcc.a
LOAD d:/ahl-gec-ide(4.11)/gcc/bin/../lib/gcc/arm-none-eabi/7.2.1/../../../../arm-none-eabi/lib/thumb/v6-m\libc_nano.a
LOAD d:/ahl-gec-ide(4.11)/gcc/bin/../lib/gcc/arm-none-eabi/7.2.1/../../../../arm-none-eabi/lib/thumb/v6-m\libnosys.a
END GROUP
LOAD d:/ahl-gec-ide(4.11)/gcc/bin/../lib/gcc/arm-none-eabi/7.2.1/thumb/v6-m/crtend.o
LOAD d:/ahl-gec-ide(4.11)/gcc/bin/../lib/gcc/arm-none-eabi/7.2.1/thumb/v6-m/crtn.o
                0x00000200                HEAP_SIZE = DEFINED (__heap_size__)?__heap_size__:0x200
                0x00000100                STACK_SIZE = DEFINED (__stack_size__)?__stack_size__:0x100
                0x00000400                MCU_SECTORSIZE = 0x400
                0x00000000                MCU_FLASH_ADDR_START = 0x0
                0x0000001a                GEC_USER_SECTOR_START = 0x1a
                0x0000003e                GEC_USER_SECTOR_END = 0x3e
                0x20000400                GEC_USER_RAM_START = 0x20000400
                0x200017ff                GEC_USER_RAM_END = 0x200017ff

.interrupts     0x00006800       0xc0
                0x00006800                __VECTOR_TABLE = .
                0x00006800                . = ALIGN (0x4)
 *(.isr_vector)
 .isr_vector    0x00006800       0xc0 ./obj/startup_MKL36Z4.o
                0x00006800                __isr_vector
                0x000068c0                . = ALIGN (0x4)

.flash_config   0x00006c00       0x10
                0x00006c00                . = ALIGN (0x4)
 *(.FlashConfig)
 .FlashConfig   0x00006c00       0x10 ./obj/startup_MKL36Z4.o
                0x00006c10                . = ALIGN (0x4)

.text           0x00006c10     0x2b68
                0x00006c10                . = ALIGN (0x4)
 *(.text)
 .text          0x00006c10       0x48 d:/ahl-gec-ide(4.11)/gcc/bin/../lib/gcc/arm-none-eabi/7.2.1/thumb/v6-m/crtbegin.o
 .text          0x00006c58       0x50 ./obj/startup_MKL36Z4.o
                0x00006c58                Reset_Handler
                0x00006ca0                HardFault_Handler
                0x00006ca0                PendSV_Handler
                0x00006ca0                NMI_Handler
                0x00006ca0                PORTC_PORTD_IRQHandler
                0x00006ca0                I2C1_IRQHandler
                0x00006ca0                DMA2_IRQHandler
                0x00006ca0                TPM0_IRQHandler
                0x00006ca0                I2S0_IRQHandler
                0x00006ca0                LLWU_IRQHandler
                0x00006ca0                TSI0_IRQHandler
                0x00006ca0                ADC0_IRQHandler
                0x00006ca0                DefaultISR
                0x00006ca0                TPM2_IRQHandler
                0x00006ca0                RTC_IRQHandler
                0x00006ca0                I2C0_IRQHandler
                0x00006ca0                LCD_IRQHandler
                0x00006ca0                RTC_Seconds_IRQHandler
                0x00006ca0                MCG_IRQHandler
                0x00006ca0                UART2_IRQHandler
                0x00006ca0                Reserved20_IRQHandler
                0x00006ca0                PIT_IRQHandler
                0x00006ca0                SVC_Handler
                0x00006ca0                DMA3_IRQHandler
                0x00006ca0                DMA0_IRQHandler
                0x00006ca0                DAC0_IRQHandler
                0x00006ca0                TPM1_IRQHandler
                0x00006ca0                LVD_LVW_IRQHandler
                0x00006ca0                PORTA_IRQHandler
                0x00006ca0                FTFA_IRQHandler
                0x00006ca0                Reserved40_IRQHandler
                0x00006ca0                LPTMR0_IRQHandler
                0x00006ca0                CMP0_IRQHandler
                0x00006ca0                DMA1_IRQHandler
 .text          0x00006ca8      0x114 d:/ahl-gec-ide(4.11)/gcc/bin/../lib/gcc/arm-none-eabi/7.2.1/thumb/v6-m\libgcc.a(_udivsi3.o)
                0x00006ca8                __aeabi_uidiv
                0x00006ca8                __udivsi3
                0x00006db4                __aeabi_uidivmod
 .text          0x00006dbc      0x1d4 d:/ahl-gec-ide(4.11)/gcc/bin/../lib/gcc/arm-none-eabi/7.2.1/thumb/v6-m\libgcc.a(_divsi3.o)
                0x00006dbc                __divsi3
                0x00006dbc                __aeabi_idiv
                0x00006f88                __aeabi_idivmod
 .text          0x00006f90        0x4 d:/ahl-gec-ide(4.11)/gcc/bin/../lib/gcc/arm-none-eabi/7.2.1/thumb/v6-m\libgcc.a(_dvmd_tls.o)
                0x00006f90                __aeabi_idiv0
                0x00006f90                __aeabi_ldiv0
 .text          0x00006f94       0x7c d:/ahl-gec-ide(4.11)/gcc/bin/../lib/gcc/arm-none-eabi/7.2.1/thumb/v6-m\libgcc.a(_arm_cmpdf2.o)
                0x00006f94                __aeabi_cdrcmple
                0x00006fa4                __aeabi_cdcmple
                0x00006fa4                __aeabi_cdcmpeq
                0x00006fb4                __aeabi_dcmpeq
                0x00006fc0                __aeabi_dcmplt
                0x00006fd4                __aeabi_dcmple
                0x00006fe8                __aeabi_dcmpgt
                0x00006ffc                __aeabi_dcmpge
 .text          0x00007010       0x40 d:/ahl-gec-ide(4.11)/gcc/bin/../lib/gcc/arm-none-eabi/7.2.1/thumb/v6-m\libgcc.a(_aeabi_uldivmod.o)
                0x00007010                __aeabi_uldivmod
 .text          0x00007050       0x3c d:/ahl-gec-ide(4.11)/gcc/bin/../lib/gcc/arm-none-eabi/7.2.1/thumb/v6-m\libgcc.a(_fixunsdfsi.o)
                0x00007050                __aeabi_d2uiz
                0x00007050                __fixunsdfsi
 .text          0x0000708c       0x3c d:/ahl-gec-ide(4.11)/gcc/bin/../lib/gcc/arm-none-eabi/7.2.1/thumb/v6-m\libgcc.a(_fixunsdfdi.o)
                0x0000708c                __fixunsdfdi
                0x0000708c                __aeabi_d2ulz
 .text          0x000070c8      0x184 d:/ahl-gec-ide(4.11)/gcc/bin/../lib/gcc/arm-none-eabi/7.2.1/thumb/v6-m\libgcc.a(_udivmoddi4.o)
                0x000070c8                __udivmoddi4
 .text          0x0000724c       0x78 d:/ahl-gec-ide(4.11)/gcc/bin/../lib/gcc/arm-none-eabi/7.2.1/thumb/v6-m\libgcc.a(eqdf2.o)
                0x0000724c                __nedf2
                0x0000724c                __eqdf2
 .text          0x000072c4       0xc8 d:/ahl-gec-ide(4.11)/gcc/bin/../lib/gcc/arm-none-eabi/7.2.1/thumb/v6-m\libgcc.a(gedf2.o)
                0x000072c4                __gedf2
                0x000072c4                __gtdf2
 .text          0x0000738c       0xd0 d:/ahl-gec-ide(4.11)/gcc/bin/../lib/gcc/arm-none-eabi/7.2.1/thumb/v6-m\libgcc.a(ledf2.o)
                0x0000738c                __ledf2
                0x0000738c                __ltdf2
 .text          0x0000745c      0x4e4 d:/ahl-gec-ide(4.11)/gcc/bin/../lib/gcc/arm-none-eabi/7.2.1/thumb/v6-m\libgcc.a(muldf3.o)
                0x0000745c                __aeabi_dmul
 .text          0x00007940      0x690 d:/ahl-gec-ide(4.11)/gcc/bin/../lib/gcc/arm-none-eabi/7.2.1/thumb/v6-m\libgcc.a(subdf3.o)
                0x00007940                __aeabi_dsub
 .text          0x00007fd0       0x6c d:/ahl-gec-ide(4.11)/gcc/bin/../lib/gcc/arm-none-eabi/7.2.1/thumb/v6-m\libgcc.a(fixdfsi.o)
                0x00007fd0                __aeabi_d2iz
 .text          0x0000803c       0x64 d:/ahl-gec-ide(4.11)/gcc/bin/../lib/gcc/arm-none-eabi/7.2.1/thumb/v6-m\libgcc.a(floatunsidf.o)
                0x0000803c                __aeabi_ui2d
 .text          0x000080a0       0x3c d:/ahl-gec-ide(4.11)/gcc/bin/../lib/gcc/arm-none-eabi/7.2.1/thumb/v6-m\libgcc.a(_clzsi2.o)
                0x000080a0                __clzsi2
 .text          0x000080dc       0x18 d:/ahl-gec-ide(4.11)/gcc/bin/../lib/gcc/arm-none-eabi/7.2.1/thumb/v6-m\libgcc.a(_clzdi2.o)
                0x000080dc                __clzdi2
 .text          0x000080f4        0xe d:/ahl-gec-ide(4.11)/gcc/bin/../lib/gcc/arm-none-eabi/7.2.1/../../../../arm-none-eabi/lib/thumb/v6-m\libg_nano.a(lib_a-strlen.o)
                0x000080f4                strlen
 *(.text*)
 *fill*         0x00008102        0x2 
 .text.SystemInit
                0x00008104       0xc4 ./obj/system_MKL36Z4.o
                0x00008104                SystemInit
 .text.systick_init
                0x000081c8       0x40 ./obj/systick.o
                0x000081c8                systick_init
 .text.main     0x00008208      0x140 ./obj/main.o
                0x00008208                main
 .text.flash_read_physical
                0x00008348        0x8 ./obj/flash.o
                0x00008348                flash_read_physical
 .text.flash_isempty
                0x00008350       0x1e ./obj/flash.o
                0x00008350                flash_isempty
 *fill*         0x0000836e        0x2 
 .text.flash_cmd_launch
                0x00008370       0x44 ./obj/flash.o
                0x00008370                flash_cmd_launch
 .text.flash_erase
                0x000083b4       0x68 ./obj/flash.o
                0x000083b4                flash_erase
 .text.flash_write_physical
                0x0000841c       0x54 ./obj/flash.o
                0x0000841c                flash_write_physical
 .text.gpio_get_port_pin
                0x00008470        0x8 ./obj/gpio.o
                0x00008470                gpio_get_port_pin
 .text.gpio_set
                0x00008478       0x44 ./obj/gpio.o
                0x00008478                gpio_set
 .text.gpio_init
                0x000084bc       0x78 ./obj/gpio.o
                0x000084bc                gpio_init
 .text.wdog_stop
                0x00008534       0x14 ./obj/wdog.o
                0x00008534                wdog_stop
 .text.wdog_feed
                0x00008548       0x18 ./obj/wdog.o
                0x00008548                wdog_feed
 .text.spi_init
                0x00008560      0x214 ./obj/spi.o
                0x00008560                spi_init
 .text.spi_sendN
                0x00008774       0x28 ./obj/spi.o
                0x00008774                spi_sendN
 .text.spi_receive1
                0x0000879c       0x1c ./obj/spi.o
                0x0000879c                spi_receive1
 .text.spi_enable_re_int
                0x000087b8       0x14 ./obj/spi.o
                0x000087b8                spi_enable_re_int
 .text.Vectors_Init
                0x000087cc       0x8c ./obj/gec.o
                0x000087cc                Vectors_Init
 .text.uart_is_uartNo
                0x00008858        0xc ./obj/uart.o
                0x00008858                uart_is_uartNo
 .text.uart_init
                0x00008864      0x148 ./obj/uart.o
                0x00008864                uart_init
 .text.uart_send1
                0x000089ac       0x5c ./obj/uart.o
                0x000089ac                uart_send1
 .text.uart_re1
                0x00008a08       0x68 ./obj/uart.o
                0x00008a08                uart_re1
 .text.uart_enable_re_int
                0x00008a70       0x50 ./obj/uart.o
                0x00008a70                uart_enable_re_int
 .text.SPI0_IRQHandler
                0x00008ac0       0x16 ./obj/isr.o
                0x00008ac0                SPI0_IRQHandler
 .text.SPI1_IRQHandler
                0x00008ad6       0x16 ./obj/isr.o
                0x00008ad6                SPI1_IRQHandler
 .text.SecAdd1  0x00008aec       0x32 ./obj/isr.o
                0x00008aec                SecAdd1
 *fill*         0x00008b1e        0x2 
 .text.SysTick_Handler
                0x00008b20       0x2c ./obj/isr.o
                0x00008b20                SysTick_Handler
 .text.CreateFrame
                0x00008b4c       0x6c ./obj/isr.o
                0x00008b4c                CreateFrame
 .text.UART0_IRQHandler
                0x00008bb8       0x54 ./obj/isr.o
                0x00008bb8                UART0_IRQHandler
 .text.UART1_IRQHandler
                0x00008c0c       0x54 ./obj/isr.o
                0x00008c0c                UART1_IRQHandler
 .text.printk_putc
                0x00008c60       0x2a ./obj/printf.o
 .text.printk_mknumstr
                0x00008c8a       0x84 ./obj/printf.o
 .text.printk_pad_zero
                0x00008d0e       0x1e ./obj/printf.o
 .text.printk_pad_space
                0x00008d2c       0x1e ./obj/printf.o
 .text.out_char
                0x00008d4a        0xc ./obj/printf.o
                0x00008d4a                out_char
 *fill*         0x00008d56        0x2 
 .text.printk_mkfloatstr
                0x00008d58      0x188 ./obj/printf.o
                0x00008d58                printk_mkfloatstr
 .text.printk   0x00008ee0      0x560 ./obj/printf.o
                0x00008ee0                printk
 .text.myprintf
                0x00009440       0x24 ./obj/printf.o
                0x00009440                myprintf
 .text.memcpy   0x00009464       0x12 d:/ahl-gec-ide(4.11)/gcc/bin/../lib/gcc/arm-none-eabi/7.2.1/../../../../arm-none-eabi/lib/thumb/v6-m\libg_nano.a(lib_a-memcpy-stub.o)
                0x00009464                memcpy
 .text.memset   0x00009476       0x10 d:/ahl-gec-ide(4.11)/gcc/bin/../lib/gcc/arm-none-eabi/7.2.1/../../../../arm-none-eabi/lib/thumb/v6-m\libg_nano.a(lib_a-memset.o)
                0x00009476                memset
 *(.rodata)
 *fill*         0x00009486        0x2 
 .rodata        0x00009488       0x40 d:/ahl-gec-ide(4.11)/gcc/bin/../lib/gcc/arm-none-eabi/7.2.1/thumb/v6-m\libgcc.a(muldf3.o)
 *(.rodata*)
 .rodata.main.str1.4
                0x000094c8      0x156 ./obj/main.o
 *fill*         0x0000961e        0x2 
 .rodata.GPIO_ARR
                0x00009620       0x14 ./obj/gpio.o
                0x00009620                GPIO_ARR
 .rodata.PORT_ARR
                0x00009634       0x14 ./obj/gpio.o
                0x00009634                PORT_ARR
 .rodata.Vectors_Init.str1.4
                0x00009648       0x48 ./obj/gec.o
 .rodata.UART_ARR
                0x00009690        0x8 ./obj/uart.o
                0x00009690                UART_ARR
 .rodata.printk
                0x00009698       0xc8 ./obj/printf.o
 *(.glue_7)
 .glue_7        0x00009760        0x0 linker stubs
 *(.glue_7t)
 .glue_7t       0x00009760        0x0 linker stubs
 *(.eh_frame)
 .eh_frame      0x00009760        0x0 d:/ahl-gec-ide(4.11)/gcc/bin/../lib/gcc/arm-none-eabi/7.2.1/thumb/v6-m/crtbegin.o
 *(.init)
 .init          0x00009760        0x4 d:/ahl-gec-ide(4.11)/gcc/bin/../lib/gcc/arm-none-eabi/7.2.1/thumb/v6-m/crti.o
                0x00009760                _init
 .init          0x00009764        0x8 d:/ahl-gec-ide(4.11)/gcc/bin/../lib/gcc/arm-none-eabi/7.2.1/thumb/v6-m/crtn.o
 *(.fini)
 .fini          0x0000976c        0x4 d:/ahl-gec-ide(4.11)/gcc/bin/../lib/gcc/arm-none-eabi/7.2.1/thumb/v6-m/crti.o
                0x0000976c                _fini
 .fini          0x00009770        0x8 d:/ahl-gec-ide(4.11)/gcc/bin/../lib/gcc/arm-none-eabi/7.2.1/thumb/v6-m/crtn.o
                0x00009778                . = ALIGN (0x4)

.vfp11_veneer   0x00009778        0x0
 .vfp11_veneer  0x00009778        0x0 linker stubs

.v4_bx          0x00009778        0x0
 .v4_bx         0x00009778        0x0 linker stubs

.iplt           0x00009778        0x0
 .iplt          0x00009778        0x0 d:/ahl-gec-ide(4.11)/gcc/bin/../lib/gcc/arm-none-eabi/7.2.1/thumb/v6-m/crtbegin.o

.ARM.extab
 *(.ARM.extab* .gnu.linkonce.armextab.*)

.ARM            0x00009778        0x8
                0x00009778                __exidx_start = .
 *(.ARM.exidx*)
 .ARM.exidx     0x00009778        0x8 d:/ahl-gec-ide(4.11)/gcc/bin/../lib/gcc/arm-none-eabi/7.2.1/thumb/v6-m\libgcc.a(_udivmoddi4.o)
                0x00009780                __exidx_end = .

.rel.dyn        0x00009780        0x0
 .rel.iplt      0x00009780        0x0 d:/ahl-gec-ide(4.11)/gcc/bin/../lib/gcc/arm-none-eabi/7.2.1/thumb/v6-m/crtbegin.o

.ctors          0x00009780        0x0
                0x00009780                __CTOR_LIST__ = .
 *crtbegin.o(.ctors)
 *crtbegin?.o(.ctors)
 *(EXCLUDE_FILE(*crtend.o *crtend?.o) .ctors)
 *(SORT_BY_NAME(.ctors.*))
 *(.ctors)
                0x00009780                __CTOR_END__ = .

.dtors          0x00009780        0x0
                0x00009780                __DTOR_LIST__ = .
 *crtbegin.o(.dtors)
 *crtbegin?.o(.dtors)
 *(EXCLUDE_FILE(*crtend.o *crtend?.o) .dtors)
 *(SORT_BY_NAME(.dtors.*))
 *(.dtors)
                0x00009780                __DTOR_END__ = .

.preinit_array  0x00009780        0x0
                0x00009780                PROVIDE (__preinit_array_start, .)
 *(.preinit_array*)
                0x00009780                PROVIDE (__preinit_array_end, .)

.init_array     0x00009780        0x4
                0x00009780                PROVIDE (__init_array_start, .)
 *(SORT_BY_NAME(.init_array.*))
 *(.init_array*)
 .init_array    0x00009780        0x4 d:/ahl-gec-ide(4.11)/gcc/bin/../lib/gcc/arm-none-eabi/7.2.1/thumb/v6-m/crtbegin.o
                0x00009784                PROVIDE (__init_array_end, .)

.fini_array     0x00009784        0x4
                [!provide]                PROVIDE (__fini_array_start, .)
 *(SORT_BY_NAME(.fini_array.*))
 *(.fini_array*)
 .fini_array    0x00009784        0x4 d:/ahl-gec-ide(4.11)/gcc/bin/../lib/gcc/arm-none-eabi/7.2.1/thumb/v6-m/crtbegin.o
                [!provide]                PROVIDE (__fini_array_end, .)
                0x00009788                __etext = .
                0x00009788                __DATA_ROM = .

.mtb            0x20000400        0x0
                0x20000400                . = ALIGN (0x8)
                0x20000400                _mtb_start = .
 *(.mtb_buf)
                0x20000400                . = ALIGN (0x8)
                0x20000400                _mtb_end = .

.data           0x20000400        0x8 load address 0x00009788
                0x20000400                . = ALIGN (0x4)
                0x20000400                __DATA_RAM = .
                0x20000400                __data_start__ = .
 *(.data)
 *(.data*)
 .data.SystemCoreClock
                0x20000400        0x4 ./obj/system_MKL36Z4.o
                0x20000400                SystemCoreClock
 .data.table_irq_uart
                0x20000404        0x3 ./obj/uart.o
                0x20000404                table_irq_uart
 *(.jcr*)
                0x20000408                . = ALIGN (0x4)
 *fill*         0x20000407        0x1 
                0x20000408                __data_end__ = .
                0x00009790                __DATA_END = (__DATA_ROM + (__data_end__ - __data_start__))

.igot.plt       0x20000408        0x0 load address 0x00009790
 .igot.plt      0x20000408        0x0 d:/ahl-gec-ide(4.11)/gcc/bin/../lib/gcc/arm-none-eabi/7.2.1/thumb/v6-m/crtbegin.o

.bss            0x20000408       0x58 load address 0x00009790
                0x20000408                . = ALIGN (0x4)
                0x20000408                __START_BSS = .
                0x20000408                __bss_start__ = .
 *(.bss)
 .bss           0x20000408       0x1c d:/ahl-gec-ide(4.11)/gcc/bin/../lib/gcc/arm-none-eabi/7.2.1/thumb/v6-m/crtbegin.o
 *(.bss*)
 .bss.SysTickCount.5132
                0x20000424        0x1 ./obj/isr.o
 .bss.frameLen.5148
                0x20000425        0x1 ./obj/isr.o
 *(COMMON)
 *fill*         0x20000426        0x2 
 COMMON         0x20000428       0x35 ./obj/main.o
                0x20000428                g_uart_recvBuf
                0x20000440                gTime
                0x20000444                component_fun
                0x20000448                data
                0x2000045c                len
                0x20000460                . = ALIGN (0x4)
 *fill*         0x2000045d        0x3 
                0x20000460                __bss_end__ = .
                0x20000460                __END_BSS = .

.heap           0x20000460      0x200 load address 0x000097e8
                0x20000460                . = ALIGN (0x8)
                0x20000460                __end__ = .
                [!provide]                PROVIDE (end, .)
                0x20000460                __HeapBase = .
                0x20000660                . = (. + HEAP_SIZE)
 *fill*         0x20000460      0x200 
                0x20000660                __HeapLimit = .

.stack          0x20000660      0x100 load address 0x000099e8
                0x20000660                . = ALIGN (0x8)
                0x20000760                . = (. + STACK_SIZE)
 *fill*         0x20000660      0x100 
                0x20001800                __StackTop = (ORIGIN (m_data) + LENGTH (m_data))
                0x20001700                __StackLimit = (__StackTop - STACK_SIZE)
                0x20001800                PROVIDE (__stack, __StackTop)

.ARM.attributes
                0x00000000       0x28
 *(.ARM.attributes)
 .ARM.attributes
                0x00000000       0x1e d:/ahl-gec-ide(4.11)/gcc/bin/../lib/gcc/arm-none-eabi/7.2.1/thumb/v6-m/crti.o
 .ARM.attributes
                0x0000001e       0x2c d:/ahl-gec-ide(4.11)/gcc/bin/../lib/gcc/arm-none-eabi/7.2.1/thumb/v6-m/crtbegin.o
 .ARM.attributes
                0x0000004a       0x32 ./obj/system_MKL36Z4.o
 .ARM.attributes
                0x0000007c       0x32 ./obj/systick.o
 .ARM.attributes
                0x000000ae       0x32 ./obj/main.o
 .ARM.attributes
                0x000000e0       0x32 ./obj/flash.o
 .ARM.attributes
                0x00000112       0x32 ./obj/gpio.o
 .ARM.attributes
                0x00000144       0x32 ./obj/wdog.o
 .ARM.attributes
                0x00000176       0x32 ./obj/spi.o
 .ARM.attributes
                0x000001a8       0x32 ./obj/gec.o
 .ARM.attributes
                0x000001da       0x32 ./obj/uart.o
 .ARM.attributes
                0x0000020c       0x32 ./obj/isr.o
 .ARM.attributes
                0x0000023e       0x32 ./obj/printf.o
 .ARM.attributes
                0x00000270       0x1b ./obj/startup_MKL36Z4.o
 .ARM.attributes
                0x0000028b       0x1e d:/ahl-gec-ide(4.11)/gcc/bin/../lib/gcc/arm-none-eabi/7.2.1/thumb/v6-m\libgcc.a(_udivsi3.o)
 .ARM.attributes
                0x000002a9       0x1e d:/ahl-gec-ide(4.11)/gcc/bin/../lib/gcc/arm-none-eabi/7.2.1/thumb/v6-m\libgcc.a(_divsi3.o)
 .ARM.attributes
                0x000002c7       0x1e d:/ahl-gec-ide(4.11)/gcc/bin/../lib/gcc/arm-none-eabi/7.2.1/thumb/v6-m\libgcc.a(_dvmd_tls.o)
 .ARM.attributes
                0x000002e5       0x1e d:/ahl-gec-ide(4.11)/gcc/bin/../lib/gcc/arm-none-eabi/7.2.1/thumb/v6-m\libgcc.a(_arm_cmpdf2.o)
 .ARM.attributes
                0x00000303       0x1e d:/ahl-gec-ide(4.11)/gcc/bin/../lib/gcc/arm-none-eabi/7.2.1/thumb/v6-m\libgcc.a(_aeabi_uldivmod.o)
 .ARM.attributes
                0x00000321       0x2c d:/ahl-gec-ide(4.11)/gcc/bin/../lib/gcc/arm-none-eabi/7.2.1/thumb/v6-m\libgcc.a(_fixunsdfsi.o)
 .ARM.attributes
                0x0000034d       0x2c d:/ahl-gec-ide(4.11)/gcc/bin/../lib/gcc/arm-none-eabi/7.2.1/thumb/v6-m\libgcc.a(_fixunsdfdi.o)
 .ARM.attributes
                0x00000379       0x2c d:/ahl-gec-ide(4.11)/gcc/bin/../lib/gcc/arm-none-eabi/7.2.1/thumb/v6-m\libgcc.a(_udivmoddi4.o)
 .ARM.attributes
                0x000003a5       0x2c d:/ahl-gec-ide(4.11)/gcc/bin/../lib/gcc/arm-none-eabi/7.2.1/thumb/v6-m\libgcc.a(eqdf2.o)
 .ARM.attributes
                0x000003d1       0x2c d:/ahl-gec-ide(4.11)/gcc/bin/../lib/gcc/arm-none-eabi/7.2.1/thumb/v6-m\libgcc.a(gedf2.o)
 .ARM.attributes
                0x000003fd       0x2c d:/ahl-gec-ide(4.11)/gcc/bin/../lib/gcc/arm-none-eabi/7.2.1/thumb/v6-m\libgcc.a(ledf2.o)
 .ARM.attributes
                0x00000429       0x2c d:/ahl-gec-ide(4.11)/gcc/bin/../lib/gcc/arm-none-eabi/7.2.1/thumb/v6-m\libgcc.a(muldf3.o)
 .ARM.attributes
                0x00000455       0x2c d:/ahl-gec-ide(4.11)/gcc/bin/../lib/gcc/arm-none-eabi/7.2.1/thumb/v6-m\libgcc.a(subdf3.o)
 .ARM.attributes
                0x00000481       0x2c d:/ahl-gec-ide(4.11)/gcc/bin/../lib/gcc/arm-none-eabi/7.2.1/thumb/v6-m\libgcc.a(fixdfsi.o)
 .ARM.attributes
                0x000004ad       0x2c d:/ahl-gec-ide(4.11)/gcc/bin/../lib/gcc/arm-none-eabi/7.2.1/thumb/v6-m\libgcc.a(floatunsidf.o)
 .ARM.attributes
                0x000004d9       0x1e d:/ahl-gec-ide(4.11)/gcc/bin/../lib/gcc/arm-none-eabi/7.2.1/thumb/v6-m\libgcc.a(_clzsi2.o)
 .ARM.attributes
                0x000004f7       0x1e d:/ahl-gec-ide(4.11)/gcc/bin/../lib/gcc/arm-none-eabi/7.2.1/thumb/v6-m\libgcc.a(_clzdi2.o)
 .ARM.attributes
                0x00000515       0x2c d:/ahl-gec-ide(4.11)/gcc/bin/../lib/gcc/arm-none-eabi/7.2.1/../../../../arm-none-eabi/lib/thumb/v6-m\libg_nano.a(lib_a-memcpy-stub.o)
 .ARM.attributes
                0x00000541       0x2c d:/ahl-gec-ide(4.11)/gcc/bin/../lib/gcc/arm-none-eabi/7.2.1/../../../../arm-none-eabi/lib/thumb/v6-m\libg_nano.a(lib_a-memset.o)
 .ARM.attributes
                0x0000056d       0x1c d:/ahl-gec-ide(4.11)/gcc/bin/../lib/gcc/arm-none-eabi/7.2.1/../../../../arm-none-eabi/lib/thumb/v6-m\libg_nano.a(lib_a-strlen.o)
 .ARM.attributes
                0x00000589       0x1e d:/ahl-gec-ide(4.11)/gcc/bin/../lib/gcc/arm-none-eabi/7.2.1/thumb/v6-m/crtn.o
                0x00000001                ASSERT ((__StackLimit >= __HeapLimit), region m_data overflowed with stack and heap)
OUTPUT(SPI_KL36_20200912.elf elf32-littlearm)

.debug_info     0x00000000     0x90ce
 .debug_info    0x00000000      0x402 ./obj/system_MKL36Z4.o
 .debug_info    0x00000402      0x3fd ./obj/systick.o
 .debug_info    0x000007ff      0xc49 ./obj/main.o
 .debug_info    0x00001448      0xf4b ./obj/flash.o
 .debug_info    0x00002393     0x11e6 ./obj/gpio.o
 .debug_info    0x00003579      0xaf5 ./obj/wdog.o
 .debug_info    0x0000406e     0x10d7 ./obj/spi.o
 .debug_info    0x00005145      0xb30 ./obj/gec.o
 .debug_info    0x00005c75     0x13ea ./obj/uart.o
 .debug_info    0x0000705f      0xba9 ./obj/isr.o
 .debug_info    0x00007c08     0x14a0 ./obj/printf.o
 .debug_info    0x000090a8       0x26 ./obj/startup_MKL36Z4.o

.debug_abbrev   0x00000000     0x1bc2
 .debug_abbrev  0x00000000       0xed ./obj/system_MKL36Z4.o
 .debug_abbrev  0x000000ed      0x150 ./obj/systick.o
 .debug_abbrev  0x0000023d      0x226 ./obj/main.o
 .debug_abbrev  0x00000463      0x363 ./obj/flash.o
 .debug_abbrev  0x000007c6      0x35a ./obj/gpio.o
 .debug_abbrev  0x00000b20      0x204 ./obj/wdog.o
 .debug_abbrev  0x00000d24      0x2fd ./obj/spi.o
 .debug_abbrev  0x00001021      0x235 ./obj/gec.o
 .debug_abbrev  0x00001256      0x399 ./obj/uart.o
 .debug_abbrev  0x000015ef      0x2a3 ./obj/isr.o
 .debug_abbrev  0x00001892      0x31c ./obj/printf.o
 .debug_abbrev  0x00001bae       0x14 ./obj/startup_MKL36Z4.o

.debug_aranges  0x00000000      0x320
 .debug_aranges
                0x00000000       0x20 ./obj/system_MKL36Z4.o
 .debug_aranges
                0x00000020       0x20 ./obj/systick.o
 .debug_aranges
                0x00000040       0x20 ./obj/main.o
 .debug_aranges
                0x00000060       0x70 ./obj/flash.o
 .debug_aranges
                0x000000d0       0x78 ./obj/gpio.o
 .debug_aranges
                0x00000148       0x30 ./obj/wdog.o
 .debug_aranges
                0x00000178       0x50 ./obj/spi.o
 .debug_aranges
                0x000001c8       0x20 ./obj/gec.o
 .debug_aranges
                0x000001e8       0x70 ./obj/uart.o
 .debug_aranges
                0x00000258       0x50 ./obj/isr.o
 .debug_aranges
                0x000002a8       0x58 ./obj/printf.o
 .debug_aranges
                0x00000300       0x20 ./obj/startup_MKL36Z4.o

.debug_ranges   0x00000000      0x250
 .debug_ranges  0x00000000       0x10 ./obj/system_MKL36Z4.o
 .debug_ranges  0x00000010       0x10 ./obj/systick.o
 .debug_ranges  0x00000020       0x10 ./obj/main.o
 .debug_ranges  0x00000030       0x60 ./obj/flash.o
 .debug_ranges  0x00000090       0x68 ./obj/gpio.o
 .debug_ranges  0x000000f8       0x20 ./obj/wdog.o
 .debug_ranges  0x00000118       0x40 ./obj/spi.o
 .debug_ranges  0x00000158       0x10 ./obj/gec.o
 .debug_ranges  0x00000168       0x60 ./obj/uart.o
 .debug_ranges  0x000001c8       0x40 ./obj/isr.o
 .debug_ranges  0x00000208       0x48 ./obj/printf.o

.debug_macro    0x00000000     0xf429
 .debug_macro   0x00000000       0xa0 ./obj/system_MKL36Z4.o
 .debug_macro   0x000000a0      0xafc ./obj/system_MKL36Z4.o
 .debug_macro   0x00000b9c       0x22 ./obj/system_MKL36Z4.o
 .debug_macro   0x00000bbe       0x4f ./obj/system_MKL36Z4.o
 .debug_macro   0x00000c0d       0x51 ./obj/system_MKL36Z4.o
 .debug_macro   0x00000c5e       0xef ./obj/system_MKL36Z4.o
 .debug_macro   0x00000d4d       0x6a ./obj/system_MKL36Z4.o
 .debug_macro   0x00000db7      0x1df ./obj/system_MKL36Z4.o
 .debug_macro   0x00000f96       0x4b ./obj/system_MKL36Z4.o
 .debug_macro   0x00000fe1       0x3a ./obj/system_MKL36Z4.o
 .debug_macro   0x0000101b       0x26 ./obj/system_MKL36Z4.o
 .debug_macro   0x00001041      0x306 ./obj/system_MKL36Z4.o
 .debug_macro   0x00001347     0xc3a9 ./obj/system_MKL36Z4.o
 .debug_macro   0x0000d6f0       0xe1 ./obj/systick.o
 .debug_macro   0x0000d7d1       0x16 ./obj/systick.o
 .debug_macro   0x0000d7e7       0x39 ./obj/systick.o
 .debug_macro   0x0000d820       0x34 ./obj/systick.o
 .debug_macro   0x0000d854       0x46 ./obj/systick.o
 .debug_macro   0x0000d89a      0x216 ./obj/main.o
 .debug_macro   0x0000dab0       0x58 ./obj/main.o
 .debug_macro   0x0000db08       0x17 ./obj/main.o
 .debug_macro   0x0000db1f       0x35 ./obj/main.o
 .debug_macro   0x0000db54       0x9c ./obj/main.o
 .debug_macro   0x0000dbf0      0x16d ./obj/main.o
 .debug_macro   0x0000dd5d       0x58 ./obj/main.o
 .debug_macro   0x0000ddb5       0x1f ./obj/main.o
 .debug_macro   0x0000ddd4       0x43 ./obj/main.o
 .debug_macro   0x0000de17       0x20 ./obj/main.o
 .debug_macro   0x0000de37      0x18e ./obj/main.o
 .debug_macro   0x0000dfc5      0x353 ./obj/main.o
 .debug_macro   0x0000e318       0x10 ./obj/main.o
 .debug_macro   0x0000e328       0x35 ./obj/main.o
 .debug_macro   0x0000e35d       0x28 ./obj/main.o
 .debug_macro   0x0000e385       0x9a ./obj/main.o
 .debug_macro   0x0000e41f       0x6a ./obj/main.o
 .debug_macro   0x0000e489       0x22 ./obj/main.o
 .debug_macro   0x0000e4ab       0x58 ./obj/main.o
 .debug_macro   0x0000e503       0x22 ./obj/main.o
 .debug_macro   0x0000e525       0x16 ./obj/main.o
 .debug_macro   0x0000e53b       0x5e ./obj/main.o
 .debug_macro   0x0000e599      0x193 ./obj/flash.o
 .debug_macro   0x0000e72c       0x64 ./obj/flash.o
 .debug_macro   0x0000e790      0x193 ./obj/gpio.o
 .debug_macro   0x0000e923       0x52 ./obj/gpio.o
 .debug_macro   0x0000e975      0x193 ./obj/wdog.o
 .debug_macro   0x0000eb08       0x1c ./obj/wdog.o
 .debug_macro   0x0000eb24      0x1a2 ./obj/spi.o
 .debug_macro   0x0000ecc6      0x210 ./obj/gec.o
 .debug_macro   0x0000eed6      0x193 ./obj/uart.o
 .debug_macro   0x0000f069      0x21e ./obj/isr.o
 .debug_macro   0x0000f287      0x1a2 ./obj/printf.o

.debug_line     0x00000000     0x3312
 .debug_line    0x00000000      0x284 ./obj/system_MKL36Z4.o
 .debug_line    0x00000284      0x314 ./obj/systick.o
 .debug_line    0x00000598      0x4de ./obj/main.o
 .debug_line    0x00000a76      0x518 ./obj/flash.o
 .debug_line    0x00000f8e      0x4be ./obj/gpio.o
 .debug_line    0x0000144c      0x3b9 ./obj/wdog.o
 .debug_line    0x00001805      0x4dd ./obj/spi.o
 .debug_line    0x00001ce2      0x4bd ./obj/gec.o
 .debug_line    0x0000219f      0x537 ./obj/uart.o
 .debug_line    0x000026d6      0x58a ./obj/isr.o
 .debug_line    0x00002c60      0x644 ./obj/printf.o
 .debug_line    0x000032a4       0x6e ./obj/startup_MKL36Z4.o

.debug_str      0x00000000    0x4edd1
 .debug_str     0x00000000    0x4a9c8 ./obj/system_MKL36Z4.o
                              0x4ade8 (size before relaxing)
 .debug_str     0x0004a9c8      0x52c ./obj/systick.o
                              0x4b1fb (size before relaxing)
 .debug_str     0x0004aef4     0x3798 ./obj/main.o
                              0x4e7d1 (size before relaxing)
 .debug_str     0x0004e68c      0x1f1 ./obj/flash.o
                              0x4e2d6 (size before relaxing)
 .debug_str     0x0004e87d      0x165 ./obj/gpio.o
                              0x4e45e (size before relaxing)
 .debug_str     0x0004e9e2       0x29 ./obj/wdog.o
                              0x4e110 (size before relaxing)
 .debug_str     0x0004ea0b       0xa9 ./obj/spi.o
                              0x4e47d (size before relaxing)
 .debug_str     0x0004eab4       0x36 ./obj/gec.o
                              0x4e7d7 (size before relaxing)
 .debug_str     0x0004eaea       0xfe ./obj/uart.o
                              0x4e484 (size before relaxing)
 .debug_str     0x0004ebe8       0x6d ./obj/isr.o
                              0x4e829 (size before relaxing)
 .debug_str     0x0004ec55      0x156 ./obj/printf.o
                              0x4e451 (size before relaxing)
 .debug_str     0x0004edab       0x26 ./obj/startup_MKL36Z4.o
                                 0x64 (size before relaxing)

.comment        0x00000000       0x7e
 .comment       0x00000000       0x7e ./obj/system_MKL36Z4.o
                                 0x7f (size before relaxing)
 .comment       0x0000007e       0x7f ./obj/systick.o
 .comment       0x0000007e       0x7f ./obj/main.o
 .comment       0x0000007e       0x7f ./obj/flash.o
 .comment       0x0000007e       0x7f ./obj/gpio.o
 .comment       0x0000007e       0x7f ./obj/wdog.o
 .comment       0x0000007e       0x7f ./obj/spi.o
 .comment       0x0000007e       0x7f ./obj/gec.o
 .comment       0x0000007e       0x7f ./obj/uart.o
 .comment       0x0000007e       0x7f ./obj/isr.o
 .comment       0x0000007e       0x7f ./obj/printf.o

.debug_frame    0x00000000      0x954
 .debug_frame   0x00000000       0x20 ./obj/system_MKL36Z4.o
 .debug_frame   0x00000020       0x20 ./obj/systick.o
 .debug_frame   0x00000040       0x30 ./obj/main.o
 .debug_frame   0x00000070       0xf8 ./obj/flash.o
 .debug_frame   0x00000168      0x154 ./obj/gpio.o
 .debug_frame   0x000002bc       0x40 ./obj/wdog.o
 .debug_frame   0x000002fc       0xa0 ./obj/spi.o
 .debug_frame   0x0000039c       0x2c ./obj/gec.o
 .debug_frame   0x000003c8      0x134 ./obj/uart.o
 .debug_frame   0x000004fc       0xb8 ./obj/isr.o
 .debug_frame   0x000005b4      0x110 ./obj/printf.o
 .debug_frame   0x000006c4       0x20 d:/ahl-gec-ide(4.11)/gcc/bin/../lib/gcc/arm-none-eabi/7.2.1/thumb/v6-m\libgcc.a(_udivsi3.o)
 .debug_frame   0x000006e4       0x20 d:/ahl-gec-ide(4.11)/gcc/bin/../lib/gcc/arm-none-eabi/7.2.1/thumb/v6-m\libgcc.a(_divsi3.o)
 .debug_frame   0x00000704       0x2c d:/ahl-gec-ide(4.11)/gcc/bin/../lib/gcc/arm-none-eabi/7.2.1/thumb/v6-m\libgcc.a(_fixunsdfsi.o)
 .debug_frame   0x00000730       0x2c d:/ahl-gec-ide(4.11)/gcc/bin/../lib/gcc/arm-none-eabi/7.2.1/thumb/v6-m\libgcc.a(_fixunsdfdi.o)
 .debug_frame   0x0000075c       0x3c d:/ahl-gec-ide(4.11)/gcc/bin/../lib/gcc/arm-none-eabi/7.2.1/thumb/v6-m\libgcc.a(_udivmoddi4.o)
 .debug_frame   0x00000798       0x38 d:/ahl-gec-ide(4.11)/gcc/bin/../lib/gcc/arm-none-eabi/7.2.1/thumb/v6-m\libgcc.a(eqdf2.o)
 .debug_frame   0x000007d0       0x38 d:/ahl-gec-ide(4.11)/gcc/bin/../lib/gcc/arm-none-eabi/7.2.1/thumb/v6-m\libgcc.a(gedf2.o)
 .debug_frame   0x00000808       0x38 d:/ahl-gec-ide(4.11)/gcc/bin/../lib/gcc/arm-none-eabi/7.2.1/thumb/v6-m\libgcc.a(ledf2.o)
 .debug_frame   0x00000840       0x3c d:/ahl-gec-ide(4.11)/gcc/bin/../lib/gcc/arm-none-eabi/7.2.1/thumb/v6-m\libgcc.a(muldf3.o)
 .debug_frame   0x0000087c       0x3c d:/ahl-gec-ide(4.11)/gcc/bin/../lib/gcc/arm-none-eabi/7.2.1/thumb/v6-m\libgcc.a(subdf3.o)
 .debug_frame   0x000008b8       0x2c d:/ahl-gec-ide(4.11)/gcc/bin/../lib/gcc/arm-none-eabi/7.2.1/thumb/v6-m\libgcc.a(fixdfsi.o)
 .debug_frame   0x000008e4       0x28 d:/ahl-gec-ide(4.11)/gcc/bin/../lib/gcc/arm-none-eabi/7.2.1/thumb/v6-m\libgcc.a(floatunsidf.o)
 .debug_frame   0x0000090c       0x28 d:/ahl-gec-ide(4.11)/gcc/bin/../lib/gcc/arm-none-eabi/7.2.1/../../../../arm-none-eabi/lib/thumb/v6-m\libg_nano.a(lib_a-memcpy-stub.o)
 .debug_frame   0x00000934       0x20 d:/ahl-gec-ide(4.11)/gcc/bin/../lib/gcc/arm-none-eabi/7.2.1/../../../../arm-none-eabi/lib/thumb/v6-m\libg_nano.a(lib_a-memset.o)

.debug_loc      0x00000000     0x27e1
 .debug_loc     0x00000000       0x47 ./obj/systick.o
 .debug_loc     0x00000047       0x63 ./obj/main.o
 .debug_loc     0x000000aa      0x63b ./obj/flash.o
 .debug_loc     0x000006e5      0x336 ./obj/gpio.o
 .debug_loc     0x00000a1b       0x53 ./obj/wdog.o
 .debug_loc     0x00000a6e      0x3e2 ./obj/spi.o
 .debug_loc     0x00000e50       0x14 ./obj/gec.o
 .debug_loc     0x00000e64      0x58a ./obj/uart.o
 .debug_loc     0x000013ee      0x1c9 ./obj/isr.o
 .debug_loc     0x000015b7     0x122a ./obj/printf.o
